<html>
<body>
<pre>
<h1>µVision Build Log</h1>
<h2>Tool Versions:</h2>
IDE-Version: ¦ÌVision V5.24.2.0
Copyright (C) 2017 ARM Ltd and ARM Germany GmbH. All rights reserved.
License Information: A 2689405026@qq.com, A, LIC=HN0AE-5MUWY-45YT5-GJEQI-FI8FF-165I0
 
Tool Versions:
Toolchain:       MDK-ARM Plus  Version: 5.24.1
Toolchain Path:  D:\keil5\ARM\ARMCC\Bin
C Compiler:      Armcc.exe V5.06 update 5 (build 528)
Assembler:       Armasm.exe V5.06 update 5 (build 528)
Linker/Locator:  ArmLink.exe V5.06 update 5 (build 528)
Library Manager: ArmAr.exe V5.06 update 5 (build 528)
Hex Converter:   FromElf.exe V5.06 update 5 (build 528)
CPU DLL:         SARMCM3.DLL V5.24.1
Dialog DLL:      DCM.DLL V1.16.0.0
Target DLL:      STLink\ST-LINKIII-KEIL_SWO.dll V3.0.1.0
Dialog DLL:      TCM.DLL V1.32.0.0
 
<h2>Project:</h2>
D:\stm32project\Drone\DroneProject.uvprojx
Project File Date:  05/14/2026

<h2>Output:</h2>
*** Using Compiler 'V5.06 update 5 (build 528)', folder: 'D:\keil5\ARM\ARMCC\Bin'
Build target 'Drone'
compiling main.c...
.\libraries\CMSIS\Device\ST\STM32F4xx\Include\stm32f4xx.h(11581): warning:  #47-D: incompatible redefinition of macro "DBGMCU_APB2_FZ_DBG_TIM1_STOP"  (declared at line 11574)
  #define  DBGMCU_APB2_FZ_DBG_TIM1_STOP        DBGMCU_APB1_FZ_DBG_TIM1_STOP    
.\libraries\CMSIS\Device\ST\STM32F4xx\Include\stm32f4xx.h(11582): warning:  #47-D: incompatible redefinition of macro "DBGMCU_APB2_FZ_DBG_TIM8_STOP"  (declared at line 11575)
  #define  DBGMCU_APB2_FZ_DBG_TIM8_STOP        DBGMCU_APB1_FZ_DBG_TIM8_STOP
.\libraries\CMSIS\Device\ST\STM32F4xx\Include\stm32f4xx.h(11583): warning:  #47-D: incompatible redefinition of macro "DBGMCU_APB2_FZ_DBG_TIM9_STOP"  (declared at line 11576)
  #define  DBGMCU_APB2_FZ_DBG_TIM9_STOP        DBGMCU_APB1_FZ_DBG_TIM9_STOP
.\libraries\CMSIS\Device\ST\STM32F4xx\Include\stm32f4xx.h(11584): warning:  #47-D: incompatible redefinition of macro "DBGMCU_APB2_FZ_DBG_TIM10_STOP"  (declared at line 11577)
  #define  DBGMCU_APB2_FZ_DBG_TIM10_STOP       DBGMCU_APB1_FZ_DBG_TIM10_STOP
.\libraries\CMSIS\Device\ST\STM32F4xx\Include\stm32f4xx.h(11585): warning:  #47-D: incompatible redefinition of macro "DBGMCU_APB2_FZ_DBG_TIM11_STOP"  (declared at line 11578)
  #define  DBGMCU_APB2_FZ_DBG_TIM11_STOP       DBGMCU_APB1_FZ_DBG_TIM11_STOP
.\Algorithm\mahony.h(251): warning:  #1-D: last line of file ends without a newline
  #endif
user\main.c(89): warning:  #177-D: variable "ret"  was declared but never referenced
      uint8_t ret;
user\main.c: 7 warnings, 0 errors
linking...
Program Size: Code=19300 RO-data=704 RW-data=296 ZI-data=4024  
".\Objects\DroneProject.axf" - 0 Error(s), 7 Warning(s).

<h2>Software Packages used:</h2>

Package Vendor: Keil
                http://www.keil.com/pack/Keil.STM32F4xx_DFP.1.0.8.pack
                Keil.STM32F4xx_DFP.1.0.8
                STMicroelectronics STM32F4 Series Device Support, Drivers and Examples

<h2>Collection of Component include folders:</h2>
  .\RTE\_Drone
  D:\keil5\ARM\PACK\Keil\STM32F4xx_DFP\1.0.8\Device\Include

<h2>Collection of Component Files used:</h2>
Build Time Elapsed:  00:00:01
</pre>
</body>
</html>
