Component: ARM Compiler 5.06 update 5 (build 528) Tool: armlink [4d35e2]

==============================================================================

Section Cross References

    system_stm32f4xx.o(i.SystemCoreClockUpdate) refers to system_stm32f4xx.o(.data) for SystemCoreClock
    system_stm32f4xx.o(i.SystemInit) refers to system_stm32f4xx.o(i.SetSysClock) for SetSysClock
    stm32f4xx_adc.o(i.ADC_DeInit) refers to stm32f4xx_rcc.o(i.RCC_APB2PeriphResetCmd) for RCC_APB2PeriphResetCmd
    stm32f4xx_can.o(i.CAN_DeInit) refers to stm32f4xx_rcc.o(i.RCC_APB1PeriphResetCmd) for RCC_APB1PeriphResetCmd
    stm32f4xx_can.o(i.CAN_GetITStatus) refers to stm32f4xx_can.o(i.CheckITStatus) for CheckITStatus
    stm32f4xx_cryp.o(i.CRYP_DeInit) refers to stm32f4xx_rcc.o(i.RCC_AHB2PeriphResetCmd) for RCC_AHB2PeriphResetCmd
    stm32f4xx_cryp_aes.o(i.CRYP_AES_CBC) refers to stm32f4xx_cryp.o(i.CRYP_KeyStructInit) for CRYP_KeyStructInit
    stm32f4xx_cryp_aes.o(i.CRYP_AES_CBC) refers to stm32f4xx_cryp.o(i.CRYP_FIFOFlush) for CRYP_FIFOFlush
    stm32f4xx_cryp_aes.o(i.CRYP_AES_CBC) refers to stm32f4xx_cryp.o(i.CRYP_Init) for CRYP_Init
    stm32f4xx_cryp_aes.o(i.CRYP_AES_CBC) refers to stm32f4xx_cryp.o(i.CRYP_KeyInit) for CRYP_KeyInit
    stm32f4xx_cryp_aes.o(i.CRYP_AES_CBC) refers to stm32f4xx_cryp.o(i.CRYP_Cmd) for CRYP_Cmd
    stm32f4xx_cryp_aes.o(i.CRYP_AES_CBC) refers to stm32f4xx_cryp.o(i.CRYP_GetFlagStatus) for CRYP_GetFlagStatus
    stm32f4xx_cryp_aes.o(i.CRYP_AES_CBC) refers to stm32f4xx_cryp.o(i.CRYP_IVInit) for CRYP_IVInit
    stm32f4xx_cryp_aes.o(i.CRYP_AES_CBC) refers to stm32f4xx_cryp.o(i.CRYP_GetCmdStatus) for CRYP_GetCmdStatus
    stm32f4xx_cryp_aes.o(i.CRYP_AES_CBC) refers to stm32f4xx_cryp.o(i.CRYP_DataIn) for CRYP_DataIn
    stm32f4xx_cryp_aes.o(i.CRYP_AES_CBC) refers to stm32f4xx_cryp.o(i.CRYP_DataOut) for CRYP_DataOut
    stm32f4xx_cryp_aes.o(i.CRYP_AES_CCM) refers to stm32f4xx_cryp.o(i.CRYP_KeyStructInit) for CRYP_KeyStructInit
    stm32f4xx_cryp_aes.o(i.CRYP_AES_CCM) refers to stm32f4xx_cryp.o(i.CRYP_FIFOFlush) for CRYP_FIFOFlush
    stm32f4xx_cryp_aes.o(i.CRYP_AES_CCM) refers to stm32f4xx_cryp.o(i.CRYP_KeyInit) for CRYP_KeyInit
    stm32f4xx_cryp_aes.o(i.CRYP_AES_CCM) refers to stm32f4xx_cryp.o(i.CRYP_IVInit) for CRYP_IVInit
    stm32f4xx_cryp_aes.o(i.CRYP_AES_CCM) refers to stm32f4xx_cryp.o(i.CRYP_Init) for CRYP_Init
    stm32f4xx_cryp_aes.o(i.CRYP_AES_CCM) refers to stm32f4xx_cryp.o(i.CRYP_PhaseConfig) for CRYP_PhaseConfig
    stm32f4xx_cryp_aes.o(i.CRYP_AES_CCM) refers to stm32f4xx_cryp.o(i.CRYP_DataIn) for CRYP_DataIn
    stm32f4xx_cryp_aes.o(i.CRYP_AES_CCM) refers to stm32f4xx_cryp.o(i.CRYP_Cmd) for CRYP_Cmd
    stm32f4xx_cryp_aes.o(i.CRYP_AES_CCM) refers to stm32f4xx_cryp.o(i.CRYP_GetCmdStatus) for CRYP_GetCmdStatus
    stm32f4xx_cryp_aes.o(i.CRYP_AES_CCM) refers to stm32f4xx_cryp.o(i.CRYP_GetFlagStatus) for CRYP_GetFlagStatus
    stm32f4xx_cryp_aes.o(i.CRYP_AES_CCM) refers to stm32f4xx_cryp.o(i.CRYP_DataOut) for CRYP_DataOut
    stm32f4xx_cryp_aes.o(i.CRYP_AES_CTR) refers to stm32f4xx_cryp.o(i.CRYP_KeyStructInit) for CRYP_KeyStructInit
    stm32f4xx_cryp_aes.o(i.CRYP_AES_CTR) refers to stm32f4xx_cryp.o(i.CRYP_KeyInit) for CRYP_KeyInit
    stm32f4xx_cryp_aes.o(i.CRYP_AES_CTR) refers to stm32f4xx_cryp.o(i.CRYP_Init) for CRYP_Init
    stm32f4xx_cryp_aes.o(i.CRYP_AES_CTR) refers to stm32f4xx_cryp.o(i.CRYP_IVInit) for CRYP_IVInit
    stm32f4xx_cryp_aes.o(i.CRYP_AES_CTR) refers to stm32f4xx_cryp.o(i.CRYP_FIFOFlush) for CRYP_FIFOFlush
    stm32f4xx_cryp_aes.o(i.CRYP_AES_CTR) refers to stm32f4xx_cryp.o(i.CRYP_Cmd) for CRYP_Cmd
    stm32f4xx_cryp_aes.o(i.CRYP_AES_CTR) refers to stm32f4xx_cryp.o(i.CRYP_GetCmdStatus) for CRYP_GetCmdStatus
    stm32f4xx_cryp_aes.o(i.CRYP_AES_CTR) refers to stm32f4xx_cryp.o(i.CRYP_DataIn) for CRYP_DataIn
    stm32f4xx_cryp_aes.o(i.CRYP_AES_CTR) refers to stm32f4xx_cryp.o(i.CRYP_GetFlagStatus) for CRYP_GetFlagStatus
    stm32f4xx_cryp_aes.o(i.CRYP_AES_CTR) refers to stm32f4xx_cryp.o(i.CRYP_DataOut) for CRYP_DataOut
    stm32f4xx_cryp_aes.o(i.CRYP_AES_ECB) refers to stm32f4xx_cryp.o(i.CRYP_KeyStructInit) for CRYP_KeyStructInit
    stm32f4xx_cryp_aes.o(i.CRYP_AES_ECB) refers to stm32f4xx_cryp.o(i.CRYP_FIFOFlush) for CRYP_FIFOFlush
    stm32f4xx_cryp_aes.o(i.CRYP_AES_ECB) refers to stm32f4xx_cryp.o(i.CRYP_Init) for CRYP_Init
    stm32f4xx_cryp_aes.o(i.CRYP_AES_ECB) refers to stm32f4xx_cryp.o(i.CRYP_KeyInit) for CRYP_KeyInit
    stm32f4xx_cryp_aes.o(i.CRYP_AES_ECB) refers to stm32f4xx_cryp.o(i.CRYP_Cmd) for CRYP_Cmd
    stm32f4xx_cryp_aes.o(i.CRYP_AES_ECB) refers to stm32f4xx_cryp.o(i.CRYP_GetFlagStatus) for CRYP_GetFlagStatus
    stm32f4xx_cryp_aes.o(i.CRYP_AES_ECB) refers to stm32f4xx_cryp.o(i.CRYP_GetCmdStatus) for CRYP_GetCmdStatus
    stm32f4xx_cryp_aes.o(i.CRYP_AES_ECB) refers to stm32f4xx_cryp.o(i.CRYP_DataIn) for CRYP_DataIn
    stm32f4xx_cryp_aes.o(i.CRYP_AES_ECB) refers to stm32f4xx_cryp.o(i.CRYP_DataOut) for CRYP_DataOut
[...]
    I2C_GenerateSTART                        0x08003599   Thumb Code    24  stm32f4xx_i2c.o(i.I2C_GenerateSTART)
    I2C_GenerateSTOP                         0x080035b1   Thumb Code    24  stm32f4xx_i2c.o(i.I2C_GenerateSTOP)
    I2C_ITConfig                             0x080035c9   Thumb Code    18  stm32f4xx_i2c.o(i.I2C_ITConfig)
    I2C_Init                                 0x080035dd   Thumb Code   218  stm32f4xx_i2c.o(i.I2C_Init)
    I2C_ReceiveData                          0x080036c5   Thumb Code     8  stm32f4xx_i2c.o(i.I2C_ReceiveData)
    I2C_Send7bitAddress                      0x080036cd   Thumb Code    16  stm32f4xx_i2c.o(i.I2C_Send7bitAddress)
    I2C_SendData                             0x080036dd   Thumb Code     4  stm32f4xx_i2c.o(i.I2C_SendData)
    I2C_SoftwareResetCmd                     0x080036e1   Thumb Code    22  stm32f4xx_i2c.o(i.I2C_SoftwareResetCmd)
    K210_ClearData                           0x08003721   Thumb Code    22  k210_protocol.o(i.K210_ClearData)
    K210_GetData                             0x0800373d   Thumb Code     4  k210_protocol.o(i.K210_GetData)
    K210_Init                                0x08003745   Thumb Code    12  k210_protocol.o(i.K210_Init)
    K210_ParseTask                           0x08003751   Thumb Code   288  k210_protocol.o(i.K210_ParseTask)
    MPU9250_Calib_GetProgress                0x080039cd   Thumb Code     6  mpu9250_calib.o(i.MPU9250_Calib_GetProgress)
    MPU9250_Calib_GetTarget                  0x080039d9   Thumb Code     6  mpu9250_calib.o(i.MPU9250_Calib_GetTarget)
    MPU9250_Calib_Init                       0x080039e5   Thumb Code    68  mpu9250_calib.o(i.MPU9250_Calib_Init)
    MPU9250_Calib_IsDone                     0x08003a41   Thumb Code    24  mpu9250_calib.o(i.MPU9250_Calib_IsDone)
    MPU9250_Calib_IsRunning                  0x08003a61   Thumb Code    14  mpu9250_calib.o(i.MPU9250_Calib_IsRunning)
    MPU9250_Calib_Start                      0x08003a75   Thumb Code   192  mpu9250_calib.o(i.MPU9250_Calib_Start)
    MPU9250_Calib_Task                       0x08003b6d   Thumb Code   524  mpu9250_calib.o(i.MPU9250_Calib_Task)
    MPU9250_ClearDataAvailable               0x08003dad   Thumb Code     8  mpu9250.o(i.MPU9250_ClearDataAvailable)
    MPU9250_DataAvailable                    0x08003db9   Thumb Code     6  mpu9250.o(i.MPU9250_DataAvailable)
    MPU9250_GetRawData                       0x08003dc5   Thumb Code     4  mpu9250.o(i.MPU9250_GetRawData)
    MPU9250_GetScaledData                    0x08003dcd   Thumb Code   248  mpu9250_calib.o(i.MPU9250_GetScaledData)
    MPU9250_Init                             0x08003f49   Thumb Code   196  mpu9250.o(i.MPU9250_Init)
    MPU9250_IsBusy                           0x08004021   Thumb Code     6  mpu9250.o(i.MPU9250_IsBusy)
    MPU9250_ReadAccelGyroTemp_DMA            0x080040bd   Thumb Code    58  mpu9250.o(i.MPU9250_ReadAccelGyroTemp_DMA)
    MPU9250_ReadWhoAmI                       0x08004117   Thumb Code    22  mpu9250.o(i.MPU9250_ReadWhoAmI)
    MemManage_Handler                        0x08004151   Thumb Code     4  stm32f4xx_it.o(i.MemManage_Handler)
    NMI_Handler                              0x08004155   Thumb Code     2  stm32f4xx_it.o(i.NMI_Handler)
    NVIC_Init                                0x08004159   Thumb Code   106  misc.o(i.NVIC_Init)
    NVIC_PriorityGroupConfig                 0x080041d1   Thumb Code    10  misc.o(i.NVIC_PriorityGroupConfig)
    PendSV_Handler                           0x080041e5   Thumb Code     2  stm32f4xx_it.o(i.PendSV_Handler)
    RCC_AHB1PeriphClockCmd                   0x080041e9   Thumb Code    26  stm32f4xx_rcc.o(i.RCC_AHB1PeriphClockCmd)
    RCC_APB1PeriphClockCmd                   0x08004209   Thumb Code    26  stm32f4xx_rcc.o(i.RCC_APB1PeriphClockCmd)
    RCC_APB1PeriphResetCmd                   0x08004229   Thumb Code    26  stm32f4xx_rcc.o(i.RCC_APB1PeriphResetCmd)
    RCC_APB2PeriphClockCmd                   0x08004249   Thumb Code    26  stm32f4xx_rcc.o(i.RCC_APB2PeriphClockCmd)
    RCC_GetClocksFreq                        0x08004269   Thumb Code   214  stm32f4xx_rcc.o(i.RCC_GetClocksFreq)
    SVC_Handler                              0x08004351   Thumb Code     2  stm32f4xx_it.o(i.SVC_Handler)
    SysTick_Handler                          0x08004651   Thumb Code    12  stm32f4xx_it.o(i.SysTick_Handler)
    SystemInit                               0x08004661   Thumb Code    88  system_stm32f4xx.o(i.SystemInit)
    UART1_GetChar                            0x080046c9   Thumb Code    82  bsp_uart.o(i.UART1_GetChar)
    UART1_Init                               0x08004721   Thumb Code   374  bsp_uart.o(i.UART1_Init)
    UART1_RX_IdleCallback                    0x080048ad   Thumb Code    80  bsp_uart.o(i.UART1_RX_IdleCallback)
    UART1_SendData_NonBlocking               0x08004905   Thumb Code   102  bsp_uart.o(i.UART1_SendData_NonBlocking)
    UART1_TX_DMACallback                     0x0800497d   Thumb Code    52  bsp_uart.o(i.UART1_TX_DMACallback)
    UART2_GetChar                            0x08004a75   Thumb Code    82  bsp_uart.o(i.UART2_GetChar)
    UART2_Init                               0x08004acd   Thumb Code   390  bsp_uart.o(i.UART2_Init)
    UART2_RX_IdleCallback                    0x08004c71   Thumb Code    98  bsp_uart.o(i.UART2_RX_IdleCallback)
    UART2_TX_DMACallback                     0x08004ce1   Thumb Code    52  bsp_uart.o(i.UART2_TX_DMACallback)
    USART1_IRQHandler                        0x08004de9   Thumb Code    98  stm32f4xx_it.o(i.USART1_IRQHandler)
    USART2_IRQHandler                        0x08004e5d   Thumb Code    80  stm32f4xx_it.o(i.USART2_IRQHandler)
    USART_Cmd                                0x08004eb9   Thumb Code    24  stm32f4xx_usart.o(i.USART_Cmd)
    USART_DMACmd                             0x08004ed1   Thumb Code    18  stm32f4xx_usart.o(i.USART_DMACmd)
    USART_GetITStatus                        0x08004ee3   Thumb Code    84  stm32f4xx_usart.o(i.USART_GetITStatus)
    USART_ITConfig                           0x08004f37   Thumb Code    74  stm32f4xx_usart.o(i.USART_ITConfig)
    USART_Init                               0x08004f81   Thumb Code   204  stm32f4xx_usart.o(i.USART_Init)
    UsageFault_Handler                       0x08005055   Thumb Code     4  stm32f4xx_it.o(i.UsageFault_Handler)
    VL53L1_ClearInterruptAndStartMeasurement 0x08005059   Thumb Code    22  vl53l1_api.o(i.VL53L1_ClearInterruptAndStartMeasurement)
    VL53L1_CommsInitialise                   0x0800506f   Thumb Code    34  vl53l1_platform.o(i.VL53L1_CommsInitialise)
    VL53L1_DataInit                          0x08005091   Thumb Code    62  vl53l1_api.o(i.VL53L1_DataInit)
    VL53L1_GetInterMeasurementPeriodMilliSeconds 0x080050ed   Thumb Code    44  vl53l1_api.o(i.VL53L1_GetInterMeasurementPeriodMilliSeconds)
    VL53L1_GetLimitCheckEnable               0x08005119   Thumb Code    28  vl53l1_api.o(i.VL53L1_GetLimitCheckEnable)
    VL53L1_GetLimitCheckValue                0x08005135   Thumb Code   116  vl53l1_api.o(i.VL53L1_GetLimitCheckValue)
    VL53L1_GetMeasurementDataReady           0x080051a9   Thumb Code    22  vl53l1_api.o(i.VL53L1_GetMeasurementDataReady)
    VL53L1_GetMeasurementTimingBudgetMicroSeconds 0x080051bf   Thumb Code   244  vl53l1_api.o(i.VL53L1_GetMeasurementTimingBudgetMicroSeconds)
    VL53L1_GetRangingMeasurementData         0x080052b3   Thumb Code    68  vl53l1_api.o(i.VL53L1_GetRangingMeasurementData)
    VL53L1_GetSequenceStepEnable             0x080052f7   Thumb Code    30  vl53l1_api.o(i.VL53L1_GetSequenceStepEnable)
    VL53L1_RdByte                            0x08005455   Thumb Code    22  vl53l1_platform.o(i.VL53L1_RdByte)
    VL53L1_RdWord                            0x0800546b   Thumb Code    50  vl53l1_platform.o(i.VL53L1_RdWord)
    VL53L1_ReadMulti                         0x0800549d   Thumb Code   250  vl53l1_platform.o(i.VL53L1_ReadMulti)
    VL53L1_SetDistanceMode                   0x080055a5   Thumb Code   132  vl53l1_api.o(i.VL53L1_SetDistanceMode)
    VL53L1_SetInterMeasurementPeriodMilliSeconds 0x08005629   Thumb Code    40  vl53l1_api.o(i.VL53L1_SetInterMeasurementPeriodMilliSeconds)
    VL53L1_SetLimitCheckEnable               0x08005651   Thumb Code    72  vl53l1_api.o(i.VL53L1_SetLimitCheckEnable)
    VL53L1_SetMeasurementTimingBudgetMicroSeconds 0x08005699   Thumb Code   300  vl53l1_api.o(i.VL53L1_SetMeasurementTimingBudgetMicroSeconds)
    VL53L1_SetPresetMode                     0x080057cd   Thumb Code    96  vl53l1_api.o(i.VL53L1_SetPresetMode)
    VL53L1_StartMeasurement                  0x0800582d   Thumb Code   170  vl53l1_api.o(i.VL53L1_StartMeasurement)
    VL53L1_StaticInit                        0x080058d7   Thumb Code    36  vl53l1_api.o(i.VL53L1_StaticInit)
    VL53L1_WaitDeviceBooted                  0x080058fb   Thumb Code    22  vl53l1_api.o(i.VL53L1_WaitDeviceBooted)
    VL53L1_WaitMs                            0x08005955   Thumb Code    36  vl53l1_platform.o(i.VL53L1_WaitMs)
    VL53L1_WaitUs                            0x08005979   Thumb Code    38  vl53l1_platform.o(i.VL53L1_WaitUs)
    VL53L1_WaitValueMaskEx                   0x0800599f   Thumb Code   108  vl53l1_platform.o(i.VL53L1_WaitValueMaskEx)
    VL53L1_WrByte                            0x08005a0b   Thumb Code    20  vl53l1_platform.o(i.VL53L1_WrByte)
    VL53L1_WriteMulti                        0x08005a21   Thumb Code   184  vl53l1_platform.o(i.VL53L1_WriteMulti)
    VL53L1_calc_decoded_timeout_us           0x08005ae5   Thumb Code    32  vl53l1_core.o(i.VL53L1_calc_decoded_timeout_us)
    VL53L1_calc_encoded_timeout              0x08005b05   Thumb Code    32  vl53l1_core.o(i.VL53L1_calc_encoded_timeout)
    VL53L1_calc_macro_period_us              0x08005b25   Thumb Code    50  vl53l1_core.o(i.VL53L1_calc_macro_period_us)
    VL53L1_calc_pll_period_us                0x08005b57   Thumb Code    14  vl53l1_core_support.o(i.VL53L1_calc_pll_period_us)
    VL53L1_calc_range_ignore_threshold       0x08005b65   Thumb Code   104  vl53l1_core.o(i.VL53L1_calc_range_ignore_threshold)
    VL53L1_calc_timeout_mclks                0x08005bcd   Thumb Code    16  vl53l1_core.o(i.VL53L1_calc_timeout_mclks)
    VL53L1_calc_timeout_register_values      0x08005bdd   Thumb Code   150  vl53l1_core.o(i.VL53L1_calc_timeout_register_values)
    VL53L1_calc_timeout_us                   0x08005c73   Thumb Code    38  vl53l1_core.o(i.VL53L1_calc_timeout_us)
    VL53L1_check_ll_driver_rd_state          0x08005c99   Thumb Code   104  vl53l1_core.o(i.VL53L1_check_ll_driver_rd_state)
    VL53L1_clear_interrupt_and_enable_next_range 0x08005d01   Thumb Code    26  vl53l1_api_core.o(i.VL53L1_clear_interrupt_and_enable_next_range)
    VL53L1_config_low_power_auto_mode        0x08005d1b   Thumb Code    20  vl53l1_core.o(i.VL53L1_config_low_power_auto_mode)
    VL53L1_copy_rtn_good_spads_to_buffer     0x08005d2f   Thumb Code   134  vl53l1_core.o(i.VL53L1_copy_rtn_good_spads_to_buffer)
    VL53L1_copy_sys_and_core_results_to_range_results 0x08005db5   Thumb Code   486  vl53l1_api_core.o(i.VL53L1_copy_sys_and_core_results_to_range_results)
    VL53L1_data_init                         0x08005f9b   Thumb Code   198  vl53l1_api_core.o(i.VL53L1_data_init)
    VL53L1_decode_row_col                    0x08006061   Thumb Code    46  vl53l1_core_support.o(i.VL53L1_decode_row_col)
    VL53L1_decode_timeout                    0x0800608f   Thumb Code    14  vl53l1_core.o(i.VL53L1_decode_timeout)
    VL53L1_decode_vcsel_period               0x0800609d   Thumb Code    12  vl53l1_core_support.o(i.VL53L1_decode_vcsel_period)
    VL53L1_decode_zone_size                  0x080060a9   Thumb Code    12  vl53l1_core.o(i.VL53L1_decode_zone_size)
    VL53L1_enable_powerforce                 0x080060b5   Thumb Code    20  vl53l1_core.o(i.VL53L1_enable_powerforce)
    VL53L1_encode_row_col                    0x080060c9   Thumb Code    34  vl53l1_core.o(i.VL53L1_encode_row_col)
    VL53L1_encode_timeout                    0x080060eb   Thumb Code    40  vl53l1_core.o(i.VL53L1_encode_timeout)
    VL53L1_encode_zone_size                  0x08006113   Thumb Code     8  vl53l1_core.o(i.VL53L1_encode_zone_size)
    VL53L1_get_customer_nvm_managed          0x0800611b   Thumb Code    46  vl53l1_register_funcs.o(i.VL53L1_get_customer_nvm_managed)
    VL53L1_get_device_results                0x08006149   Thumb Code   148  vl53l1_api_core.o(i.VL53L1_get_device_results)
    VL53L1_get_inter_measurement_period_ms   0x080061dd   Thumb Code    44  vl53l1_api_core.o(i.VL53L1_get_inter_measurement_period_ms)
    VL53L1_get_lite_min_count_rate           0x08006209   Thumb Code    18  vl53l1_api_core.o(i.VL53L1_get_lite_min_count_rate)
    VL53L1_get_lite_sigma_threshold          0x0800621b   Thumb Code    18  vl53l1_api_core.o(i.VL53L1_get_lite_sigma_threshold)
    VL53L1_get_measurement_results           0x0800622d   Thumb Code   178  vl53l1_api_core.o(i.VL53L1_get_measurement_results)
    VL53L1_get_mode_mitigation_roi           0x080062df   Thumb Code    66  vl53l1_api_core.o(i.VL53L1_get_mode_mitigation_roi)
    VL53L1_get_nvm_copy_data                 0x08006321   Thumb Code    48  vl53l1_register_funcs.o(i.VL53L1_get_nvm_copy_data)
    VL53L1_get_preset_mode_timing_cfg        0x08006351   Thumb Code   202  vl53l1_api_core.o(i.VL53L1_get_preset_mode_timing_cfg)
    VL53L1_get_sequence_config_bit           0x0800641b   Thumb Code    52  vl53l1_api_core.o(i.VL53L1_get_sequence_config_bit)
    VL53L1_get_static_nvm_managed            0x0800644f   Thumb Code    42  vl53l1_register_funcs.o(i.VL53L1_get_static_nvm_managed)
    VL53L1_get_timeouts_us                   0x08006479   Thumb Code   152  vl53l1_api_core.o(i.VL53L1_get_timeouts_us)
    VL53L1_get_tuning_parm                   0x08006511   Thumb Code   606  vl53l1_api_core.o(i.VL53L1_get_tuning_parm)
    VL53L1_get_user_zone                     0x0800676f   Thumb Code    46  vl53l1_api_core.o(i.VL53L1_get_user_zone)
    VL53L1_i2c_decode_core_results           0x0800679d   Thumb Code   128  vl53l1_register_funcs.o(i.VL53L1_i2c_decode_core_results)
    VL53L1_i2c_decode_customer_nvm_managed   0x0800681d   Thumb Code   164  vl53l1_register_funcs.o(i.VL53L1_i2c_decode_customer_nvm_managed)
    VL53L1_i2c_decode_debug_results          0x080068c1   Thumb Code   394  vl53l1_register_funcs.o(i.VL53L1_i2c_decode_debug_results)
    VL53L1_i2c_decode_int16_t                0x08006a4b   Thumb Code    38  vl53l1_core.o(i.VL53L1_i2c_decode_int16_t)
    VL53L1_i2c_decode_int32_t                0x08006a71   Thumb Code    36  vl53l1_core.o(i.VL53L1_i2c_decode_int32_t)
    VL53L1_i2c_decode_nvm_copy_data          0x08006a95   Thumb Code   322  vl53l1_register_funcs.o(i.VL53L1_i2c_decode_nvm_copy_data)
    VL53L1_i2c_decode_static_nvm_managed     0x08006bd7   Thumb Code    98  vl53l1_register_funcs.o(i.VL53L1_i2c_decode_static_nvm_managed)
    VL53L1_i2c_decode_system_results         0x08006c39   Thumb Code   292  vl53l1_register_funcs.o(i.VL53L1_i2c_decode_system_results)
    VL53L1_i2c_decode_uint16_t               0x08006d5d   Thumb Code    30  vl53l1_core.o(i.VL53L1_i2c_decode_uint16_t)
    VL53L1_i2c_decode_uint32_t               0x08006d7b   Thumb Code    28  vl53l1_core.o(i.VL53L1_i2c_decode_uint32_t)
    VL53L1_i2c_encode_customer_nvm_managed   0x08006d97   Thumb Code   172  vl53l1_register_funcs.o(i.VL53L1_i2c_encode_customer_nvm_managed)
    VL53L1_i2c_encode_dynamic_config         0x08006e43   Thumb Code   140  vl53l1_register_funcs.o(i.VL53L1_i2c_encode_dynamic_config)
    VL53L1_i2c_encode_general_config         0x08006ecf   Thumb Code   146  vl53l1_register_funcs.o(i.VL53L1_i2c_encode_general_config)
    VL53L1_i2c_encode_int16_t                0x08006f61   Thumb Code    32  vl53l1_core.o(i.VL53L1_i2c_encode_int16_t)
    VL53L1_i2c_encode_static_config          0x08006f81   Thumb Code   230  vl53l1_register_funcs.o(i.VL53L1_i2c_encode_static_config)
    VL53L1_i2c_encode_static_nvm_managed     0x08007067   Thumb Code    98  vl53l1_register_funcs.o(i.VL53L1_i2c_encode_static_nvm_managed)
    VL53L1_i2c_encode_system_control         0x080070c9   Thumb Code    56  vl53l1_register_funcs.o(i.VL53L1_i2c_encode_system_control)
    VL53L1_i2c_encode_timing_config          0x08007101   Thumb Code   144  vl53l1_register_funcs.o(i.VL53L1_i2c_encode_timing_config)
    VL53L1_i2c_encode_uint16_t               0x08007191   Thumb Code    32  vl53l1_core.o(i.VL53L1_i2c_encode_uint16_t)
    VL53L1_i2c_encode_uint32_t               0x080071b1   Thumb Code    32  vl53l1_core.o(i.VL53L1_i2c_encode_uint32_t)
    VL53L1_init_and_start_range              0x080071d1   Thumb Code   628  vl53l1_api_core.o(i.VL53L1_init_and_start_range)
    VL53L1_init_ll_driver_state              0x08007445   Thumb Code    38  vl53l1_core.o(i.VL53L1_init_ll_driver_state)
    VL53L1_init_offset_cal_config_struct     0x0800746b   Thumb Code    38  vl53l1_api_preset_modes.o(i.VL53L1_init_offset_cal_config_struct)
    VL53L1_init_refspadchar_config_struct    0x08007491   Thumb Code    34  vl53l1_api_preset_modes.o(i.VL53L1_init_refspadchar_config_struct)
    VL53L1_init_ssc_config_struct            0x080074b3   Thumb Code    32  vl53l1_api_preset_modes.o(i.VL53L1_init_ssc_config_struct)
    VL53L1_init_tuning_parm_storage_struct   0x080074d3   Thumb Code   166  vl53l1_api_preset_modes.o(i.VL53L1_init_tuning_parm_storage_struct)
    VL53L1_init_version                      0x08007579   Thumb Code    28  vl53l1_core.o(i.VL53L1_init_version)
    VL53L1_init_xtalk_config_struct          0x08007595   Thumb Code   102  vl53l1_api_preset_modes.o(i.VL53L1_init_xtalk_config_struct)
    VL53L1_is_new_data_ready                 0x080075fb   Thumb Code    84  vl53l1_wait.o(i.VL53L1_is_new_data_ready)
    VL53L1_low_power_auto_data_init          0x0800764f   Thumb Code    52  vl53l1_core.o(i.VL53L1_low_power_auto_data_init)
    VL53L1_low_power_auto_setup_manual_calibration 0x08007683   Thumb Code    98  vl53l1_core.o(i.VL53L1_low_power_auto_setup_manual_calibration)
    VL53L1_poll_for_boot_completion          0x080076e5   Thumb Code    56  vl53l1_wait.o(i.VL53L1_poll_for_boot_completion)
    VL53L1_preset_mode_low_power_auto_long_ranging 0x0800771d   Thumb Code    60  vl53l1_api_preset_modes.o(i.VL53L1_preset_mode_low_power_auto_long_ranging)
    VL53L1_preset_mode_low_power_auto_ranging 0x08007759   Thumb Code    60  vl53l1_api_preset_modes.o(i.VL53L1_preset_mode_low_power_auto_ranging)
    VL53L1_preset_mode_low_power_auto_short_ranging 0x08007795   Thumb Code    60  vl53l1_api_preset_modes.o(i.VL53L1_preset_mode_low_power_auto_short_ranging)
    VL53L1_preset_mode_olt                   0x080077d1   Thumb Code    48  vl53l1_api_preset_modes.o(i.VL53L1_preset_mode_olt)
    VL53L1_preset_mode_singleshot_ranging    0x08007801   Thumb Code    78  vl53l1_api_preset_modes.o(i.VL53L1_preset_mode_singleshot_ranging)
    VL53L1_preset_mode_standard_ranging      0x0800784f   Thumb Code   314  vl53l1_api_preset_modes.o(i.VL53L1_preset_mode_standard_ranging)
    VL53L1_preset_mode_standard_ranging_long_range 0x08007989   Thumb Code    84  vl53l1_api_preset_modes.o(i.VL53L1_preset_mode_standard_ranging_long_range)
    VL53L1_preset_mode_standard_ranging_mm1_cal 0x080079dd   Thumb Code    52  vl53l1_api_preset_modes.o(i.VL53L1_preset_mode_standard_ranging_mm1_cal)
    VL53L1_preset_mode_standard_ranging_mm2_cal 0x08007a11   Thumb Code    52  vl53l1_api_preset_modes.o(i.VL53L1_preset_mode_standard_ranging_mm2_cal)
    VL53L1_preset_mode_standard_ranging_short_range 0x08007a45   Thumb Code    84  vl53l1_api_preset_modes.o(i.VL53L1_preset_mode_standard_ranging_short_range)
    VL53L1_preset_mode_timed_ranging         0x08007a99   Thumb Code    84  vl53l1_api_preset_modes.o(i.VL53L1_preset_mode_timed_ranging)
    VL53L1_preset_mode_timed_ranging_long_range 0x08007aed   Thumb Code    84  vl53l1_api_preset_modes.o(i.VL53L1_preset_mode_timed_ranging_long_range)
    VL53L1_preset_mode_timed_ranging_short_range 0x08007b41   Thumb Code    86  vl53l1_api_preset_modes.o(i.VL53L1_preset_mode_timed_ranging_short_range)
    VL53L1_read_p2p_data                     0x08007b97   Thumb Code   156  vl53l1_api_core.o(i.VL53L1_read_p2p_data)
    VL53L1_set_inter_measurement_period_ms   0x08007c33   Thumb Code    42  vl53l1_api_core.o(i.VL53L1_set_inter_measurement_period_ms)
    VL53L1_set_lite_min_count_rate           0x08007c5d   Thumb Code    16  vl53l1_api_core.o(i.VL53L1_set_lite_min_count_rate)
    VL53L1_set_lite_sigma_threshold          0x08007c6d   Thumb Code    16  vl53l1_api_core.o(i.VL53L1_set_lite_sigma_threshold)
    VL53L1_set_powerforce_register           0x08007c7d   Thumb Code    36  vl53l1_core.o(i.VL53L1_set_powerforce_register)
    VL53L1_set_preset_mode                   0x08007ca1   Thumb Code   474  vl53l1_api_core.o(i.VL53L1_set_preset_mode)
    VL53L1_set_timeouts_us                   0x08007e7b   Thumb Code    80  vl53l1_api_core.o(i.VL53L1_set_timeouts_us)
    VL53L1_set_user_zone                     0x08007ecb   Thumb Code    42  vl53l1_api_core.o(i.VL53L1_set_user_zone)
    VL53L1_set_vhv_loopbound                 0x08007ef5   Thumb Code    32  vl53l1_api_core.o(i.VL53L1_set_vhv_loopbound)
    VL53L1_update_ll_driver_cfg_state        0x08007f15   Thumb Code   130  vl53l1_core.o(i.VL53L1_update_ll_driver_cfg_state)
    VL53L1_update_ll_driver_rd_state         0x08007f97   Thumb Code   172  vl53l1_core.o(i.VL53L1_update_ll_driver_rd_state)
    __ARM_fpclassify                         0x08008043   Thumb Code    48  fpclassify.o(i.__ARM_fpclassify)
    __hardfp_pow                             0x08008079   Thumb Code  3072  pow.o(i.__hardfp_pow)
    __kernel_poly                            0x08008cc9   Thumb Code   248  poly.o(i.__kernel_poly)
    __mathlib_dbl_divzero                    0x08008dc1   Thumb Code    28  dunder.o(i.__mathlib_dbl_divzero)
    __mathlib_dbl_infnan2                    0x08008df1   Thumb Code    20  dunder.o(i.__mathlib_dbl_infnan2)
    __mathlib_dbl_invalid                    0x08008e09   Thumb Code    24  dunder.o(i.__mathlib_dbl_invalid)
    __mathlib_dbl_overflow                   0x08008e29   Thumb Code    24  dunder.o(i.__mathlib_dbl_overflow)
    __mathlib_dbl_underflow                  0x08008e49   Thumb Code    24  dunder.o(i.__mathlib_dbl_underflow)
    _is_digit                                0x08008e69   Thumb Code    14  __printf_wp.o(i._is_digit)
    fabs                                     0x08008e77   Thumb Code    24  fabs.o(i.fabs)
    led_init                                 0x08008e91   Thumb Code    48  bsp_led.o(i.led_init)
    main                                     0x08008ec5   Thumb Code   224  main.o(i.main)
    scheduler_register                       0x08009019   Thumb Code    64  task_scheduler.o(i.scheduler_register)
    scheduler_run                            0x08009061   Thumb Code    64  task_scheduler.o(i.scheduler_run)
    sqrt                                     0x080090a9   Thumb Code   110  sqrt.o(i.sqrt)
    task_bmp280_print                        0x08009119   Thumb Code   156  app_bmp280_task.o(i.task_bmp280_print)
    task_bmp280_read                         0x080091fd   Thumb Code    28  app_bmp280_task.o(i.task_bmp280_read)
    task_debug_print                         0x08009221   Thumb Code   130  main.o(i.task_debug_print)
    task_echo1                               0x080092dd   Thumb Code    24  main.o(i.task_echo1)
    task_echo2                               0x080092f5   Thumb Code     8  main.o(i.task_echo2)
    task_led_blink                           0x080092fd   Thumb Code    14  bsp_led.o(i.task_led_blink)
    _get_lc_numeric                          0x08009311   Thumb Code    44  lc_numeric_c.o(locale$$code)
    __aeabi_dneg                             0x0800933d   Thumb Code     0  basic.o(x$fpl$basic)
    _dneg                                    0x0800933d   Thumb Code     6  basic.o(x$fpl$basic)
    __aeabi_fneg                             0x08009343   Thumb Code     0  basic.o(x$fpl$basic)
    _fneg                                    0x08009343   Thumb Code     6  basic.o(x$fpl$basic)
    _dabs                                    0x08009349   Thumb Code     6  basic.o(x$fpl$basic)
    _fabs                                    0x0800934f   Thumb Code     6  basic.o(x$fpl$basic)
    __aeabi_d2f                              0x08009355   Thumb Code     0  d2f.o(x$fpl$d2f)
    _d2f                                     0x08009355   Thumb Code    98  d2f.o(x$fpl$d2f)
    __aeabi_dadd                             0x080093b9   Thumb Code     0  daddsub_clz.o(x$fpl$dadd)
    _dadd                                    0x080093b9   Thumb Code   332  daddsub_clz.o(x$fpl$dadd)
    __fpl_dcheck_NaN1                        0x08009509   Thumb Code    10  dcheck1.o(x$fpl$dcheck1)
    __fpl_dcmp_Inf                           0x08009519   Thumb Code    24  dcmpi.o(x$fpl$dcmpinf)
    __aeabi_ddiv                             0x08009531   Thumb Code     0  ddiv.o(x$fpl$ddiv)
    _ddiv                                    0x08009531   Thumb Code   552  ddiv.o(x$fpl$ddiv)
    __aeabi_i2d                              0x080097e1   Thumb Code     0  dflt_clz.o(x$fpl$dflt)
    _dflt                                    0x080097e1   Thumb Code    46  dflt_clz.o(x$fpl$dflt)
    __aeabi_cdcmple                          0x08009811   Thumb Code     0  dleqf.o(x$fpl$dleqf)
    _dcmple                                  0x08009811   Thumb Code   120  dleqf.o(x$fpl$dleqf)
    __fpl_dcmple_InfNaN                      0x08009873   Thumb Code     0  dleqf.o(x$fpl$dleqf)
    __aeabi_dmul                             0x08009889   Thumb Code     0  dmul.o(x$fpl$dmul)
    _dmul                                    0x08009889   Thumb Code   332  dmul.o(x$fpl$dmul)
    __fpl_dnaninf                            0x080099dd   Thumb Code   156  dnaninf.o(x$fpl$dnaninf)
    __fpl_dretinf                            0x08009a79   Thumb Code    12  dretinf.o(x$fpl$dretinf)
    __aeabi_cdrcmple                         0x08009a85   Thumb Code     0  drleqf.o(x$fpl$drleqf)
    _drcmple                                 0x08009a85   Thumb Code   108  drleqf.o(x$fpl$drleqf)
    __aeabi_drsub                            0x08009af1   Thumb Code     0  daddsub_clz.o(x$fpl$drsb)
    _drsb                                    0x08009af1   Thumb Code    22  daddsub_clz.o(x$fpl$drsb)
    _dsqrt                                   0x08009b09   Thumb Code   404  dsqrt_umaal.o(x$fpl$dsqrt)
    __aeabi_dsub                             0x08009ca1   Thumb Code     0  daddsub_clz.o(x$fpl$dsub)
    _dsub                                    0x08009ca1   Thumb Code   464  daddsub_clz.o(x$fpl$dsub)
    __aeabi_f2d                              0x08009e75   Thumb Code     0  f2d.o(x$fpl$f2d)
    _f2d                                     0x08009e75   Thumb Code    86  f2d.o(x$fpl$f2d)
    __fpl_fnaninf                            0x08009ecb   Thumb Code   140  fnaninf.o(x$fpl$fnaninf)
    _fp_init                                 0x08009f57   Thumb Code    10  fpinit.o(x$fpl$fpinit)
    __fplib_config_fpu_vfp                   0x08009f5f   Thumb Code     0  fpinit.o(x$fpl$fpinit)
    __fplib_config_pureend_doubles           0x08009f5f   Thumb Code     0  fpinit.o(x$fpl$fpinit)
    __fpl_fretinf                            0x08009f61   Thumb Code    10  fretinf.o(x$fpl$fretinf)
    _printf_fp_dec                           0x08009f6b   Thumb Code     4  printf1.o(x$fpl$printf1)
    __fpl_return_NaN                         0x08009f6f   Thumb Code   100  retnan.o(x$fpl$retnan)
    __ARM_scalbn                             0x08009fd3   Thumb Code    92  scalbn.o(x$fpl$scalbn)
    __fpl_cmpreturn                          0x0800a02f   Thumb Code    48  trapv.o(x$fpl$trapveneer)
    __I$use$fp                               0x0800a05e   Number         0  usenofp.o(x$fpl$usenofp)
    __mathlib_zero                           0x0800a120   Data           8  qnan.o(.constdata)
    Region$$Table$$Base                      0x0800a200   Number         0  anon$$obj.o(Region$$Table)
    Region$$Table$$Limit                     0x0800a220   Number         0  anon$$obj.o(Region$$Table)
    SystemCoreClock                          0x20000000   Data           4  system_stm32f4xx.o(.data)
    AHBPrescTable                            0x20000004   Data          16  system_stm32f4xx.o(.data)
    sys_tick                                 0x20000024   Data           4  bsp_timer.o(.data)
    echo_task1                               0x20000028   Data          12  main.o(.data)
    echo_task2                               0x20000034   Data          12  main.o(.data)
    task_led                                 0x20000040   Data          12  main.o(.data)
    task_debug                               0x2000004c   Data          12  main.o(.data)
    uart2_rx_pos                             0x200000dc   Data           2  bsp_uart.o(.data)
    uart1_dma_rx_buf                         0x20000886   Data         256  bsp_uart.o(.bss)
    uart2_dma_rx_buf                         0x20000c8c   Data         256  bsp_uart.o(.bss)
    __libspace_start                         0x20000e6c   Data          96  libspace.o(.bss)
    __temporary_stack_top$libspace           0x20000ecc   Data           0  libspace.o(.bss)



==============================================================================

Memory Map of the image

  Image Entry point : 0x08000189

  Load Region LR_IROM1 (Base: 0x08000000, Size: 0x0000a3b0, Max: 0x00100000, ABSOLUTE, COMPRESSED[0x0000a2b4])

    Execution Region ER_IROM1 (Exec base: 0x08000000, Load base: 0x08000000, Size: 0x0000a23c, Max: 0x00100000, ABSOLUTE)

    Exec Addr    Load Addr    Size         Type   Attr      Idx    E Section Name        Object

    0x08000000   0x08000000   0x00000188   Data   RO         5156    RESET               startup_stm32f40xx.o
    0x08000188   0x08000188   0x00000008   Code   RO         8748  * !!!main             c_w.l(__main.o)
    0x08000190   0x08000190   0x00000034   Code   RO         9136    !!!scatter          c_w.l(__scatter.o)
    0x080001c4   0x080001c4   0x0000005a   Code   RO         9134    !!dczerorl2         c_w.l(__dczerorl2.o)
    0x0800021e   0x0800021e   0x00000002   PAD
    0x08000220   0x08000220   0x0000001c   Code   RO         9138    !!handler_zi        c_w.l(__scatter_zi.o)
    0x0800023c   0x0800023c   0x00000000   Code   RO         8731    .ARM.Collect$$_printf_percent$$00000000  c_w.l(_printf_percent.o)
    0x0800023c   0x0800023c   0x00000006   Code   RO         8730    .ARM.Collect$$_printf_percent$$00000003  c_w.l(_printf_f.o)
    0x08000242   0x08000242   0x00000006   Code   RO         8728    .ARM.Collect$$_printf_percent$$00000009  c_w.l(_printf_d.o)
    0x08000248   0x08000248   0x00000006   Code   RO         8729    .ARM.Collect$$_printf_percent$$0000000A  c_w.l(_printf_u.o)
    0x0800024e   0x0800024e   0x00000006   Code   RO         8727    .ARM.Collect$$_printf_percent$$0000000C  c_w.l(_printf_x.o)
    0x08000254   0x08000254   0x00000006   Code   RO         8726    .ARM.Collect$$_printf_percent$$00000014  c_w.l(_printf_s.o)
    0x0800025a   0x0800025a   0x00000004   Code   RO         8835    .ARM.Collect$$_printf_percent$$00000017  c_w.l(_printf_percent_end.o)
    0x0800025e   0x0800025e   0x00000002   Code   RO         8997    .ARM.Collect$$libinit$$00000000  c_w.l(libinit.o)
    0x08000260   0x08000260   0x00000004   Code   RO         8998    .ARM.Collect$$libinit$$00000001  c_w.l(libinit2.o)
    0x08000264   0x08000264   0x00000000   Code   RO         9001    .ARM.Collect$$libinit$$00000004  c_w.l(libinit2.o)
    0x08000264   0x08000264   0x00000000   Code   RO         9004    .ARM.Collect$$libinit$$0000000A  c_w.l(libinit2.o)
    0x08000264   0x08000264   0x00000000   Code   RO         9006    .ARM.Collect$$libinit$$0000000C  c_w.l(libinit2.o)
    0x08000264   0x08000264   0x00000000   Code   RO         9008    .ARM.Collect$$libinit$$0000000E  c_w.l(libinit2.o)
    0x08000264   0x08000264   0x00000006   Code   RO         9009    .ARM.Collect$$libinit$$0000000F  c_w.l(libinit2.o)
    0x0800026a   0x0800026a   0x00000000   Code   RO         9011    .ARM.Collect$$libinit$$00000011  c_w.l(libinit2.o)
    0x0800026a   0x0800026a   0x00000000   Code   RO         9013    .ARM.Collect$$libinit$$00000013  c_w.l(libinit2.o)
    0x0800026a   0x0800026a   0x00000000   Code   RO         9015    .ARM.Collect$$libinit$$00000015  c_w.l(libinit2.o)
    0x0800026a   0x0800026a   0x0000000a   Code   RO         9016    .ARM.Collect$$libinit$$00000016  c_w.l(libinit2.o)
    0x08000274   0x08000274   0x00000000   Code   RO         9017    .ARM.Collect$$libinit$$00000017  c_w.l(libinit2.o)
    0x08000274   0x08000274   0x00000000   Code   RO         9019    .ARM.Collect$$libinit$$00000019  c_w.l(libinit2.o)
    0x08000274   0x08000274   0x00000000   Code   RO         9021    .ARM.Collect$$libinit$$0000001B  c_w.l(libinit2.o)
    0x08000274   0x08000274   0x00000000   Code   RO         9023    .ARM.Collect$$libinit$$0000001D  c_w.l(libinit2.o)
    0x08000274   0x08000274   0x00000000   Code   RO         9025    .ARM.Collect$$libinit$$0000001F  c_w.l(libinit2.o)
    0x08000274   0x08000274   0x00000000   Code   RO         9027    .ARM.Collect$$libinit$$00000021  c_w.l(libinit2.o)
    0x08000274   0x08000274   0x00000000   Code   RO         9029    .ARM.Collect$$libinit$$00000023  c_w.l(libinit2.o)
    0x08000274   0x08000274   0x00000000   Code   RO         9031    .ARM.Collect$$libinit$$00000025  c_w.l(libinit2.o)
    0x08000274   0x08000274   0x00000000   Code   RO         9035    .ARM.Collect$$libinit$$0000002C  c_w.l(libinit2.o)
    0x08000274   0x08000274   0x00000000   Code   RO         9037    .ARM.Collect$$libinit$$0000002E  c_w.l(libinit2.o)
    0x08000274   0x08000274   0x00000000   Code   RO         9039    .ARM.Collect$$libinit$$00000030  c_w.l(libinit2.o)
    0x08000274   0x08000274   0x00000000   Code   RO         9041    .ARM.Collect$$libinit$$00000032  c_w.l(libinit2.o)
    0x08000274   0x08000274   0x00000002   Code   RO         9042    .ARM.Collect$$libinit$$00000033  c_w.l(libinit2.o)
    0x08000276   0x08000276   0x00000002   Code   RO         9092    .ARM.Collect$$libshutdown$$00000000  c_w.l(libshutdown.o)
    0x08000278   0x08000278   0x00000000   Code   RO         9103    .ARM.Collect$$libshutdown$$00000002  c_w.l(libshutdown2.o)
    0x08000278   0x08000278   0x00000000   Code   RO         9105    .ARM.Collect$$libshutdown$$00000004  c_w.l(libshutdown2.o)
    0x08000278   0x08000278   0x00000000   Code   RO         9108    .ARM.Collect$$libshutdown$$00000007  c_w.l(libshutdown2.o)
    0x08000278   0x08000278   0x00000000   Code   RO         9111    .ARM.Collect$$libshutdown$$0000000A  c_w.l(libshutdown2.o)
    0x08000278   0x08000278   0x00000000   Code   RO         9113    .ARM.Collect$$libshutdown$$0000000C  c_w.l(libshutdown2.o)
    0x08000278   0x08000278   0x00000000   Code   RO         9116    .ARM.Collect$$libshutdown$$0000000F  c_w.l(libshutdown2.o)
    0x08000278   0x08000278   0x00000002   Code   RO         9117    .ARM.Collect$$libshutdown$$00000010  c_w.l(libshutdown2.o)
    0x0800027a   0x0800027a   0x00000000   Code   RO         8818    .ARM.Collect$$rtentry$$00000000  c_w.l(__rtentry.o)
    0x0800027a   0x0800027a   0x00000000   Code   RO         8911    .ARM.Collect$$rtentry$$00000002  c_w.l(__rtentry2.o)
    0x0800027a   0x0800027a   0x00000006   Code   RO         8923    .ARM.Collect$$rtentry$$00000004  c_w.l(__rtentry4.o)
    0x08000280   0x08000280   0x00000000   Code   RO         8913    .ARM.Collect$$rtentry$$00000009  c_w.l(__rtentry2.o)
    0x08000280   0x08000280   0x00000004   Code   RO         8914    .ARM.Collect$$rtentry$$0000000A  c_w.l(__rtentry2.o)
    0x08000284   0x08000284   0x00000000   Code   RO         8916    .ARM.Collect$$rtentry$$0000000C  c_w.l(__rtentry2.o)
    0x08000284   0x08000284   0x00000008   Code   RO         8917    .ARM.Collect$$rtentry$$0000000D  c_w.l(__rtentry2.o)
    0x0800028c   0x0800028c   0x00000002   Code   RO         9047    .ARM.Collect$$rtexit$$00000000  c_w.l(rtexit.o)
    0x0800028e   0x0800028e   0x00000000   Code   RO         9060    .ARM.Collect$$rtexit$$00000002  c_w.l(rtexit2.o)
    0x0800028e   0x0800028e   0x00000004   Code   RO         9061    .ARM.Collect$$rtexit$$00000003  c_w.l(rtexit2.o)
    0x08000292   0x08000292   0x00000006   Code   RO         9062    .ARM.Collect$$rtexit$$00000004  c_w.l(rtexit2.o)
    0x08000298   0x08000298   0x00000040   Code   RO         5157    .text               startup_stm32f40xx.o
    0x080002d8   0x080002d8   0x00000048   Code   RO         8671    .text               c_w.l(llsdiv.o)
    0x08000320   0x08000320   0x00000034   Code   RO         8675    .text               c_w.l(noretval__2snprintf.o)
    0x08000354   0x08000354   0x0000004e   Code   RO         8679    .text               c_w.l(_printf_pad.o)
    0x080003a2   0x080003a2   0x00000052   Code   RO         8681    .text               c_w.l(_printf_str.o)
    0x080003f4   0x080003f4   0x00000078   Code   RO         8683    .text               c_w.l(_printf_dec.o)
    0x0800046c   0x0800046c   0x00000058   Code   RO         8688    .text               c_w.l(_printf_hex_int.o)
    0x080004c4   0x080004c4   0x00000188   Code   RO         8723    .text               c_w.l(__printf_flags_ss_wp.o)
    0x0800064c   0x0800064c   0x0000003e   Code   RO         8732    .text               c_w.l(strlen.o)
    0x0800068a   0x0800068a   0x00000064   Code   RO         8736    .text               c_w.l(rt_memcpy_w.o)
    0x080006ee   0x080006ee   0x00000010   Code   RO         8738    .text               c_w.l(aeabi_memset.o)
    0x080006fe   0x080006fe   0x00000044   Code   RO         8740    .text               c_w.l(rt_memclr.o)
    0x08000742   0x08000742   0x0000004e   Code   RO         8742    .text               c_w.l(rt_memclr_w.o)
    0x08000790   0x08000790   0x00000006   Code   RO         8746    .text               c_w.l(heapauxi.o)
    0x08000796   0x08000796   0x000000ee   Code   RO         8819    .text               c_w.l(lludivv7m.o)
    0x08000884   0x08000884   0x00000016   Code   RO         8821    .text               c_w.l(_rserrno.o)
    0x0800089a   0x0800089a   0x000000b2   Code   RO         8823    .text               c_w.l(_printf_intcommon.o)
    0x0800094c   0x0800094c   0x0000041e   Code   RO         8825    .text               c_w.l(_printf_fp_dec.o)
    0x08000d6a   0x08000d6a   0x00000002   PAD
    0x08000d6c   0x08000d6c   0x00000030   Code   RO         8827    .text               c_w.l(_printf_char_common.o)
    0x08000d9c   0x08000d9c   0x0000000a   Code   RO         8829    .text               c_w.l(_sputc.o)
    0x08000da6   0x08000da6   0x00000010   Code   RO         8831    .text               c_w.l(_snputc.o)
    0x08000db6   0x08000db6   0x0000002c   Code   RO         8833    .text               c_w.l(_printf_char.o)
    0x08000de2   0x08000de2   0x00000002   PAD
    0x08000de4   0x08000de4   0x00000008   Code   RO         8932    .text               c_w.l(rt_locale_intlibspace.o)
    0x08000dec   0x08000dec   0x00000008   Code   RO         8937    .text               c_w.l(rt_errno_addr_intlibspace.o)
    0x08000df4   0x08000df4   0x0000008a   Code   RO         8939    .text               c_w.l(lludiv10.o)
    0x08000e7e   0x08000e7e   0x00000002   PAD
    0x08000e80   0x08000e80   0x00000080   Code   RO         8941    .text               c_w.l(_printf_fp_infnan.o)
    0x08000f00   0x08000f00   0x000000e4   Code   RO         8945    .text               c_w.l(bigflt0.o)
    0x08000fe4   0x08000fe4   0x00000008   Code   RO         8981    .text               c_w.l(libspace.o)
    0x08000fec   0x08000fec   0x0000004a   Code   RO         8984    .text               c_w.l(sys_stackheap_outer.o)
    0x08001036   0x08001036   0x00000012   Code   RO         8988    .text               c_w.l(exit.o)
    0x08001048   0x08001048   0x00000080   Code   RO         8990    .text               c_w.l(strcmpv7m.o)
    0x080010c8   0x080010c8   0x0000000c   Code   RO         9078    .text               c_w.l(sys_exit.o)
    0x080010d4   0x080010d4   0x00000002   Code   RO         9095    .text               c_w.l(use_no_semi.o)
    0x080010d6   0x080010d6   0x00000000   Code   RO         9097    .text               c_w.l(indicate_semi.o)
    0x080010d6   0x080010d6   0x0000003e   Code   RO         8948    CL$$btod_d2e        c_w.l(btod.o)
    0x08001114   0x08001114   0x00000046   Code   RO         8950    CL$$btod_d2e_denorm_low  c_w.l(btod.o)
    0x0800115a   0x0800115a   0x00000060   Code   RO         8949    CL$$btod_d2e_norm_op1  c_w.l(btod.o)
    0x080011ba   0x080011ba   0x00000338   Code   RO         8958    CL$$btod_div_common  c_w.l(btod.o)
    0x080014f2   0x080014f2   0x000000dc   Code   RO         8955    CL$$btod_e2e        c_w.l(btod.o)
    0x080015ce   0x080015ce   0x0000002a   Code   RO         8952    CL$$btod_ediv       c_w.l(btod.o)
    0x080015f8   0x080015f8   0x0000002a   Code   RO         8951    CL$$btod_emul       c_w.l(btod.o)
    0x08001622   0x08001622   0x00000244   Code   RO         8957    CL$$btod_mult_common  c_w.l(btod.o)
    0x08001866   0x08001866   0x00000002   PAD
    0x08001868   0x08001868   0x000000a0   Code   RO         5577    i.App_BMP280_Init   app_bmp280_task.o
    0x08001908   0x08001908   0x00000018   Code   RO         5578    i.App_BMP280_RegisterTasks  app_bmp280_task.o
    0x08001920   0x08001920   0x00000044   Code   RO         5510    i.App_MPU9250_InitAndCalibrate  app_mpu_task.o
    0x08001964   0x08001964   0x0000002c   Code   RO         5512    i.App_MPU9250_RegisterTasks  app_mpu_task.o
    0x08001990   0x08001990   0x00000008   Code   RO         5514    i.App_Task_I2C_Timeout  app_mpu_task.o
    0x08001998   0x08001998   0x00000008   Code   RO         5515    i.App_Task_MPU9250_Calib  app_mpu_task.o
    0x080019a0   0x080019a0   0x0000001a   Code   RO         5516    i.App_Task_MPU9250_DMA_Read  app_mpu_task.o
    0x080019ba   0x080019ba   0x00000002   PAD
    0x080019bc   0x080019bc   0x00000198   Code   RO         5517    i.App_Task_MPU9250_DebugPrint  app_mpu_task.o
    0x08001b54   0x08001b54   0x000001a4   Code   RO         5626    i.App_VL53L1_Init   app_vl53l1x_task.o
    0x08001cf8   0x08001cf8   0x00000098   Code   RO         5627    i.App_VL53L1_Precheck  app_vl53l1x_task.o
    0x08001d90   0x08001d90   0x00000048   Code   RO         5628    i.App_VL53L1_PrintError  app_vl53l1x_task.o
    0x08001dd8   0x08001dd8   0x00000070   Code   RO         5629    i.App_VL53L1_PrintTask  app_vl53l1x_task.o
    0x08001e48   0x08001e48   0x0000006c   Code   RO         5630    i.App_VL53L1_RangingTask  app_vl53l1x_task.o
    0x08001eb4   0x08001eb4   0x00000018   Code   RO         5631    i.App_VL53L1_RegisterTasks  app_vl53l1x_task.o
    0x08001ecc   0x08001ecc   0x000001d4   Code   RO         6304    i.BMP280_CompensatePressureInt64  bmp280.o
    0x080020a0   0x080020a0   0x0000004c   Code   RO         6305    i.BMP280_CompensateTemperatureInt32  bmp280.o
    0x080020ec   0x080020ec   0x000000bc   Code   RO         6306    i.BMP280_ComputeAltitude  bmp280.o
    0x080021a8   0x080021a8   0x0000004a   Code   RO         6307    i.BMP280_Config     bmp280.o
    0x080021f2   0x080021f2   0x00000002   PAD
    0x080021f4   0x080021f4   0x00000090   Code   RO         6310    i.BMP280_Detect     bmp280.o
    0x08002284   0x08002284   0x0000000c   Code   RO         6311    i.BMP280_GetAddress  bmp280.o
    0x08002290   0x08002290   0x0000000c   Code   RO         6313    i.BMP280_GetChipId  bmp280.o
    0x0800229c   0x0800229c   0x0000008c   Code   RO         6316    i.BMP280_Init       bmp280.o
    0x08002328   0x08002328   0x000000b4   Code   RO         6318    i.BMP280_ReadCalibration  bmp280.o
    0x080023dc   0x080023dc   0x000000c0   Code   RO         6319    i.BMP280_ReadData   bmp280.o
    0x0800249c   0x0800249c   0x0000005c   Code   RO         6320    i.BMP280_ReadRaw    bmp280.o
    0x080024f8   0x080024f8   0x00000018   Code   RO         6321    i.BMP280_ReadReg    bmp280.o
    0x08002510   0x08002510   0x0000001c   Code   RO         6322    i.BMP280_ReadRegs   bmp280.o
    0x0800252c   0x0800252c   0x0000000e   Code   RO         6323    i.BMP280_S16_LE     bmp280.o
    0x0800253a   0x0800253a   0x00000012   Code   RO         6325    i.BMP280_SimpleDelay  bmp280.o
    0x0800254c   0x0800254c   0x0000000c   Code   RO         6326    i.BMP280_U16_LE     bmp280.o
    0x08002558   0x08002558   0x00000018   Code   RO         6327    i.BMP280_WriteReg   bmp280.o
    0x08002570   0x08002570   0x00000004   Code   RO         5323    i.BusFault_Handler  stm32f4xx_it.o
    0x08002574   0x08002574   0x00000074   Code   RO         6839    i.ComputeDevicePresetMode  vl53l1_api.o
    0x080025e8   0x080025e8   0x000000a0   Code   RO         6840    i.ComputeRQL        vl53l1_api.o
    0x08002688   0x08002688   0x00000048   Code   RO         6843    i.ConvertStatusLite  vl53l1_api.o
    0x080026d0   0x080026d0   0x00000008   Code   RO         5324    i.DMA1_Stream0_IRQHandler  stm32f4xx_it.o
    0x080026d8   0x080026d8   0x00000024   Code   RO         5325    i.DMA1_Stream6_IRQHandler  stm32f4xx_it.o
    0x080026fc   0x080026fc   0x00000008   Code   RO         5326    i.DMA1_Stream7_IRQHandler  stm32f4xx_it.o
    0x08002704   0x08002704   0x00000024   Code   RO         5327    i.DMA2_Stream7_IRQHandler  stm32f4xx_it.o
    0x08002728   0x08002728   0x00000034   Code   RO         1225    i.DMA_ClearFlag     stm32f4xx_dma.o
    0x0800275c   0x0800275c   0x00000034   Code   RO         1226    i.DMA_ClearITPendingBit  stm32f4xx_dma.o
    0x08002790   0x08002790   0x00000016   Code   RO         1227    i.DMA_Cmd           stm32f4xx_dma.o
    0x080027a6   0x080027a6   0x00000002   PAD
    0x080027a8   0x080027a8   0x00000158   Code   RO         1228    i.DMA_DeInit        stm32f4xx_dma.o
    0x08002900   0x08002900   0x00000014   Code   RO         1232    i.DMA_GetCmdStatus  stm32f4xx_dma.o
    0x08002914   0x08002914   0x00000008   Code   RO         1233    i.DMA_GetCurrDataCounter  stm32f4xx_dma.o
    0x0800291c   0x0800291c   0x00000064   Code   RO         1237    i.DMA_GetITStatus   stm32f4xx_dma.o
    0x08002980   0x08002980   0x0000003a   Code   RO         1238    i.DMA_ITConfig      stm32f4xx_dma.o
    0x080029ba   0x080029ba   0x00000002   PAD
    0x080029bc   0x080029bc   0x00000058   Code   RO         1239    i.DMA_Init          stm32f4xx_dma.o
    0x08002a14   0x08002a14   0x00000022   Code   RO         1243    i.DMA_StructInit    stm32f4xx_dma.o
    0x08002a36   0x08002a36   0x00000020   Code   RO         5864    i.DMA_WaitDisable   bsp_i2c.o
    0x08002a56   0x08002a56   0x00000002   Code   RO         5328    i.DebugMon_Handler  stm32f4xx_it.o
    0x08002a58   0x08002a58   0x00000090   Code   RO         2027    i.GPIO_Init         stm32f4xx_gpio.o
    0x08002ae8   0x08002ae8   0x00000046   Code   RO         2028    i.GPIO_PinAFConfig  stm32f4xx_gpio.o
    0x08002b2e   0x08002b2e   0x00000008   Code   RO         2037    i.GPIO_ToggleBits   stm32f4xx_gpio.o
    0x08002b36   0x08002b36   0x00000002   PAD
    0x08002b38   0x08002b38   0x0000000c   Code   RO         5197    i.GetTick           bsp_timer.o
    0x08002b44   0x08002b44   0x00000004   Code   RO         5329    i.HardFault_Handler  stm32f4xx_it.o
    0x08002b48   0x08002b48   0x00000020   Code   RO         5865    i.I2C1_Abort        bsp_i2c.o
    0x08002b68   0x08002b68   0x000000a0   Code   RO         5866    i.I2C1_BeginAsync   bsp_i2c.o
    0x08002c08   0x08002c08   0x00000080   Code   RO         5867    i.I2C1_ConfigRxDMA  bsp_i2c.o
    0x08002c88   0x08002c88   0x00000080   Code   RO         5868    i.I2C1_ConfigTxDMA  bsp_i2c.o
    0x08002d08   0x08002d08   0x00000020   Code   RO         5869    i.I2C1_DMA_ClearFlags  bsp_i2c.o
    0x08002d28   0x08002d28   0x0000008c   Code   RO         5870    i.I2C1_DMA_RX_ISR   bsp_i2c.o
    0x08002db4   0x08002db4   0x00000088   Code   RO         5871    i.I2C1_DMA_TX_ISR   bsp_i2c.o
    0x08002e3c   0x08002e3c   0x00000008   Code   RO         5330    i.I2C1_ER_IRQHandler  stm32f4xx_it.o
    0x08002e44   0x08002e44   0x00000028   Code   RO         5872    i.I2C1_ER_ISR       bsp_i2c.o
    0x08002e6c   0x08002e6c   0x00000008   Code   RO         5331    i.I2C1_EV_IRQHandler  stm32f4xx_it.o
    0x08002e74   0x08002e74   0x000001c0   Code   RO         5873    i.I2C1_EV_ISR       bsp_i2c.o
    0x08003034   0x08003034   0x00000044   Code   RO         5874    i.I2C1_Finish       bsp_i2c.o
    0x08003078   0x08003078   0x00000150   Code   RO         5875    i.I2C1_Init         bsp_i2c.o
    0x080031c8   0x080031c8   0x00000014   Code   RO         5876    i.I2C1_IsBusy       bsp_i2c.o
    0x080031dc   0x080031dc   0x00000016   Code   RO         5877    i.I2C1_ReadByte     bsp_i2c.o
    0x080031f2   0x080031f2   0x00000002   PAD
    0x080031f4   0x080031f4   0x000000e4   Code   RO         5878    i.I2C1_ReadBytes    bsp_i2c.o
    0x080032d8   0x080032d8   0x00000026   Code   RO         5879    i.I2C1_ReadBytes_DMA_Async  bsp_i2c.o
    0x080032fe   0x080032fe   0x00000002   PAD
    0x08003300   0x08003300   0x0000009c   Code   RO         5881    i.I2C1_StopAndResetPeripheral  bsp_i2c.o
    0x0800339c   0x0800339c   0x00000024   Code   RO         5882    i.I2C1_Task         bsp_i2c.o
    0x080033c0   0x080033c0   0x00000014   Code   RO         5883    i.I2C1_WriteByte    bsp_i2c.o
    0x080033d4   0x080033d4   0x00000094   Code   RO         5884    i.I2C1_WriteBytes   bsp_i2c.o
    0x08003468   0x08003468   0x00000018   Code   RO         2315    i.I2C_AcknowledgeConfig  stm32f4xx_i2c.o
    0x08003480   0x08003480   0x0000003e   Code   RO         2318    i.I2C_CheckEvent    stm32f4xx_i2c.o
    0x080034be   0x080034be   0x00000002   PAD
    0x080034c0   0x080034c0   0x00000024   Code   RO         5886    i.I2C_ClearErrorAndStop_Blocking  bsp_i2c.o
    0x080034e4   0x080034e4   0x0000000c   Code   RO         2320    i.I2C_ClearITPendingBit  stm32f4xx_i2c.o
    0x080034f0   0x080034f0   0x00000018   Code   RO         2321    i.I2C_Cmd           stm32f4xx_i2c.o
    0x08003508   0x08003508   0x00000018   Code   RO         2322    i.I2C_DMACmd        stm32f4xx_i2c.o
    0x08003520   0x08003520   0x00000018   Code   RO         2323    i.I2C_DMALastTransferCmd  stm32f4xx_i2c.o
    0x08003538   0x08003538   0x00000060   Code   RO         2324    i.I2C_DeInit        stm32f4xx_i2c.o
    0x08003598   0x08003598   0x00000018   Code   RO         2329    i.I2C_GenerateSTART  stm32f4xx_i2c.o
    0x080035b0   0x080035b0   0x00000018   Code   RO         2330    i.I2C_GenerateSTOP  stm32f4xx_i2c.o
    0x080035c8   0x080035c8   0x00000012   Code   RO         2335    i.I2C_ITConfig      stm32f4xx_i2c.o
    0x080035da   0x080035da   0x00000002   PAD
    0x080035dc   0x080035dc   0x000000e8   Code   RO         2336    i.I2C_Init          stm32f4xx_i2c.o
    0x080036c4   0x080036c4   0x00000008   Code   RO         2341    i.I2C_ReceiveData   stm32f4xx_i2c.o
    0x080036cc   0x080036cc   0x00000010   Code   RO         2343    i.I2C_Send7bitAddress  stm32f4xx_i2c.o
    0x080036dc   0x080036dc   0x00000004   Code   RO         2344    i.I2C_SendData      stm32f4xx_i2c.o
    0x080036e0   0x080036e0   0x00000016   Code   RO         2345    i.I2C_SoftwareResetCmd  stm32f4xx_i2c.o
    0x080036f6   0x080036f6   0x00000002   PAD
    0x080036f8   0x080036f8   0x00000028   Code   RO         5887    i.I2C_WaitEvent     bsp_i2c.o
    0x08003720   0x08003720   0x0000001c   Code   RO         6089    i.K210_ClearData    k210_protocol.o
    0x0800373c   0x0800373c   0x00000008   Code   RO         6090    i.K210_GetData      k210_protocol.o
    0x08003744   0x08003744   0x0000000c   Code   RO         6094    i.K210_Init         k210_protocol.o
    0x08003750   0x08003750   0x00000138   Code   RO         6096    i.K210_ParseTask    k210_protocol.o
    0x08003888   0x08003888   0x00000064   Code   RO         6097    i.K210_ProcessFrame  k210_protocol.o
    0x080038ec   0x080038ec   0x0000000e   Code   RO         6099    i.K210_ReadInt16LE  k210_protocol.o
    0x080038fa   0x080038fa   0x00000002   PAD
    0x080038fc   0x080038fc   0x0000003c   Code   RO         6100    i.K210_ResetParser  k210_protocol.o
    0x08003938   0x08003938   0x00000034   Code   RO         6101    i.K210_UpdateTimeout  k210_protocol.o
    0x0800396c   0x0800396c   0x00000040   Code   RO         6464    i.MPU9250_AccelLsbPerG  mpu9250_calib.o
    0x080039ac   0x080039ac   0x00000020   Code   RO         6465    i.MPU9250_Calib_DmaCallback  mpu9250_calib.o
    0x080039cc   0x080039cc   0x0000000c   Code   RO         6467    i.MPU9250_Calib_GetProgress  mpu9250_calib.o
    0x080039d8   0x080039d8   0x0000000c   Code   RO         6468    i.MPU9250_Calib_GetTarget  mpu9250_calib.o
    0x080039e4   0x080039e4   0x0000005c   Code   RO         6469    i.MPU9250_Calib_Init  mpu9250_calib.o
    0x08003a40   0x08003a40   0x00000020   Code   RO         6470    i.MPU9250_Calib_IsDone  mpu9250_calib.o
    0x08003a60   0x08003a60   0x00000014   Code   RO         6471    i.MPU9250_Calib_IsRunning  mpu9250_calib.o
    0x08003a74   0x08003a74   0x000000f8   Code   RO         6474    i.MPU9250_Calib_Start  mpu9250_calib.o
    0x08003b6c   0x08003b6c   0x00000240   Code   RO         6475    i.MPU9250_Calib_Task  mpu9250_calib.o
    0x08003dac   0x08003dac   0x0000000c   Code   RO         6178    i.MPU9250_ClearDataAvailable  mpu9250.o
    0x08003db8   0x08003db8   0x0000000c   Code   RO         6179    i.MPU9250_DataAvailable  mpu9250.o
    0x08003dc4   0x08003dc4   0x00000008   Code   RO         6180    i.MPU9250_GetRawData  mpu9250.o
    0x08003dcc   0x08003dcc   0x000000fc   Code   RO         6476    i.MPU9250_GetScaledData  mpu9250_calib.o
    0x08003ec8   0x08003ec8   0x00000040   Code   RO         6477    i.MPU9250_GyroLsbPerDps  mpu9250_calib.o
    0x08003f08   0x08003f08   0x00000040   Code   RO         6181    i.MPU9250_I2C_DataCallback  mpu9250.o
    0x08003f48   0x08003f48   0x000000d8   Code   RO         6183    i.MPU9250_Init      mpu9250.o
    0x08004020   0x08004020   0x0000000c   Code   RO         6184    i.MPU9250_IsBusy    mpu9250.o
    0x0800402c   0x0800402c   0x00000090   Code   RO         6185    i.MPU9250_ParseFrame  mpu9250.o
    0x080040bc   0x080040bc   0x0000004c   Code   RO         6188    i.MPU9250_ReadAccelGyroTemp_DMA  mpu9250.o
    0x08004108   0x08004108   0x0000000e   Code   RO         6190    i.MPU9250_ReadInt16BE  mpu9250.o
    0x08004116   0x08004116   0x00000016   Code   RO         6192    i.MPU9250_ReadWhoAmI  mpu9250.o
    0x0800412c   0x0800412c   0x00000012   Code   RO         6194    i.MPU9250_SimpleDelay  mpu9250.o
    0x0800413e   0x0800413e   0x00000012   Code   RO         6195    i.MPU9250_WriteReg  mpu9250.o
    0x08004150   0x08004150   0x00000004   Code   RO         5332    i.MemManage_Handler  stm32f4xx_it.o
    0x08004154   0x08004154   0x00000002   Code   RO         5333    i.NMI_Handler       stm32f4xx_it.o
    0x08004156   0x08004156   0x00000002   PAD
    0x08004158   0x08004158   0x00000078   Code   RO          148    i.NVIC_Init         misc.o
    0x080041d0   0x080041d0   0x00000014   Code   RO          149    i.NVIC_PriorityGroupConfig  misc.o
    0x080041e4   0x080041e4   0x00000002   Code   RO         5334    i.PendSV_Handler    stm32f4xx_it.o
    0x080041e6   0x080041e6   0x00000002   PAD
    0x080041e8   0x080041e8   0x00000020   Code   RO         2953    i.RCC_AHB1PeriphClockCmd  stm32f4xx_rcc.o
    0x08004208   0x08004208   0x00000020   Code   RO         2962    i.RCC_APB1PeriphClockCmd  stm32f4xx_rcc.o
    0x08004228   0x08004228   0x00000020   Code   RO         2964    i.RCC_APB1PeriphResetCmd  stm32f4xx_rcc.o
    0x08004248   0x08004248   0x00000020   Code   RO         2965    i.RCC_APB2PeriphClockCmd  stm32f4xx_rcc.o
    0x08004268   0x08004268   0x000000e8   Code   RO         2974    i.RCC_GetClocksFreq  stm32f4xx_rcc.o
    0x08004350   0x08004350   0x00000002   Code   RO         5335    i.SVC_Handler       stm32f4xx_it.o
    0x08004352   0x08004352   0x00000040   Code   RO         6844    i.SetLimitValue     vl53l1_api.o
    0x08004392   0x08004392   0x0000007c   Code   RO         6845    i.SetPresetMode     vl53l1_api.o
    0x0800440e   0x0800440e   0x00000002   PAD
    0x08004410   0x08004410   0x00000154   Code   RO         6846    i.SetSimpleData     vl53l1_api.o
    0x08004564   0x08004564   0x000000ec   Code   RO            4    i.SetSysClock       system_stm32f4xx.o
    0x08004650   0x08004650   0x00000010   Code   RO         5336    i.SysTick_Handler   stm32f4xx_it.o
    0x08004660   0x08004660   0x00000068   Code   RO            6    i.SystemInit        system_stm32f4xx.o
    0x080046c8   0x080046c8   0x00000058   Code   RO         5755    i.UART1_GetChar     bsp_uart.o
    0x08004720   0x08004720   0x0000018c   Code   RO         5756    i.UART1_Init        bsp_uart.o
    0x080048ac   0x080048ac   0x00000058   Code   RO         5757    i.UART1_RX_IdleCallback  bsp_uart.o
    0x08004904   0x08004904   0x00000078   Code   RO         5758    i.UART1_SendData_NonBlocking  bsp_uart.o
    0x0800497c   0x0800497c   0x00000044   Code   RO         5759    i.UART1_TX_DMACallback  bsp_uart.o
    0x080049c0   0x080049c0   0x000000b4   Code   RO         5760    i.UART1_TxStart     bsp_uart.o
    0x08004a74   0x08004a74   0x00000058   Code   RO         5762    i.UART2_GetChar     bsp_uart.o
    0x08004acc   0x08004acc   0x000001a4   Code   RO         5763    i.UART2_Init        bsp_uart.o
    0x08004c70   0x08004c70   0x00000070   Code   RO         5764    i.UART2_RX_IdleCallback  bsp_uart.o
    0x08004ce0   0x08004ce0   0x00000044   Code   RO         5766    i.UART2_TX_DMACallback  bsp_uart.o
    0x08004d24   0x08004d24   0x000000c4   Code   RO         5767    i.UART2_TxStart     bsp_uart.o
    0x08004de8   0x08004de8   0x00000074   Code   RO         5337    i.USART1_IRQHandler  stm32f4xx_it.o
    0x08004e5c   0x08004e5c   0x0000005c   Code   RO         5338    i.USART2_IRQHandler  stm32f4xx_it.o
    0x08004eb8   0x08004eb8   0x00000018   Code   RO         4903    i.USART_Cmd         stm32f4xx_usart.o
    0x08004ed0   0x08004ed0   0x00000012   Code   RO         4904    i.USART_DMACmd      stm32f4xx_usart.o
    0x08004ee2   0x08004ee2   0x00000054   Code   RO         4907    i.USART_GetITStatus  stm32f4xx_usart.o
    0x08004f36   0x08004f36   0x0000004a   Code   RO         4909    i.USART_ITConfig    stm32f4xx_usart.o
    0x08004f80   0x08004f80   0x000000d4   Code   RO         4910    i.USART_Init        stm32f4xx_usart.o
    0x08005054   0x08005054   0x00000004   Code   RO         5339    i.UsageFault_Handler  stm32f4xx_it.o
    0x08005058   0x08005058   0x00000016   Code   RO         6848    i.VL53L1_ClearInterruptAndStartMeasurement  vl53l1_api.o
    0x0800506e   0x0800506e   0x00000022   Code   RO         8466    i.VL53L1_CommsInitialise  vl53l1_platform.o
    0x08005090   0x08005090   0x0000003e   Code   RO         6849    i.VL53L1_DataInit   vl53l1_api.o
    0x080050ce   0x080050ce   0x0000001e   Code   RO         8467    i.VL53L1_Get7BitAddr  vl53l1_platform.o
    0x080050ec   0x080050ec   0x0000002c   Code   RO         6853    i.VL53L1_GetInterMeasurementPeriodMilliSeconds  vl53l1_api.o
    0x08005118   0x08005118   0x0000001c   Code   RO         6856    i.VL53L1_GetLimitCheckEnable  vl53l1_api.o
    0x08005134   0x08005134   0x00000074   Code   RO         6859    i.VL53L1_GetLimitCheckValue  vl53l1_api.o
    0x080051a8   0x080051a8   0x00000016   Code   RO         6860    i.VL53L1_GetMeasurementDataReady  vl53l1_api.o
    0x080051be   0x080051be   0x000000f4   Code   RO         6861    i.VL53L1_GetMeasurementTimingBudgetMicroSeconds  vl53l1_api.o
    0x080052b2   0x080052b2   0x00000044   Code   RO         6871    i.VL53L1_GetRangingMeasurementData  vl53l1_api.o
    0x080052f6   0x080052f6   0x0000001e   Code   RO         6872    i.VL53L1_GetSequenceStepEnable  vl53l1_api.o
    0x08005314   0x08005314   0x00000024   Code   RO         8479    i.VL53L1_I2C_StopAndClear  vl53l1_platform.o
    0x08005338   0x08005338   0x0000011c   Code   RO         6880    i.VL53L1_LoadPatch  vl53l1_api.o
    0x08005454   0x08005454   0x00000016   Code   RO         8480    i.VL53L1_RdByte     vl53l1_platform.o
    0x0800546a   0x0800546a   0x00000032   Code   RO         8482    i.VL53L1_RdWord     vl53l1_platform.o
    0x0800549c   0x0800549c   0x00000108   Code   RO         8483    i.VL53L1_ReadMulti  vl53l1_platform.o
    0x080055a4   0x080055a4   0x00000084   Code   RO         6887    i.VL53L1_SetDistanceMode  vl53l1_api.o
    0x08005628   0x08005628   0x00000028   Code   RO         6888    i.VL53L1_SetInterMeasurementPeriodMilliSeconds  vl53l1_api.o
    0x08005650   0x08005650   0x00000048   Code   RO         6890    i.VL53L1_SetLimitCheckEnable  vl53l1_api.o
    0x08005698   0x08005698   0x00000134   Code   RO         6892    i.VL53L1_SetMeasurementTimingBudgetMicroSeconds  vl53l1_api.o
    0x080057cc   0x080057cc   0x00000060   Code   RO         6893    i.VL53L1_SetPresetMode  vl53l1_api.o
    0x0800582c   0x0800582c   0x000000aa   Code   RO         6899    i.VL53L1_StartMeasurement  vl53l1_api.o
    0x080058d6   0x080058d6   0x00000024   Code   RO         6900    i.VL53L1_StaticInit  vl53l1_api.o
    0x080058fa   0x080058fa   0x00000016   Code   RO         6903    i.VL53L1_WaitDeviceBooted  vl53l1_api.o
    0x08005910   0x08005910   0x00000044   Code   RO         8484    i.VL53L1_WaitEvent  vl53l1_platform.o
    0x08005954   0x08005954   0x00000024   Code   RO         8485    i.VL53L1_WaitMs     vl53l1_platform.o
    0x08005978   0x08005978   0x00000026   Code   RO         8486    i.VL53L1_WaitUs     vl53l1_platform.o
    0x0800599e   0x0800599e   0x0000006c   Code   RO         8487    i.VL53L1_WaitValueMaskEx  vl53l1_platform.o
    0x08005a0a   0x08005a0a   0x00000014   Code   RO         8488    i.VL53L1_WrByte     vl53l1_platform.o
    0x08005a1e   0x08005a1e   0x00000002   PAD
    0x08005a20   0x08005a20   0x000000c4   Code   RO         8491    i.VL53L1_WriteMulti  vl53l1_platform.o
    0x08005ae4   0x08005ae4   0x00000020   Code   RO         7845    i.VL53L1_calc_decoded_timeout_us  vl53l1_core.o
    0x08005b04   0x08005b04   0x00000020   Code   RO         7846    i.VL53L1_calc_encoded_timeout  vl53l1_core.o
    0x08005b24   0x08005b24   0x00000032   Code   RO         7847    i.VL53L1_calc_macro_period_us  vl53l1_core.o
    0x08005b56   0x08005b56   0x0000000e   Code   RO         8192    i.VL53L1_calc_pll_period_us  vl53l1_core_support.o
    0x08005b64   0x08005b64   0x00000068   Code   RO         7849    i.VL53L1_calc_range_ignore_threshold  vl53l1_core.o
    0x08005bcc   0x08005bcc   0x00000010   Code   RO         7850    i.VL53L1_calc_timeout_mclks  vl53l1_core.o
    0x08005bdc   0x08005bdc   0x00000096   Code   RO         7851    i.VL53L1_calc_timeout_register_values  vl53l1_core.o
    0x08005c72   0x08005c72   0x00000026   Code   RO         7852    i.VL53L1_calc_timeout_us  vl53l1_core.o
    0x08005c98   0x08005c98   0x00000068   Code   RO         7853    i.VL53L1_check_ll_driver_rd_state  vl53l1_core.o
    0x08005d00   0x08005d00   0x0000001a   Code   RO         7355    i.VL53L1_clear_interrupt_and_enable_next_range  vl53l1_api_core.o
    0x08005d1a   0x08005d1a   0x00000014   Code   RO         7855    i.VL53L1_config_low_power_auto_mode  vl53l1_core.o
    0x08005d2e   0x08005d2e   0x00000086   Code   RO         7856    i.VL53L1_copy_rtn_good_spads_to_buffer  vl53l1_core.o
    0x08005db4   0x08005db4   0x000001e6   Code   RO         7356    i.VL53L1_copy_sys_and_core_results_to_range_results  vl53l1_api_core.o
    0x08005f9a   0x08005f9a   0x000000c6   Code   RO         7357    i.VL53L1_data_init  vl53l1_api_core.o
    0x08006060   0x08006060   0x0000002e   Code   RO         8193    i.VL53L1_decode_row_col  vl53l1_core_support.o
    0x0800608e   0x0800608e   0x0000000e   Code   RO         7858    i.VL53L1_decode_timeout  vl53l1_core.o
    0x0800609c   0x0800609c   0x0000000c   Code   RO         8194    i.VL53L1_decode_vcsel_period  vl53l1_core_support.o
    0x080060a8   0x080060a8   0x0000000c   Code   RO         7861    i.VL53L1_decode_zone_size  vl53l1_core.o
    0x080060b4   0x080060b4   0x00000014   Code   RO         7865    i.VL53L1_enable_powerforce  vl53l1_core.o
    0x080060c8   0x080060c8   0x00000022   Code   RO         7867    i.VL53L1_encode_row_col  vl53l1_core.o
    0x080060ea   0x080060ea   0x00000028   Code   RO         7868    i.VL53L1_encode_timeout  vl53l1_core.o
    0x08006112   0x08006112   0x00000008   Code   RO         7871    i.VL53L1_encode_zone_size  vl53l1_core.o
    0x0800611a   0x0800611a   0x0000002e   Code   RO         8228    i.VL53L1_get_customer_nvm_managed  vl53l1_register_funcs.o
    0x08006148   0x08006148   0x00000094   Code   RO         7362    i.VL53L1_get_device_results  vl53l1_api_core.o
    0x080061dc   0x080061dc   0x0000002c   Code   RO         7363    i.VL53L1_get_inter_measurement_period_ms  vl53l1_api_core.o
    0x08006208   0x08006208   0x00000012   Code   RO         7365    i.VL53L1_get_lite_min_count_rate  vl53l1_api_core.o
    0x0800621a   0x0800621a   0x00000012   Code   RO         7366    i.VL53L1_get_lite_sigma_threshold  vl53l1_api_core.o
    0x0800622c   0x0800622c   0x000000b2   Code   RO         7368    i.VL53L1_get_measurement_results  vl53l1_api_core.o
    0x080062de   0x080062de   0x00000042   Code   RO         7369    i.VL53L1_get_mode_mitigation_roi  vl53l1_api_core.o
    0x08006320   0x08006320   0x00000030   Code   RO         8229    i.VL53L1_get_nvm_copy_data  vl53l1_register_funcs.o
    0x08006350   0x08006350   0x000000ca   Code   RO         7373    i.VL53L1_get_preset_mode_timing_cfg  vl53l1_api_core.o
    0x0800641a   0x0800641a   0x00000034   Code   RO         7376    i.VL53L1_get_sequence_config_bit  vl53l1_api_core.o
    0x0800644e   0x0800644e   0x0000002a   Code   RO         8230    i.VL53L1_get_static_nvm_managed  vl53l1_register_funcs.o
    0x08006478   0x08006478   0x00000098   Code   RO         7377    i.VL53L1_get_timeouts_us  vl53l1_api_core.o
    0x08006510   0x08006510   0x0000025e   Code   RO         7378    i.VL53L1_get_tuning_parm  vl53l1_api_core.o
    0x0800676e   0x0800676e   0x0000002e   Code   RO         7379    i.VL53L1_get_user_zone  vl53l1_api_core.o
    0x0800679c   0x0800679c   0x00000080   Code   RO         8232    i.VL53L1_i2c_decode_core_results  vl53l1_register_funcs.o
    0x0800681c   0x0800681c   0x000000a4   Code   RO         8233    i.VL53L1_i2c_decode_customer_nvm_managed  vl53l1_register_funcs.o
    0x080068c0   0x080068c0   0x0000018a   Code   RO         8234    i.VL53L1_i2c_decode_debug_results  vl53l1_register_funcs.o
    0x08006a4a   0x08006a4a   0x00000026   Code   RO         7873    i.VL53L1_i2c_decode_int16_t  vl53l1_core.o
    0x08006a70   0x08006a70   0x00000024   Code   RO         7874    i.VL53L1_i2c_decode_int32_t  vl53l1_core.o
    0x08006a94   0x08006a94   0x00000142   Code   RO         8236    i.VL53L1_i2c_decode_nvm_copy_data  vl53l1_register_funcs.o
    0x08006bd6   0x08006bd6   0x00000062   Code   RO         8238    i.VL53L1_i2c_decode_static_nvm_managed  vl53l1_register_funcs.o
    0x08006c38   0x08006c38   0x00000124   Code   RO         8239    i.VL53L1_i2c_decode_system_results  vl53l1_register_funcs.o
    0x08006d5c   0x08006d5c   0x0000001e   Code   RO         7875    i.VL53L1_i2c_decode_uint16_t  vl53l1_core.o
    0x08006d7a   0x08006d7a   0x0000001c   Code   RO         7876    i.VL53L1_i2c_decode_uint32_t  vl53l1_core.o
    0x08006d96   0x08006d96   0x000000ac   Code   RO         8240    i.VL53L1_i2c_encode_customer_nvm_managed  vl53l1_register_funcs.o
    0x08006e42   0x08006e42   0x0000008c   Code   RO         8241    i.VL53L1_i2c_encode_dynamic_config  vl53l1_register_funcs.o
    0x08006ece   0x08006ece   0x00000092   Code   RO         8242    i.VL53L1_i2c_encode_general_config  vl53l1_register_funcs.o
    0x08006f60   0x08006f60   0x00000020   Code   RO         7878    i.VL53L1_i2c_encode_int16_t  vl53l1_core.o
    0x08006f80   0x08006f80   0x000000e6   Code   RO         8243    i.VL53L1_i2c_encode_static_config  vl53l1_register_funcs.o
    0x08007066   0x08007066   0x00000062   Code   RO         8244    i.VL53L1_i2c_encode_static_nvm_managed  vl53l1_register_funcs.o
    0x080070c8   0x080070c8   0x00000038   Code   RO         8245    i.VL53L1_i2c_encode_system_control  vl53l1_register_funcs.o
    0x08007100   0x08007100   0x00000090   Code   RO         8246    i.VL53L1_i2c_encode_timing_config  vl53l1_register_funcs.o
    0x08007190   0x08007190   0x00000020   Code   RO         7880    i.VL53L1_i2c_encode_uint16_t  vl53l1_core.o
    0x080071b0   0x080071b0   0x00000020   Code   RO         7881    i.VL53L1_i2c_encode_uint32_t  vl53l1_core.o
    0x080071d0   0x080071d0   0x00000274   Code   RO         7383    i.VL53L1_init_and_start_range  vl53l1_api_core.o
    0x08007444   0x08007444   0x00000026   Code   RO         7882    i.VL53L1_init_ll_driver_state  vl53l1_core.o
    0x0800746a   0x0800746a   0x00000026   Code   RO         7697    i.VL53L1_init_offset_cal_config_struct  vl53l1_api_preset_modes.o
    0x08007490   0x08007490   0x00000022   Code   RO         7698    i.VL53L1_init_refspadchar_config_struct  vl53l1_api_preset_modes.o
    0x080074b2   0x080074b2   0x00000020   Code   RO         7699    i.VL53L1_init_ssc_config_struct  vl53l1_api_preset_modes.o
    0x080074d2   0x080074d2   0x000000a6   Code   RO         7700    i.VL53L1_init_tuning_parm_storage_struct  vl53l1_api_preset_modes.o
    0x08007578   0x08007578   0x0000001c   Code   RO         7884    i.VL53L1_init_version  vl53l1_core.o
    0x08007594   0x08007594   0x00000066   Code   RO         7701    i.VL53L1_init_xtalk_config_struct  vl53l1_api_preset_modes.o
    0x080075fa   0x080075fa   0x00000054   Code   RO         8398    i.VL53L1_is_new_data_ready  vl53l1_wait.o
    0x0800764e   0x0800764e   0x00000034   Code   RO         7886    i.VL53L1_low_power_auto_data_init  vl53l1_core.o
    0x08007682   0x08007682   0x00000062   Code   RO         7888    i.VL53L1_low_power_auto_setup_manual_calibration  vl53l1_core.o
    0x080076e4   0x080076e4   0x00000038   Code   RO         8399    i.VL53L1_poll_for_boot_completion  vl53l1_wait.o
    0x0800771c   0x0800771c   0x0000003c   Code   RO         7702    i.VL53L1_preset_mode_low_power_auto_long_ranging  vl53l1_api_preset_modes.o
    0x08007758   0x08007758   0x0000003c   Code   RO         7703    i.VL53L1_preset_mode_low_power_auto_ranging  vl53l1_api_preset_modes.o
    0x08007794   0x08007794   0x0000003c   Code   RO         7704    i.VL53L1_preset_mode_low_power_auto_short_ranging  vl53l1_api_preset_modes.o
    0x080077d0   0x080077d0   0x00000030   Code   RO         7705    i.VL53L1_preset_mode_olt  vl53l1_api_preset_modes.o
    0x08007800   0x08007800   0x0000004e   Code   RO         7706    i.VL53L1_preset_mode_singleshot_ranging  vl53l1_api_preset_modes.o
    0x0800784e   0x0800784e   0x0000013a   Code   RO         7707    i.VL53L1_preset_mode_standard_ranging  vl53l1_api_preset_modes.o
    0x08007988   0x08007988   0x00000054   Code   RO         7708    i.VL53L1_preset_mode_standard_ranging_long_range  vl53l1_api_preset_modes.o
    0x080079dc   0x080079dc   0x00000034   Code   RO         7709    i.VL53L1_preset_mode_standard_ranging_mm1_cal  vl53l1_api_preset_modes.o
    0x08007a10   0x08007a10   0x00000034   Code   RO         7710    i.VL53L1_preset_mode_standard_ranging_mm2_cal  vl53l1_api_preset_modes.o
    0x08007a44   0x08007a44   0x00000054   Code   RO         7711    i.VL53L1_preset_mode_standard_ranging_short_range  vl53l1_api_preset_modes.o
    0x08007a98   0x08007a98   0x00000054   Code   RO         7712    i.VL53L1_preset_mode_timed_ranging  vl53l1_api_preset_modes.o
    0x08007aec   0x08007aec   0x00000054   Code   RO         7713    i.VL53L1_preset_mode_timed_ranging_long_range  vl53l1_api_preset_modes.o
    0x08007b40   0x08007b40   0x00000056   Code   RO         7714    i.VL53L1_preset_mode_timed_ranging_short_range  vl53l1_api_preset_modes.o
    0x08007b96   0x08007b96   0x0000009c   Code   RO         7384    i.VL53L1_read_p2p_data  vl53l1_api_core.o
    0x08007c32   0x08007c32   0x0000002a   Code   RO         7389    i.VL53L1_set_inter_measurement_period_ms  vl53l1_api_core.o
    0x08007c5c   0x08007c5c   0x00000010   Code   RO         7391    i.VL53L1_set_lite_min_count_rate  vl53l1_api_core.o
    0x08007c6c   0x08007c6c   0x00000010   Code   RO         7392    i.VL53L1_set_lite_sigma_threshold  vl53l1_api_core.o
    0x08007c7c   0x08007c7c   0x00000024   Code   RO         7894    i.VL53L1_set_powerforce_register  vl53l1_core.o
    0x08007ca0   0x08007ca0   0x000001da   Code   RO         7397    i.VL53L1_set_preset_mode  vl53l1_api_core.o
    0x08007e7a   0x08007e7a   0x00000050   Code   RO         7401    i.VL53L1_set_timeouts_us  vl53l1_api_core.o
    0x08007eca   0x08007eca   0x0000002a   Code   RO         7403    i.VL53L1_set_user_zone  vl53l1_api_core.o
    0x08007ef4   0x08007ef4   0x00000020   Code   RO         7405    i.VL53L1_set_vhv_loopbound  vl53l1_api_core.o
    0x08007f14   0x08007f14   0x00000082   Code   RO         7899    i.VL53L1_update_ll_driver_cfg_state  vl53l1_core.o
    0x08007f96   0x08007f96   0x000000ac   Code   RO         7900    i.VL53L1_update_ll_driver_rd_state  vl53l1_core.o
    0x08008042   0x08008042   0x00000030   Code   RO         8877    i.__ARM_fpclassify  m_wm.l(fpclassify.o)
    0x08008072   0x08008072   0x00000006   PAD
    0x08008078   0x08008078   0x00000c50   Code   RO         8792    i.__hardfp_pow      m_wm.l(pow.o)
    0x08008cc8   0x08008cc8   0x000000f8   Code   RO         8895    i.__kernel_poly     m_wm.l(poly.o)
    0x08008dc0   0x08008dc0   0x00000030   Code   RO         8857    i.__mathlib_dbl_divzero  m_wm.l(dunder.o)
    0x08008df0   0x08008df0   0x00000014   Code   RO         8859    i.__mathlib_dbl_infnan2  m_wm.l(dunder.o)
    0x08008e04   0x08008e04   0x00000004   PAD
    0x08008e08   0x08008e08   0x00000020   Code   RO         8860    i.__mathlib_dbl_invalid  m_wm.l(dunder.o)
    0x08008e28   0x08008e28   0x00000020   Code   RO         8861    i.__mathlib_dbl_overflow  m_wm.l(dunder.o)
    0x08008e48   0x08008e48   0x00000020   Code   RO         8863    i.__mathlib_dbl_underflow  m_wm.l(dunder.o)
    0x08008e68   0x08008e68   0x0000000e   Code   RO         8716    i._is_digit         c_w.l(__printf_wp.o)
    0x08008e76   0x08008e76   0x00000018   Code   RO         8873    i.fabs              m_wm.l(fabs.o)
    0x08008e8e   0x08008e8e   0x00000002   PAD
    0x08008e90   0x08008e90   0x00000034   Code   RO         5448    i.led_init          bsp_led.o
    0x08008ec4   0x08008ec4   0x00000154   Code   RO         5230    i.main              main.o
    0x08009018   0x08009018   0x00000048   Code   RO         5483    i.scheduler_register  task_scheduler.o
    0x08009060   0x08009060   0x00000048   Code   RO         5484    i.scheduler_run     task_scheduler.o
    0x080090a8   0x080090a8   0x0000006e   Code   RO         8900    i.sqrt              m_wm.l(sqrt.o)
    0x08009116   0x08009116   0x00000002   PAD
    0x08009118   0x08009118   0x000000e4   Code   RO         5579    i.task_bmp280_print  app_bmp280_task.o
    0x080091fc   0x080091fc   0x00000024   Code   RO         5580    i.task_bmp280_read  app_bmp280_task.o
    0x08009220   0x08009220   0x000000bc   Code   RO         5231    i.task_debug_print  main.o
    0x080092dc   0x080092dc   0x00000018   Code   RO         5232    i.task_echo1        main.o
    0x080092f4   0x080092f4   0x00000008   Code   RO         5233    i.task_echo2        main.o
    0x080092fc   0x080092fc   0x00000014   Code   RO         5449    i.task_led_blink    bsp_led.o
    0x08009310   0x08009310   0x0000002c   Code   RO         8971    locale$$code        c_w.l(lc_numeric_c.o)
    0x0800933c   0x0800933c   0x00000018   Code   RO         8836    x$fpl$basic         fz_wm.l(basic.o)
    0x08009354   0x08009354   0x00000062   Code   RO         8750    x$fpl$d2f           fz_wm.l(d2f.o)
    0x080093b6   0x080093b6   0x00000002   PAD
    0x080093b8   0x080093b8   0x00000150   Code   RO         8752    x$fpl$dadd          fz_wm.l(daddsub_clz.o)
    0x08009508   0x08009508   0x00000010   Code   RO         8973    x$fpl$dcheck1       fz_wm.l(dcheck1.o)
    0x08009518   0x08009518   0x00000018   Code   RO         9043    x$fpl$dcmpinf       fz_wm.l(dcmpi.o)
    0x08009530   0x08009530   0x000002b0   Code   RO         8759    x$fpl$ddiv          fz_wm.l(ddiv.o)
    0x080097e0   0x080097e0   0x0000002e   Code   RO         8839    x$fpl$dflt          fz_wm.l(dflt_clz.o)
    0x0800980e   0x0800980e   0x00000002   PAD
    0x08009810   0x08009810   0x00000078   Code   RO         8975    x$fpl$dleqf         fz_wm.l(dleqf.o)
    0x08009888   0x08009888   0x00000154   Code   RO         8762    x$fpl$dmul          fz_wm.l(dmul.o)
    0x080099dc   0x080099dc   0x0000009c   Code   RO         8844    x$fpl$dnaninf       fz_wm.l(dnaninf.o)
    0x08009a78   0x08009a78   0x0000000c   Code   RO         8846    x$fpl$dretinf       fz_wm.l(dretinf.o)
    0x08009a84   0x08009a84   0x0000006c   Code   RO         8848    x$fpl$drleqf        fz_wm.l(drleqf.o)
    0x08009af0   0x08009af0   0x00000016   Code   RO         8753    x$fpl$drsb          fz_wm.l(daddsub_clz.o)
    0x08009b06   0x08009b06   0x00000002   PAD
    0x08009b08   0x08009b08   0x00000198   Code   RO         8977    x$fpl$dsqrt         fz_wm.l(dsqrt_umaal.o)
    0x08009ca0   0x08009ca0   0x000001d4   Code   RO         8754    x$fpl$dsub          fz_wm.l(daddsub_clz.o)
    0x08009e74   0x08009e74   0x00000056   Code   RO         8764    x$fpl$f2d           fz_wm.l(f2d.o)
    0x08009eca   0x08009eca   0x0000008c   Code   RO         8850    x$fpl$fnaninf       fz_wm.l(fnaninf.o)
    0x08009f56   0x08009f56   0x0000000a   Code   RO         9055    x$fpl$fpinit        fz_wm.l(fpinit.o)
    0x08009f60   0x08009f60   0x0000000a   Code   RO         8852    x$fpl$fretinf       fz_wm.l(fretinf.o)
    0x08009f6a   0x08009f6a   0x00000004   Code   RO         8766    x$fpl$printf1       fz_wm.l(printf1.o)
    0x08009f6e   0x08009f6e   0x00000064   Code   RO         9045    x$fpl$retnan        fz_wm.l(retnan.o)
    0x08009fd2   0x08009fd2   0x0000005c   Code   RO         8854    x$fpl$scalbn        fz_wm.l(scalbn.o)
    0x0800a02e   0x0800a02e   0x00000030   Code   RO         9057    x$fpl$trapveneer    fz_wm.l(trapv.o)
    0x0800a05e   0x0800a05e   0x00000000   Code   RO         8856    x$fpl$usenofp       fz_wm.l(usenofp.o)
    0x0800a05e   0x0800a05e   0x00000028   Data   RO         8689    .constdata          c_w.l(_printf_hex_int.o)
    0x0800a086   0x0800a086   0x00000011   Data   RO         8724    .constdata          c_w.l(__printf_flags_ss_wp.o)
    0x0800a097   0x0800a097   0x00000001   PAD
    0x0800a098   0x0800a098   0x00000088   Data   RO         8795    .constdata          m_wm.l(pow.o)
    0x0800a120   0x0800a120   0x00000008   Data   RO         8897    .constdata          m_wm.l(qnan.o)
    0x0800a128   0x0800a128   0x00000094   Data   RO         8946    .constdata          c_w.l(bigflt0.o)
    0x0800a1bc   0x0800a1bc   0x00000044   Data   RO         5633    .conststring        app_vl53l1x_task.o
    0x0800a200   0x0800a200   0x00000020   Data   RO         9132    Region$$Table       anon$$obj.o
    0x0800a220   0x0800a220   0x0000001c   Data   RO         8970    locale$$data        c_w.l(lc_numeric_c.o)


    Execution Region RW_IRAM2 (Exec base: 0x10000000, Load base: 0x0800a2b4, Size: 0x00000000, Max: 0x00010000, ABSOLUTE)

    **** No section assigned to this execution region ****


    Execution Region RW_IRAM1 (Exec base: 0x20000000, Load base: 0x0800a23c, Size: 0x000014d0, Max: 0x00020000, ABSOLUTE, COMPRESSED[0x00000078])

    Exec Addr    Load Addr    Size         Type   Attr      Idx    E Section Name        Object

    0x20000000   COMPRESSED   0x00000014   Data   RW            7    .data               system_stm32f4xx.o
    0x20000014   COMPRESSED   0x00000010   Data   RW         3006    .data               stm32f4xx_rcc.o
    0x20000024   COMPRESSED   0x00000004   Data   RW         5200    .data               bsp_timer.o
    0x20000028   COMPRESSED   0x00000034   Data   RW         5234    .data               main.o
    0x2000005c   COMPRESSED   0x00000001   Data   RW         5486    .data               task_scheduler.o
    0x2000005d   COMPRESSED   0x00000003   PAD
    0x20000060   COMPRESSED   0x00000034   Data   RW         5518    .data               app_mpu_task.o
    0x20000094   COMPRESSED   0x0000001c   Data   RW         5582    .data               app_bmp280_task.o
    0x200000b0   COMPRESSED   0x0000001c   Data   RW         5634    .data               app_vl53l1x_task.o
    0x200000cc   COMPRESSED   0x00000012   Data   RW         5769    .data               bsp_uart.o
    0x200000de   COMPRESSED   0x00000005   Data   RW         6103    .data               k210_protocol.o
    0x200000e3   COMPRESSED   0x00000001   PAD
    0x200000e4   COMPRESSED   0x0000000c   Data   RW         6197    .data               mpu9250.o
    0x200000f0   COMPRESSED   0x0000000c   Data   RW         6329    .data               bmp280.o
    0x200000fc   COMPRESSED   0x00000004   PAD
    0x20000100   COMPRESSED   0x00000041   Data   RW         6479    .data               mpu9250_calib.o
    0x20000141   COMPRESSED   0x00000003   PAD
    0x20000144   COMPRESSED   0x00000030   Data   RW         6909    .data               vl53l1_api.o
    0x20000174        -       0x00000040   Zero   RW         5485    .bss                task_scheduler.o
    0x200001b4        -       0x00000020   Zero   RW         5581    .bss                app_bmp280_task.o
    0x200001d4        -       0x000003ac   Zero   RW         5632    .bss                app_vl53l1x_task.o
    0x20000580        -       0x0000080c   Zero   RW         5768    .bss                bsp_uart.o
    0x20000d8c        -       0x00000034   Zero   RW         5888    .bss                bsp_i2c.o
    0x20000dc0        -       0x00000020   Zero   RW         6102    .bss                k210_protocol.o
    0x20000de0        -       0x0000002c   Zero   RW         6196    .bss                mpu9250.o
    0x20000e0c        -       0x00000038   Zero   RW         6328    .bss                bmp280.o
    0x20000e44        -       0x00000028   Zero   RW         6478    .bss                mpu9250_calib.o
    0x20000e6c        -       0x00000060   Zero   RW         8982    .bss                c_w.l(libspace.o)
    0x20000ecc   COMPRESSED   0x00000004   PAD
    0x20000ed0        -       0x00000200   Zero   RW         5155    HEAP                startup_stm32f40xx.o
    0x200010d0        -       0x00000400   Zero   RW         5154    STACK               startup_stm32f40xx.o


==============================================================================

Image component sizes


      Code (inc. data)   RO Data    RW Data    ZI Data      Debug   Object Name

       448        158          0         28         32       2908   app_bmp280_task.o
       562        130          0         52          0       3647   app_mpu_task.o
       888        304         68         28        940      67401   app_vl53l1x_task.o
      1698        140          0         12         56      12901   bmp280.o
      2424        224          0          0         52      16413   bsp_i2c.o
        72         10          0          0          0        944   bsp_led.o
        12          6          0          4          0       1205   bsp_timer.o
      1824        190          0         18       2060       8450   bsp_uart.o
       586         72          0          5         32       5481   k210_protocol.o
       560        174          0         52          0      34355   main.o
       140         24          0          0          0       1631   misc.o
       616         88          0         12         44       8123   mpu9250.o
      1404        212          0         65         40       8607   mpu9250_calib.o
        64         26        392          0       1536        900   startup_stm32f40xx.o
       778         72          0          0          0       7784   stm32f4xx_dma.o
       222          0          0          0          0       2445   stm32f4xx_gpio.o
       614         28          0          0          0       9957   stm32f4xx_i2c.o
       352         54          0          0          0       7916   stm32f4xx_it.o
       360         42          0         16          0       5408   stm32f4xx_rcc.o
       412          8          0          0          0       4461   stm32f4xx_usart.o
       340         32          0         20          0     294681   system_stm32f4xx.o
       144         16          0          1         64       2101   task_scheduler.o
      2672         56          0         48          0      83476   vl53l1_api.o
         0          0          0          0          0       9336   vl53l1_api_calibration.o
      3726         82          0          0          0      20839   vl53l1_api_core.o
      1518          0          0          0          0      16479   vl53l1_api_preset_modes.o
      1590          0          0          0          0      21452   vl53l1_core.o
        72          0          0          0          0       2729   vl53l1_core_support.o
       902         42          0          0          0       9849   vl53l1_platform.o
      2520          0          0          0          0      14214   vl53l1_register_funcs.o
       140          0          0          0          0       2237   vl53l1_wait.o

    ----------------------------------------------------------------------
     27690       2190        492        372       4856     688330   Object Totals
         0          0         32          0          0          0   (incl. Generated)
        30          0          0         11          0          0   (incl. Padding)

    ----------------------------------------------------------------------

      Code (inc. data)   RO Data    RW Data    ZI Data      Debug   Library Member Name

        90          0          0          0          0          0   __dczerorl2.o
         8          0          0          0          0         68   __main.o
       392          4         17          0          0         92   __printf_flags_ss_wp.o
        14          0          0          0          0         68   __printf_wp.o
         0          0          0          0          0          0   __rtentry.o
        12          0          0          0          0          0   __rtentry2.o
         6          0          0          0          0          0   __rtentry4.o
        52          8          0          0          0          0   __scatter.o
        28          0          0          0          0          0   __scatter_zi.o
        44          0          0          0          0        108   _printf_char.o
        48          6          0          0          0         96   _printf_char_common.o
         6          0          0          0          0          0   _printf_d.o
       120         16          0          0          0         92   _printf_dec.o
         6          0          0          0          0          0   _printf_f.o
      1054          0          0          0          0        216   _printf_fp_dec.o
       128         16          0          0          0         84   _printf_fp_infnan.o
        88          4         40          0          0         88   _printf_hex_int.o
       178          0          0          0          0         88   _printf_intcommon.o
        78          0          0          0          0        108   _printf_pad.o
         0          0          0          0          0          0   _printf_percent.o
         4          0          0          0          0          0   _printf_percent_end.o
         6          0          0          0          0          0   _printf_s.o
        82          0          0          0          0         80   _printf_str.o
         6          0          0          0          0          0   _printf_u.o
         6          0          0          0          0          0   _printf_x.o
        22          0          0          0          0        100   _rserrno.o
        16          0          0          0          0         68   _snputc.o
        10          0          0          0          0         68   _sputc.o
        16          0          0          0          0         68   aeabi_memset.o
       228          4        148          0          0         96   bigflt0.o
      1936        128          0          0          0        672   btod.o
        18          0          0          0          0         80   exit.o
         6          0          0          0          0        152   heapauxi.o
         0          0          0          0          0          0   indicate_semi.o
        44         10         28          0          0         76   lc_numeric_c.o
         2          0          0          0          0          0   libinit.o
        22          0          0          0          0          0   libinit2.o
         2          0          0          0          0          0   libshutdown.o
         2          0          0          0          0          0   libshutdown2.o
         8          4          0          0         96         68   libspace.o
        72          0          0          0          0         76   llsdiv.o
       138          0          0          0          0         80   lludiv10.o
       238          0          0          0          0        100   lludivv7m.o
        52          4          0          0          0         84   noretval__2snprintf.o
         8          4          0          0          0         68   rt_errno_addr_intlibspace.o
         8          4          0          0          0         68   rt_locale_intlibspace.o
        68          0          0          0          0         68   rt_memclr.o
        78          0          0          0          0         80   rt_memclr_w.o
       100          0          0          0          0         80   rt_memcpy_w.o
         2          0          0          0          0          0   rtexit.o
        10          0          0          0          0          0   rtexit2.o
       128          0          0          0          0         68   strcmpv7m.o
        62          0          0          0          0         76   strlen.o
        12          4          0          0          0         68   sys_exit.o
        74          0          0          0          0         80   sys_stackheap_outer.o
         2          0          0          0          0         68   use_no_semi.o
        24          0          0          0          0        164   basic.o
        98          4          0          0          0        140   d2f.o
       826         16          0          0          0        492   daddsub_clz.o
        16          4          0          0          0        116   dcheck1.o
        24          0          0          0          0        116   dcmpi.o
       688        140          0          0          0        256   ddiv.o
        46          0          0          0          0        116   dflt_clz.o
       120          4          0          0          0        140   dleqf.o
       340         12          0          0          0        152   dmul.o
       156          4          0          0          0        140   dnaninf.o
        12          0          0          0          0        116   dretinf.o
       108          0          0          0          0        128   drleqf.o
       408         56          0          0          0        168   dsqrt_umaal.o
        86          4          0          0          0        132   f2d.o
       140          4          0          0          0        132   fnaninf.o
        10          0          0          0          0        116   fpinit.o
        10          0          0          0          0        116   fretinf.o
         4          0          0          0          0        116   printf1.o
       100          0          0          0          0        116   retnan.o
        92          0          0          0          0        116   scalbn.o
        48          0          0          0          0        116   trapv.o
         0          0          0          0          0          0   usenofp.o
       164         44          0          0          0        620   dunder.o
        24          0          0          0          0        124   fabs.o
        48          0          0          0          0        124   fpclassify.o
       248          0          0          0          0        152   poly.o
      3152        296        136          0          0        352   pow.o
         0          0          8          0          0          0   qnan.o
       110          0          0          0          0        148   sqrt.o

    ----------------------------------------------------------------------
     12972        804        378          0        100       8424   Library Totals
        30          0          1          0          4          0   (incl. Padding)

    ----------------------------------------------------------------------

      Code (inc. data)   RO Data    RW Data    ZI Data      Debug   Library Name

      5840        216        233          0         96       3700   c_w.l
      3356        248          0          0          0       3204   fz_wm.l
      3746        340        144          0          0       1520   m_wm.l

    ----------------------------------------------------------------------
     12972        804        378          0        100       8424   Library Totals

    ----------------------------------------------------------------------

==============================================================================


      Code (inc. data)   RO Data    RW Data    ZI Data      Debug   

     40662       2994        870        372       4956     662774   Grand Totals
     40662       2994        870        120       4956     662774   ELF Image Totals (compressed)
     40662       2994        870        120          0          0   ROM Totals

==============================================================================

    Total RO  Size (Code + RO Data)                41532 (  40.56kB)
    Total RW  Size (RW Data + ZI Data)              5328 (   5.20kB)
    Total ROM Size (Code + RO Data + RW Data)      41652 (  40.68kB)

==============================================================================

