Component: ARM Compiler 5.06 update 5 (build 528) Tool: armlink [4d35e2]

==============================================================================

Section Cross References

    system_stm32f4xx.o(i.SystemCoreClockUpdate) refers to system_stm32f4xx.o(.data) for SystemCoreClock
    system_stm32f4xx.o(i.SystemInit) refers to system_stm32f4xx.o(i.SetSysClock) for SetSysClock
    stm32f4xx_adc.o(i.ADC_DeInit) refers to stm32f4xx_rcc.o(i.RCC_APB2PeriphResetCmd) for RCC_APB2PeriphResetCmd
    stm32f4xx_can.o(i.CAN_DeInit) refers to stm32f4xx_rcc.o(i.RCC_APB1PeriphResetCmd) for RCC_APB1PeriphResetCmd
    stm32f4xx_can.o(i.CAN_GetITStatus) refers to stm32f4xx_can.o(i.CheckITStatus) for CheckITStatus
    stm32f4xx_cryp.o(i.CRYP_DeInit) refers to stm32f4xx_rcc.o(i.RCC_AHB2PeriphResetCmd) for RCC_AHB2PeriphResetCmd
    stm32f4xx_cryp_aes.o(i.CRYP_AES_CBC) refers to stm32f4xx_cryp.o(i.CRYP_KeyStructInit) for CRYP_KeyStructInit
    stm32f4xx_cryp_aes.o(i.CRYP_AES_CBC) refers to stm32f4xx_cryp.o(i.CRYP_FIFOFlush) for CRYP_FIFOFlush
    stm32f4xx_cryp_aes.o(i.CRYP_AES_CBC) refers to stm32f4xx_cryp.o(i.CRYP_Init) for CRYP_Init
    stm32f4xx_cryp_aes.o(i.CRYP_AES_CBC) refers to stm32f4xx_cryp.o(i.CRYP_KeyInit) for CRYP_KeyInit
    stm32f4xx_cryp_aes.o(i.CRYP_AES_CBC) refers to stm32f4xx_cryp.o(i.CRYP_Cmd) for CRYP_Cmd
    stm32f4xx_cryp_aes.o(i.CRYP_AES_CBC) refers to stm32f4xx_cryp.o(i.CRYP_GetFlagStatus) for CRYP_GetFlagStatus
    stm32f4xx_cryp_aes.o(i.CRYP_AES_CBC) refers to stm32f4xx_cryp.o(i.CRYP_IVInit) for CRYP_IVInit
    stm32f4xx_cryp_aes.o(i.CRYP_AES_CBC) refers to stm32f4xx_cryp.o(i.CRYP_GetCmdStatus) for CRYP_GetCmdStatus
    stm32f4xx_cryp_aes.o(i.CRYP_AES_CBC) refers to stm32f4xx_cryp.o(i.CRYP_DataIn) for CRYP_DataIn
    stm32f4xx_cryp_aes.o(i.CRYP_AES_CBC) refers to stm32f4xx_cryp.o(i.CRYP_DataOut) for CRYP_DataOut
    stm32f4xx_cryp_aes.o(i.CRYP_AES_CCM) refers to stm32f4xx_cryp.o(i.CRYP_KeyStructInit) for CRYP_KeyStructInit
    stm32f4xx_cryp_aes.o(i.CRYP_AES_CCM) refers to stm32f4xx_cryp.o(i.CRYP_FIFOFlush) for CRYP_FIFOFlush
    stm32f4xx_cryp_aes.o(i.CRYP_AES_CCM) refers to stm32f4xx_cryp.o(i.CRYP_KeyInit) for CRYP_KeyInit
    stm32f4xx_cryp_aes.o(i.CRYP_AES_CCM) refers to stm32f4xx_cryp.o(i.CRYP_IVInit) for CRYP_IVInit
    stm32f4xx_cryp_aes.o(i.CRYP_AES_CCM) refers to stm32f4xx_cryp.o(i.CRYP_Init) for CRYP_Init
    stm32f4xx_cryp_aes.o(i.CRYP_AES_CCM) refers to stm32f4xx_cryp.o(i.CRYP_PhaseConfig) for CRYP_PhaseConfig
    stm32f4xx_cryp_aes.o(i.CRYP_AES_CCM) refers to stm32f4xx_cryp.o(i.CRYP_DataIn) for CRYP_DataIn
    stm32f4xx_cryp_aes.o(i.CRYP_AES_CCM) refers to stm32f4xx_cryp.o(i.CRYP_Cmd) for CRYP_Cmd
    stm32f4xx_cryp_aes.o(i.CRYP_AES_CCM) refers to stm32f4xx_cryp.o(i.CRYP_GetCmdStatus) for CRYP_GetCmdStatus
    stm32f4xx_cryp_aes.o(i.CRYP_AES_CCM) refers to stm32f4xx_cryp.o(i.CRYP_GetFlagStatus) for CRYP_GetFlagStatus
    stm32f4xx_cryp_aes.o(i.CRYP_AES_CCM) refers to stm32f4xx_cryp.o(i.CRYP_DataOut) for CRYP_DataOut
    stm32f4xx_cryp_aes.o(i.CRYP_AES_CTR) refers to stm32f4xx_cryp.o(i.CRYP_KeyStructInit) for CRYP_KeyStructInit
    stm32f4xx_cryp_aes.o(i.CRYP_AES_CTR) refers to stm32f4xx_cryp.o(i.CRYP_KeyInit) for CRYP_KeyInit
    stm32f4xx_cryp_aes.o(i.CRYP_AES_CTR) refers to stm32f4xx_cryp.o(i.CRYP_Init) for CRYP_Init
    stm32f4xx_cryp_aes.o(i.CRYP_AES_CTR) refers to stm32f4xx_cryp.o(i.CRYP_IVInit) for CRYP_IVInit
    stm32f4xx_cryp_aes.o(i.CRYP_AES_CTR) refers to stm32f4xx_cryp.o(i.CRYP_FIFOFlush) for CRYP_FIFOFlush
    stm32f4xx_cryp_aes.o(i.CRYP_AES_CTR) refers to stm32f4xx_cryp.o(i.CRYP_Cmd) for CRYP_Cmd
    stm32f4xx_cryp_aes.o(i.CRYP_AES_CTR) refers to stm32f4xx_cryp.o(i.CRYP_GetCmdStatus) for CRYP_GetCmdStatus
    stm32f4xx_cryp_aes.o(i.CRYP_AES_CTR) refers to stm32f4xx_cryp.o(i.CRYP_DataIn) for CRYP_DataIn
    stm32f4xx_cryp_aes.o(i.CRYP_AES_CTR) refers to stm32f4xx_cryp.o(i.CRYP_GetFlagStatus) for CRYP_GetFlagStatus
    stm32f4xx_cryp_aes.o(i.CRYP_AES_CTR) refers to stm32f4xx_cryp.o(i.CRYP_DataOut) for CRYP_DataOut
    stm32f4xx_cryp_aes.o(i.CRYP_AES_ECB) refers to stm32f4xx_cryp.o(i.CRYP_KeyStructInit) for CRYP_KeyStructInit
    stm32f4xx_cryp_aes.o(i.CRYP_AES_ECB) refers to stm32f4xx_cryp.o(i.CRYP_FIFOFlush) for CRYP_FIFOFlush
    stm32f4xx_cryp_aes.o(i.CRYP_AES_ECB) refers to stm32f4xx_cryp.o(i.CRYP_Init) for CRYP_Init
    stm32f4xx_cryp_aes.o(i.CRYP_AES_ECB) refers to stm32f4xx_cryp.o(i.CRYP_KeyInit) for CRYP_KeyInit
    stm32f4xx_cryp_aes.o(i.CRYP_AES_ECB) refers to stm32f4xx_cryp.o(i.CRYP_Cmd) for CRYP_Cmd
    stm32f4xx_cryp_aes.o(i.CRYP_AES_ECB) refers to stm32f4xx_cryp.o(i.CRYP_GetFlagStatus) for CRYP_GetFlagStatus
    stm32f4xx_cryp_aes.o(i.CRYP_AES_ECB) refers to stm32f4xx_cryp.o(i.CRYP_GetCmdStatus) for CRYP_GetCmdStatus
    stm32f4xx_cryp_aes.o(i.CRYP_AES_ECB) refers to stm32f4xx_cryp.o(i.CRYP_DataIn) for CRYP_DataIn
    stm32f4xx_cryp_aes.o(i.CRYP_AES_ECB) refers to stm32f4xx_cryp.o(i.CRYP_DataOut) for CRYP_DataOut
[...]
    i.BusFault_Handler                       0x08000968   Section        0  stm32f4xx_it.o(i.BusFault_Handler)
    i.DMA1_Stream0_IRQHandler                0x0800096c   Section        0  stm32f4xx_it.o(i.DMA1_Stream0_IRQHandler)
    i.DMA1_Stream6_IRQHandler                0x08000974   Section        0  stm32f4xx_it.o(i.DMA1_Stream6_IRQHandler)
    i.DMA1_Stream7_IRQHandler                0x08000998   Section        0  stm32f4xx_it.o(i.DMA1_Stream7_IRQHandler)
    i.DMA2_Stream0_IRQHandler                0x080009a0   Section        0  stm32f4xx_it.o(i.DMA2_Stream0_IRQHandler)
    i.DMA2_Stream3_IRQHandler                0x080009a8   Section        0  stm32f4xx_it.o(i.DMA2_Stream3_IRQHandler)
    i.DMA2_Stream7_IRQHandler                0x080009b0   Section        0  stm32f4xx_it.o(i.DMA2_Stream7_IRQHandler)
    i.DMA_ClearFlag                          0x080009d4   Section        0  stm32f4xx_dma.o(i.DMA_ClearFlag)
    i.DMA_ClearITPendingBit                  0x08000a08   Section        0  stm32f4xx_dma.o(i.DMA_ClearITPendingBit)
    i.DMA_Cmd                                0x08000a3c   Section        0  stm32f4xx_dma.o(i.DMA_Cmd)
    i.DMA_DeInit                             0x08000a54   Section        0  stm32f4xx_dma.o(i.DMA_DeInit)
    i.DMA_GetCmdStatus                       0x08000bac   Section        0  stm32f4xx_dma.o(i.DMA_GetCmdStatus)
    i.DMA_GetCurrDataCounter                 0x08000bc0   Section        0  stm32f4xx_dma.o(i.DMA_GetCurrDataCounter)
    i.DMA_GetITStatus                        0x08000bc8   Section        0  stm32f4xx_dma.o(i.DMA_GetITStatus)
    i.DMA_ITConfig                           0x08000c2c   Section        0  stm32f4xx_dma.o(i.DMA_ITConfig)
    i.DMA_Init                               0x08000c68   Section        0  stm32f4xx_dma.o(i.DMA_Init)
    i.DMA_StructInit                         0x08000cc0   Section        0  stm32f4xx_dma.o(i.DMA_StructInit)
    i.DMA_WaitDisable                        0x08000ce2   Section        0  bsp_i2c.o(i.DMA_WaitDisable)
    DMA_WaitDisable                          0x08000ce3   Thumb Code    32  bsp_i2c.o(i.DMA_WaitDisable)
    i.DebugMon_Handler                       0x08000d02   Section        0  stm32f4xx_it.o(i.DebugMon_Handler)
    i.GPIO_Init                              0x08000d04   Section        0  stm32f4xx_gpio.o(i.GPIO_Init)
    i.GPIO_PinAFConfig                       0x08000d94   Section        0  stm32f4xx_gpio.o(i.GPIO_PinAFConfig)
    i.GPIO_ResetBits                         0x08000dda   Section        0  stm32f4xx_gpio.o(i.GPIO_ResetBits)
    i.GPIO_SetBits                           0x08000de0   Section        0  stm32f4xx_gpio.o(i.GPIO_SetBits)
    i.GPIO_ToggleBits                        0x08000de4   Section        0  stm32f4xx_gpio.o(i.GPIO_ToggleBits)
    i.GetTick                                0x08000dec   Section        0  bsp_timer.o(i.GetTick)
    i.HardFault_Handler                      0x08000df8   Section        0  stm32f4xx_it.o(i.HardFault_Handler)
    i.I2C1_Abort                             0x08000dfc   Section        0  bsp_i2c.o(i.I2C1_Abort)
    I2C1_Abort                               0x08000dfd   Thumb Code    28  bsp_i2c.o(i.I2C1_Abort)
    i.I2C1_ConfigRxDMA                       0x08000e1c   Section        0  bsp_i2c.o(i.I2C1_ConfigRxDMA)
    I2C1_ConfigRxDMA                         0x08000e1d   Thumb Code   116  bsp_i2c.o(i.I2C1_ConfigRxDMA)
    i.I2C1_ConfigTxDMA                       0x08000e9c   Section        0  bsp_i2c.o(i.I2C1_ConfigTxDMA)
    I2C1_ConfigTxDMA                         0x08000e9d   Thumb Code   120  bsp_i2c.o(i.I2C1_ConfigTxDMA)
    i.I2C1_DMA_ClearFlags                    0x08000f1c   Section        0  bsp_i2c.o(i.I2C1_DMA_ClearFlags)
    I2C1_DMA_ClearFlags                      0x08000f1d   Thumb Code    24  bsp_i2c.o(i.I2C1_DMA_ClearFlags)
    i.I2C1_DMA_RX_ISR                        0x08000f3c   Section        0  bsp_i2c.o(i.I2C1_DMA_RX_ISR)
    i.I2C1_DMA_TX_ISR                        0x08000fc8   Section        0  bsp_i2c.o(i.I2C1_DMA_TX_ISR)
    i.I2C1_ER_IRQHandler                     0x08001050   Section        0  stm32f4xx_it.o(i.I2C1_ER_IRQHandler)
    i.I2C1_ER_ISR                            0x08001058   Section        0  bsp_i2c.o(i.I2C1_ER_ISR)
    i.I2C1_EV_IRQHandler                     0x08001080   Section        0  stm32f4xx_it.o(i.I2C1_EV_IRQHandler)
    i.I2C1_EV_ISR                            0x08001088   Section        0  bsp_i2c.o(i.I2C1_EV_ISR)
    i.I2C1_Finish                            0x08001248   Section        0  bsp_i2c.o(i.I2C1_Finish)
    I2C1_Finish                              0x08001249   Thumb Code    60  bsp_i2c.o(i.I2C1_Finish)
    i.I2C1_Init                              0x0800128c   Section        0  bsp_i2c.o(i.I2C1_Init)
    i.I2C1_StopAndResetPeripheral            0x080013dc   Section        0  bsp_i2c.o(i.I2C1_StopAndResetPeripheral)
    I2C1_StopAndResetPeripheral              0x080013dd   Thumb Code   144  bsp_i2c.o(i.I2C1_StopAndResetPeripheral)
    i.I2C_AcknowledgeConfig                  0x08001478   Section        0  stm32f4xx_i2c.o(i.I2C_AcknowledgeConfig)
    i.I2C_ClearITPendingBit                  0x08001490   Section        0  stm32f4xx_i2c.o(i.I2C_ClearITPendingBit)
    i.I2C_Cmd                                0x0800149c   Section        0  stm32f4xx_i2c.o(i.I2C_Cmd)
    i.I2C_DMACmd                             0x080014b4   Section        0  stm32f4xx_i2c.o(i.I2C_DMACmd)
    i.I2C_DMALastTransferCmd                 0x080014cc   Section        0  stm32f4xx_i2c.o(i.I2C_DMALastTransferCmd)
    i.I2C_DeInit                             0x080014e4   Section        0  stm32f4xx_i2c.o(i.I2C_DeInit)
    i.I2C_GenerateSTART                      0x08001544   Section        0  stm32f4xx_i2c.o(i.I2C_GenerateSTART)
    i.I2C_GenerateSTOP                       0x0800155c   Section        0  stm32f4xx_i2c.o(i.I2C_GenerateSTOP)
    i.I2C_ITConfig                           0x08001574   Section        0  stm32f4xx_i2c.o(i.I2C_ITConfig)
    i.I2C_Init                               0x08001588   Section        0  stm32f4xx_i2c.o(i.I2C_Init)
    i.I2C_ReceiveData                        0x08001670   Section        0  stm32f4xx_i2c.o(i.I2C_ReceiveData)
    i.I2C_Send7bitAddress                    0x08001678   Section        0  stm32f4xx_i2c.o(i.I2C_Send7bitAddress)
    i.I2C_SendData                           0x08001688   Section        0  stm32f4xx_i2c.o(i.I2C_SendData)
    i.I2C_SoftwareResetCmd                   0x0800168c   Section        0  stm32f4xx_i2c.o(i.I2C_SoftwareResetCmd)
    i.K210_ClearData                         0x080016a4   Section        0  k210_protocol.o(i.K210_ClearData)
    i.K210_GetData                           0x080016c0   Section        0  k210_protocol.o(i.K210_GetData)
    i.K210_Init                              0x080016c8   Section        0  k210_protocol.o(i.K210_Init)
    i.K210_ParseTask                         0x080016d4   Section        0  k210_protocol.o(i.K210_ParseTask)
    i.K210_ProcessFrame                      0x0800180c   Section        0  k210_protocol.o(i.K210_ProcessFrame)
    K210_ProcessFrame                        0x0800180d   Thumb Code    96  k210_protocol.o(i.K210_ProcessFrame)
    i.K210_ReadInt16LE                       0x08001870   Section        0  k210_protocol.o(i.K210_ReadInt16LE)
    K210_ReadInt16LE                         0x08001871   Thumb Code    14  k210_protocol.o(i.K210_ReadInt16LE)
    i.K210_ResetParser                       0x08001880   Section        0  k210_protocol.o(i.K210_ResetParser)
    K210_ResetParser                         0x08001881   Thumb Code    36  k210_protocol.o(i.K210_ResetParser)
    i.K210_UpdateTimeout                     0x080018bc   Section        0  k210_protocol.o(i.K210_UpdateTimeout)
    K210_UpdateTimeout                       0x080018bd   Thumb Code    48  k210_protocol.o(i.K210_UpdateTimeout)
    i.MemManage_Handler                      0x080018f0   Section        0  stm32f4xx_it.o(i.MemManage_Handler)
    i.NMI_Handler                            0x080018f4   Section        0  stm32f4xx_it.o(i.NMI_Handler)
    i.NVIC_Init                              0x080018f8   Section        0  misc.o(i.NVIC_Init)
    i.NVIC_PriorityGroupConfig               0x08001970   Section        0  misc.o(i.NVIC_PriorityGroupConfig)
    i.PMW3901_DMA_DoneCallback               0x08001984   Section        0  pmw3901.o(i.PMW3901_DMA_DoneCallback)
    PMW3901_DMA_DoneCallback                 0x08001985   Thumb Code    12  pmw3901.o(i.PMW3901_DMA_DoneCallback)
    i.PMW3901_DelayCycle                     0x08001998   Section        0  pmw3901.o(i.PMW3901_DelayCycle)
    PMW3901_DelayCycle                       0x08001999   Thumb Code    18  pmw3901.o(i.PMW3901_DelayCycle)
    i.PMW3901_DelayMs_Blocking               0x080019aa   Section        0  pmw3901.o(i.PMW3901_DelayMs_Blocking)
    PMW3901_DelayMs_Blocking                 0x080019ab   Thumb Code    24  pmw3901.o(i.PMW3901_DelayMs_Blocking)
    i.PMW3901_DelayUs                        0x080019c2   Section        0  pmw3901.o(i.PMW3901_DelayUs)
    PMW3901_DelayUs                          0x080019c3   Thumb Code    22  pmw3901.o(i.PMW3901_DelayUs)
    i.PMW3901_GPIO_Init                      0x080019d8   Section        0  pmw3901.o(i.PMW3901_GPIO_Init)
    i.PMW3901_GetAsyncRaw                    0x08001a1c   Section        0  pmw3901.o(i.PMW3901_GetAsyncRaw)
    i.PMW3901_Init                           0x08001a3c   Section        0  pmw3901.o(i.PMW3901_Init)
    i.PMW3901_IsBusy                         0x08001ab8   Section        0  pmw3901.o(i.PMW3901_IsBusy)
    i.PMW3901_LoadInitRegisters              0x08001adc   Section        0  pmw3901.o(i.PMW3901_LoadInitRegisters)
    PMW3901_LoadInitRegisters                0x08001add   Thumb Code   314  pmw3901.o(i.PMW3901_LoadInitRegisters)
    i.PMW3901_ParseBurst                     0x08001c16   Section        0  pmw3901.o(i.PMW3901_ParseBurst)
    PMW3901_ParseBurst                       0x08001c17   Thumb Code    82  pmw3901.o(i.PMW3901_ParseBurst)
    i.PMW3901_RawAllFF                       0x08001c68   Section        0  pmw3901.o(i.PMW3901_RawAllFF)
    PMW3901_RawAllFF                         0x08001c69   Thumb Code    36  pmw3901.o(i.PMW3901_RawAllFF)
    i.PMW3901_ReadID                         0x08001c8c   Section        0  pmw3901.o(i.PMW3901_ReadID)
    i.PMW3901_ReadMotion_Async               0x08001c98   Section        0  pmw3901.o(i.PMW3901_ReadMotion_Async)
    i.PMW3901_ReadMotion_IsDone              0x08001d50   Section        0  pmw3901.o(i.PMW3901_ReadMotion_IsDone)
    i.PMW3901_ReadReg                        0x08001d70   Section        0  pmw3901.o(i.PMW3901_ReadReg)
    i.PMW3901_ReadRevisionID                 0x08001db0   Section        0  pmw3901.o(i.PMW3901_ReadRevisionID)
    i.PMW3901_Task                           0x08001dbc   Section        0  pmw3901.o(i.PMW3901_Task)
    i.PMW3901_WriteReg                       0x08001f2c   Section        0  pmw3901.o(i.PMW3901_WriteReg)
    i.PendSV_Handler                         0x08001f64   Section        0  stm32f4xx_it.o(i.PendSV_Handler)
    i.RCC_AHB1PeriphClockCmd                 0x08001f68   Section        0  stm32f4xx_rcc.o(i.RCC_AHB1PeriphClockCmd)
    i.RCC_APB1PeriphClockCmd                 0x08001f88   Section        0  stm32f4xx_rcc.o(i.RCC_APB1PeriphClockCmd)
    i.RCC_APB1PeriphResetCmd                 0x08001fa8   Section        0  stm32f4xx_rcc.o(i.RCC_APB1PeriphResetCmd)
    i.RCC_APB2PeriphClockCmd                 0x08001fc8   Section        0  stm32f4xx_rcc.o(i.RCC_APB2PeriphClockCmd)
    i.RCC_APB2PeriphResetCmd                 0x08001fe8   Section        0  stm32f4xx_rcc.o(i.RCC_APB2PeriphResetCmd)
    i.RCC_GetClocksFreq                      0x08002008   Section        0  stm32f4xx_rcc.o(i.RCC_GetClocksFreq)
    i.SPI1_DMA_IRQHandler_RX                 0x080020f0   Section        0  bsp_spi.o(i.SPI1_DMA_IRQHandler_RX)
    i.SPI1_DMA_IRQHandler_TX                 0x08002168   Section        0  bsp_spi.o(i.SPI1_DMA_IRQHandler_TX)
    i.SPI1_DMA_Init                          0x080021ac   Section        0  bsp_spi.o(i.SPI1_DMA_Init)
    SPI1_DMA_Init                            0x080021ad   Thumb Code   242  bsp_spi.o(i.SPI1_DMA_Init)
    i.SPI1_FinishFromISR                     0x080022a8   Section        0  bsp_spi.o(i.SPI1_FinishFromISR)
    SPI1_FinishFromISR                       0x080022a9   Thumb Code    90  bsp_spi.o(i.SPI1_FinishFromISR)
    i.SPI1_Init                              0x0800231c   Section        0  bsp_spi.o(i.SPI1_Init)
    i.SPI1_IsBusy                            0x080023fc   Section        0  bsp_spi.o(i.SPI1_IsBusy)
    i.SPI1_ReadWriteByte                     0x08002408   Section        0  bsp_spi.o(i.SPI1_ReadWriteByte)
    i.SPI1_TransferAsync_DMA                 0x08002420   Section        0  bsp_spi.o(i.SPI1_TransferAsync_DMA)
    i.SPI1_TransferByte                      0x080025f0   Section        0  bsp_spi.o(i.SPI1_TransferByte)
    i.SPI1_WaitDisable                       0x08002648   Section        0  bsp_spi.o(i.SPI1_WaitDisable)
    SPI1_WaitDisable                         0x08002649   Thumb Code    30  bsp_spi.o(i.SPI1_WaitDisable)
    i.SPI_Cmd                                0x0800266c   Section        0  stm32f4xx_spi.o(i.SPI_Cmd)
    i.SPI_I2S_DMACmd                         0x08002684   Section        0  stm32f4xx_spi.o(i.SPI_I2S_DMACmd)
    i.SPI_I2S_DeInit                         0x08002698   Section        0  stm32f4xx_spi.o(i.SPI_I2S_DeInit)
    i.SPI_I2S_GetFlagStatus                  0x08002748   Section        0  stm32f4xx_spi.o(i.SPI_I2S_GetFlagStatus)
    i.SPI_I2S_ReceiveData                    0x0800275a   Section        0  stm32f4xx_spi.o(i.SPI_I2S_ReceiveData)
    i.SPI_I2S_SendData                       0x08002760   Section        0  stm32f4xx_spi.o(i.SPI_I2S_SendData)
    i.SPI_Init                               0x08002764   Section        0  stm32f4xx_spi.o(i.SPI_Init)
    i.SPI_NSSInternalSoftwareConfig          0x080027a0   Section        0  stm32f4xx_spi.o(i.SPI_NSSInternalSoftwareConfig)
    i.SVC_Handler                            0x080027be   Section        0  stm32f4xx_it.o(i.SVC_Handler)
    i.SetSysClock                            0x080027c0   Section        0  system_stm32f4xx.o(i.SetSysClock)
    SetSysClock                              0x080027c1   Thumb Code   220  system_stm32f4xx.o(i.SetSysClock)
    i.SysTick_Handler                        0x080028ac   Section        0  stm32f4xx_it.o(i.SysTick_Handler)
    i.SystemInit                             0x080028bc   Section        0  system_stm32f4xx.o(i.SystemInit)
    i.UART1_GetChar                          0x08002924   Section        0  bsp_uart.o(i.UART1_GetChar)
    i.UART1_Init                             0x0800297c   Section        0  bsp_uart.o(i.UART1_Init)
    i.UART1_RX_IdleCallback                  0x08002b08   Section        0  bsp_uart.o(i.UART1_RX_IdleCallback)
    i.UART1_SendData_NonBlocking             0x08002b60   Section        0  bsp_uart.o(i.UART1_SendData_NonBlocking)
    i.UART1_TX_DMACallback                   0x08002bd8   Section        0  bsp_uart.o(i.UART1_TX_DMACallback)
    i.UART1_TxStart                          0x08002c1c   Section        0  bsp_uart.o(i.UART1_TxStart)
    UART1_TxStart                            0x08002c1d   Thumb Code   156  bsp_uart.o(i.UART1_TxStart)
    i.UART2_GetChar                          0x08002cd0   Section        0  bsp_uart.o(i.UART2_GetChar)
    i.UART2_Init                             0x08002d28   Section        0  bsp_uart.o(i.UART2_Init)
    i.UART2_RX_IdleCallback                  0x08002ecc   Section        0  bsp_uart.o(i.UART2_RX_IdleCallback)
    i.UART2_TX_DMACallback                   0x08002f3c   Section        0  bsp_uart.o(i.UART2_TX_DMACallback)
    i.UART2_TxStart                          0x08002f80   Section        0  bsp_uart.o(i.UART2_TxStart)
    UART2_TxStart                            0x08002f81   Thumb Code   166  bsp_uart.o(i.UART2_TxStart)
    i.USART1_IRQHandler                      0x08003044   Section        0  stm32f4xx_it.o(i.USART1_IRQHandler)
    i.USART2_IRQHandler                      0x080030b8   Section        0  stm32f4xx_it.o(i.USART2_IRQHandler)
    i.USART_Cmd                              0x08003114   Section        0  stm32f4xx_usart.o(i.USART_Cmd)
    i.USART_DMACmd                           0x0800312c   Section        0  stm32f4xx_usart.o(i.USART_DMACmd)
    i.USART_GetITStatus                      0x0800313e   Section        0  stm32f4xx_usart.o(i.USART_GetITStatus)
    i.USART_ITConfig                         0x08003192   Section        0  stm32f4xx_usart.o(i.USART_ITConfig)
    i.USART_Init                             0x080031dc   Section        0  stm32f4xx_usart.o(i.USART_Init)
    i.UsageFault_Handler                     0x080032b0   Section        0  stm32f4xx_it.o(i.UsageFault_Handler)
    i._is_digit                              0x080032b4   Section        0  __printf_wp.o(i._is_digit)
    i.led_init                               0x080032c4   Section        0  bsp_led.o(i.led_init)
    i.main                                   0x080032f8   Section        0  main.o(i.main)
    i.scheduler_register                     0x080033c4   Section        0  task_scheduler.o(i.scheduler_register)
    i.scheduler_run                          0x0800340c   Section        0  task_scheduler.o(i.scheduler_run)
    i.task_debug_print                       0x08003454   Section        0  main.o(i.task_debug_print)
    i.task_echo1                             0x08003510   Section        0  main.o(i.task_echo1)
    i.task_echo2                             0x08003528   Section        0  main.o(i.task_echo2)
    i.task_led_blink                         0x08003530   Section        0  bsp_led.o(i.task_led_blink)
    x$fpl$fpinit                             0x08003544   Section       10  fpinit.o(x$fpl$fpinit)
    $v0                                      0x08003544   Number         0  fpinit.o(x$fpl$fpinit)
    .constdata                               0x0800354e   Section       40  _printf_hex_int.o(.constdata)
    uc_hextab                                0x0800354e   Data          20  _printf_hex_int.o(.constdata)
    lc_hextab                                0x08003562   Data          20  _printf_hex_int.o(.constdata)
    .constdata                               0x08003576   Section       17  __printf_flags_ss_wp.o(.constdata)
    maptable                                 0x08003576   Data          17  __printf_flags_ss_wp.o(.constdata)
    .conststring                             0x08003588   Section      119  app_pmw3901_task.o(.conststring)
    .data                                    0x20000000   Section       20  system_stm32f4xx.o(.data)
    .data                                    0x20000014   Section       16  stm32f4xx_rcc.o(.data)
    APBAHBPrescTable                         0x20000014   Data          16  stm32f4xx_rcc.o(.data)
    .data                                    0x20000024   Section        4  bsp_timer.o(.data)
    .data                                    0x20000028   Section       52  main.o(.data)
    last_print                               0x20000058   Data           4  main.o(.data)
    .data                                    0x2000005c   Section        1  task_scheduler.o(.data)
    task_count                               0x2000005c   Data           1  task_scheduler.o(.data)
    .data                                    0x20000060   Section       32  app_pmw3901_task.o(.data)
    g_pmw_inited                             0x20000060   Data           1  app_pmw3901_task.o(.data)
    g_pmw_started                            0x20000061   Data           1  app_pmw3901_task.o(.data)
    g_task_pmw_read                          0x20000064   Data          12  app_pmw3901_task.o(.data)
    g_task_pmw_print                         0x20000070   Data          12  app_pmw3901_task.o(.data)
    last_start                               0x2000007c   Data           4  app_pmw3901_task.o(.data)
    .data                                    0x20000080   Section       18  bsp_uart.o(.data)
    uart1_tx_wr                              0x20000080   Data           2  bsp_uart.o(.data)
    uart1_tx_rd                              0x20000082   Data           2  bsp_uart.o(.data)
    uart1_tx_busy                            0x20000084   Data           1  bsp_uart.o(.data)
    uart1_tx_len                             0x20000086   Data           2  bsp_uart.o(.data)
    uart2_tx_wr                              0x20000088   Data           2  bsp_uart.o(.data)
    uart2_tx_rd                              0x2000008a   Data           2  bsp_uart.o(.data)
    uart2_tx_busy                            0x2000008c   Data           1  bsp_uart.o(.data)
    uart2_tx_len                             0x2000008e   Data           2  bsp_uart.o(.data)
    .data                                    0x20000094   Section       12  bsp_spi.o(.data)
    spi1_busy                                0x20000094   Data           1  bsp_spi.o(.data)
    spi1_cb_called                           0x20000095   Data           1  bsp_spi.o(.data)
    spi1_done_cb                             0x20000098   Data           4  bsp_spi.o(.data)
    spi1_done_ctx                            0x2000009c   Data           4  bsp_spi.o(.data)
    .data                                    0x200000a0   Section        5  k210_protocol.o(.data)
    k210_state                               0x200000a0   Data           1  k210_protocol.o(.data)
    k210_frame_type                          0x200000a1   Data           1  k210_protocol.o(.data)
    k210_frame_len                           0x200000a2   Data           1  k210_protocol.o(.data)
    k210_frame_idx                           0x200000a3   Data           1  k210_protocol.o(.data)
    k210_checksum                            0x200000a4   Data           1  k210_protocol.o(.data)
    .data                                    0x200000a8   Section       20  pmw3901.o(.data)
    pmw3901_async_state                      0x200000a8   Data           1  pmw3901.o(.data)
    pmw3901_async_flow                       0x200000ac   Data           4  pmw3901.o(.data)
    pmw3901_cmd_tx                           0x200000b0   Data           1  pmw3901.o(.data)
    pmw3901_cmd_rx                           0x200000b1   Data           1  pmw3901.o(.data)
    pmw3901_dma_done                         0x200000b2   Data           1  pmw3901.o(.data)
    pmw3901_dma_status                       0x200000b3   Data           1  pmw3901.o(.data)
    pmw3901_motion_done                      0x200000b4   Data           1  pmw3901.o(.data)
    pmw3901_state_tick                       0x200000b8   Data           4  pmw3901.o(.data)
    .bss                                     0x200000bc   Section       64  task_scheduler.o(.bss)
    task_list                                0x200000bc   Data          64  task_scheduler.o(.bss)
    .bss                                     0x200000fc   Section       32  app_pmw3901_task.o(.bss)
    g_pmw_data                               0x200000fc   Data          20  app_pmw3901_task.o(.bss)
    g_pmw_raw                                0x20000110   Data          12  app_pmw3901_task.o(.bss)
    .bss                                     0x2000011c   Section     2060  bsp_uart.o(.bss)
    uart1_tx_buf                             0x2000011c   Data         512  bsp_uart.o(.bss)
    uart1_rx_buf                             0x2000031c   Data         262  bsp_uart.o(.bss)
    uart2_tx_buf                             0x20000522   Data         512  bsp_uart.o(.bss)
    uart2_rx_buf                             0x20000722   Data         262  bsp_uart.o(.bss)
    .bss                                     0x20000928   Section       52  bsp_i2c.o(.bss)
    g_i2c                                    0x20000928   Data          20  bsp_i2c.o(.bss)
    g_i2c_tx_copy                            0x2000093c   Data          32  bsp_i2c.o(.bss)
    .bss                                     0x2000095c   Section       32  k210_protocol.o(.bss)
    k210_data                                0x2000095c   Data          16  k210_protocol.o(.bss)
    k210_payload                             0x2000096c   Data          16  k210_protocol.o(.bss)
    .bss                                     0x2000097c   Section       24  pmw3901.o(.bss)
    pmw3901_dummy_tx                         0x2000097c   Data          12  pmw3901.o(.bss)
    pmw3901_burst_rx                         0x20000988   Data          12  pmw3901.o(.bss)
    .bss                                     0x20000994   Section       96  libspace.o(.bss)
    HEAP                                     0x200009f8   Section      512  startup_stm32f40xx.o(HEAP)
    Heap_Mem                                 0x200009f8   Data         512  startup_stm32f40xx.o(HEAP)
    STACK                                    0x20000bf8   Section     1024  startup_stm32f40xx.o(STACK)
    Stack_Mem                                0x20000bf8   Data        1024  startup_stm32f40xx.o(STACK)
    __initial_sp                             0x20000ff8   Data           0  startup_stm32f40xx.o(STACK)

    Global Symbols

    Symbol Name                              Value     Ov Type        Size  Object(Section)

    BuildAttributes$$THM_ISAv4$E$P$D$K$B$S$7EM$VFPi3$EXTD16$VFPS$VFMA$PE$A:L22UL41UL21$X:L11$S22US41US21$IEEE1$IW$USESV6$~STKCKD$USESV7$~SHL$OTIME$ROPI$IEEEX$EBA8$UX$STANDARDLIB$REQ8$PRES8$EABIv2 0x00000000   Number         0  anon$$obj.o ABSOLUTE
    __ARM_use_no_argv                        0x00000000   Number         0  main.o ABSOLUTE
    _printf_flags                            0x00000000   Number         0  printf_stubs.o ABSOLUTE
    _printf_return_value                     0x00000000   Number         0  printf_stubs.o ABSOLUTE
    _printf_sizespec                         0x00000000   Number         0  printf_stubs.o ABSOLUTE
    _printf_widthprec                        0x00000000   Number         0  printf_stubs.o ABSOLUTE
    __ARM_exceptions_init                     - Undefined Weak Reference
    __alloca_initialize                       - Undefined Weak Reference
    __arm_preinit_                            - Undefined Weak Reference
    __cpp_initialize__aeabi_                  - Undefined Weak Reference
    __cxa_finalize                            - Undefined Weak Reference
    __sigvec_lookup                           - Undefined Weak Reference
    _atexit_init                              - Undefined Weak Reference
    _call_atexit_fns                          - Undefined Weak Reference
    _clock_init                               - Undefined Weak Reference
    _fp_trap_init                             - Undefined Weak Reference
    _fp_trap_shutdown                         - Undefined Weak Reference
    _get_lc_collate                           - Undefined Weak Reference
    _get_lc_ctype                             - Undefined Weak Reference
    _get_lc_monetary                          - Undefined Weak Reference
    _get_lc_time                              - Undefined Weak Reference
    _getenv_init                              - Undefined Weak Reference
    _handle_redirection                       - Undefined Weak Reference
    _init_alloc                               - Undefined Weak Reference
    _init_user_alloc                          - Undefined Weak Reference
    _initio                                   - Undefined Weak Reference
    _printf_mbtowc                            - Undefined Weak Reference
    _printf_truncate_signed                   - Undefined Weak Reference
    _printf_truncate_unsigned                 - Undefined Weak Reference
    _rand_init                                - Undefined Weak Reference
    _signal_finish                            - Undefined Weak Reference
    _signal_init                              - Undefined Weak Reference
    _terminate_alloc                          - Undefined Weak Reference
    _terminate_user_alloc                     - Undefined Weak Reference
    _terminateio                              - Undefined Weak Reference
    __Vectors_Size                           0x00000188   Number         0  startup_stm32f40xx.o ABSOLUTE
    __Vectors                                0x08000000   Data           4  startup_stm32f40xx.o(RESET)
    __Vectors_End                            0x08000188   Data           0  startup_stm32f40xx.o(RESET)
    __main                                   0x08000189   Thumb Code     8  __main.o(!!!main)
    __scatterload                            0x08000191   Thumb Code     0  __scatter.o(!!!scatter)
    __scatterload_rt2                        0x08000191   Thumb Code    44  __scatter.o(!!!scatter)
    __scatterload_rt2_thumb_only             0x08000191   Thumb Code     0  __scatter.o(!!!scatter)
    __scatterload_null                       0x0800019f   Thumb Code     0  __scatter.o(!!!scatter)
    __scatterload_copy                       0x080001c5   Thumb Code    26  __scatter_copy.o(!!handler_copy)
    __scatterload_zeroinit                   0x080001e1   Thumb Code    28  __scatter_zi.o(!!handler_zi)
    _printf_d                                0x080001fd   Thumb Code     0  _printf_d.o(.ARM.Collect$$_printf_percent$$00000009)
    _printf_percent                          0x080001fd   Thumb Code     0  _printf_percent.o(.ARM.Collect$$_printf_percent$$00000000)
    _printf_u                                0x08000203   Thumb Code     0  _printf_u.o(.ARM.Collect$$_printf_percent$$0000000A)
    _printf_x                                0x08000209   Thumb Code     0  _printf_x.o(.ARM.Collect$$_printf_percent$$0000000C)
    _printf_percent_end                      0x0800020f   Thumb Code     0  _printf_percent_end.o(.ARM.Collect$$_printf_percent$$00000017)
    __rt_lib_init                            0x08000213   Thumb Code     0  libinit.o(.ARM.Collect$$libinit$$00000000)
    __rt_lib_init_fp_1                       0x08000215   Thumb Code     0  libinit2.o(.ARM.Collect$$libinit$$00000001)
    __rt_lib_init_alloca_1                   0x08000219   Thumb Code     0  libinit2.o(.ARM.Collect$$libinit$$0000002E)
    __rt_lib_init_argv_1                     0x08000219   Thumb Code     0  libinit2.o(.ARM.Collect$$libinit$$0000002C)
    __rt_lib_init_atexit_1                   0x08000219   Thumb Code     0  libinit2.o(.ARM.Collect$$libinit$$0000001B)
    __rt_lib_init_clock_1                    0x08000219   Thumb Code     0  libinit2.o(.ARM.Collect$$libinit$$00000021)
    __rt_lib_init_cpp_1                      0x08000219   Thumb Code     0  libinit2.o(.ARM.Collect$$libinit$$00000032)
    __rt_lib_init_exceptions_1               0x08000219   Thumb Code     0  libinit2.o(.ARM.Collect$$libinit$$00000030)
    __rt_lib_init_fp_trap_1                  0x08000219   Thumb Code     0  libinit2.o(.ARM.Collect$$libinit$$0000001F)
    __rt_lib_init_getenv_1                   0x08000219   Thumb Code     0  libinit2.o(.ARM.Collect$$libinit$$00000023)
    __rt_lib_init_heap_1                     0x08000219   Thumb Code     0  libinit2.o(.ARM.Collect$$libinit$$0000000A)
    __rt_lib_init_lc_collate_1               0x08000219   Thumb Code     0  libinit2.o(.ARM.Collect$$libinit$$00000011)
    __rt_lib_init_lc_ctype_1                 0x08000219   Thumb Code     0  libinit2.o(.ARM.Collect$$libinit$$00000013)
    __rt_lib_init_lc_monetary_1              0x08000219   Thumb Code     0  libinit2.o(.ARM.Collect$$libinit$$00000015)
    __rt_lib_init_lc_numeric_1               0x08000219   Thumb Code     0  libinit2.o(.ARM.Collect$$libinit$$00000017)
    __rt_lib_init_lc_time_1                  0x08000219   Thumb Code     0  libinit2.o(.ARM.Collect$$libinit$$00000019)
    __rt_lib_init_preinit_1                  0x08000219   Thumb Code     0  libinit2.o(.ARM.Collect$$libinit$$00000004)
    __rt_lib_init_rand_1                     0x08000219   Thumb Code     0  libinit2.o(.ARM.Collect$$libinit$$0000000E)
    __rt_lib_init_return                     0x08000219   Thumb Code     0  libinit2.o(.ARM.Collect$$libinit$$00000033)
    __rt_lib_init_signal_1                   0x08000219   Thumb Code     0  libinit2.o(.ARM.Collect$$libinit$$0000001D)
    __rt_lib_init_stdio_1                    0x08000219   Thumb Code     0  libinit2.o(.ARM.Collect$$libinit$$00000025)
    __rt_lib_init_user_alloc_1               0x08000219   Thumb Code     0  libinit2.o(.ARM.Collect$$libinit$$0000000C)
    __rt_lib_shutdown                        0x0800021b   Thumb Code     0  libshutdown.o(.ARM.Collect$$libshutdown$$00000000)
    __rt_lib_shutdown_cpp_1                  0x0800021d   Thumb Code     0  libshutdown2.o(.ARM.Collect$$libshutdown$$00000002)
    __rt_lib_shutdown_fp_trap_1              0x0800021d   Thumb Code     0  libshutdown2.o(.ARM.Collect$$libshutdown$$00000007)
    __rt_lib_shutdown_heap_1                 0x0800021d   Thumb Code     0  libshutdown2.o(.ARM.Collect$$libshutdown$$0000000F)
    __rt_lib_shutdown_return                 0x0800021d   Thumb Code     0  libshutdown2.o(.ARM.Collect$$libshutdown$$00000010)
    __rt_lib_shutdown_signal_1               0x0800021d   Thumb Code     0  libshutdown2.o(.ARM.Collect$$libshutdown$$0000000A)
    __rt_lib_shutdown_stdio_1                0x0800021d   Thumb Code     0  libshutdown2.o(.ARM.Collect$$libshutdown$$00000004)
    __rt_lib_shutdown_user_alloc_1           0x0800021d   Thumb Code     0  libshutdown2.o(.ARM.Collect$$libshutdown$$0000000C)
    __rt_entry                               0x0800021f   Thumb Code     0  __rtentry.o(.ARM.Collect$$rtentry$$00000000)
    __rt_entry_presh_1                       0x0800021f   Thumb Code     0  __rtentry2.o(.ARM.Collect$$rtentry$$00000002)
    __rt_entry_sh                            0x0800021f   Thumb Code     0  __rtentry4.o(.ARM.Collect$$rtentry$$00000004)
    __rt_entry_li                            0x08000225   Thumb Code     0  __rtentry2.o(.ARM.Collect$$rtentry$$0000000A)
    __rt_entry_postsh_1                      0x08000225   Thumb Code     0  __rtentry2.o(.ARM.Collect$$rtentry$$00000009)
    __rt_entry_main                          0x08000229   Thumb Code     0  __rtentry2.o(.ARM.Collect$$rtentry$$0000000D)
    __rt_entry_postli_1                      0x08000229   Thumb Code     0  __rtentry2.o(.ARM.Collect$$rtentry$$0000000C)
    __rt_exit                                0x08000231   Thumb Code     0  rtexit.o(.ARM.Collect$$rtexit$$00000000)
    __rt_exit_ls                             0x08000233   Thumb Code     0  rtexit2.o(.ARM.Collect$$rtexit$$00000003)
    __rt_exit_prels_1                        0x08000233   Thumb Code     0  rtexit2.o(.ARM.Collect$$rtexit$$00000002)
    __rt_exit_exit                           0x08000237   Thumb Code     0  rtexit2.o(.ARM.Collect$$rtexit$$00000004)
    Reset_Handler                            0x0800023d   Thumb Code     8  startup_stm32f40xx.o(.text)
    ADC_IRQHandler                           0x08000257   Thumb Code     0  startup_stm32f40xx.o(.text)
    CAN1_RX0_IRQHandler                      0x08000257   Thumb Code     0  startup_stm32f40xx.o(.text)
    CAN1_RX1_IRQHandler                      0x08000257   Thumb Code     0  startup_stm32f40xx.o(.text)
    CAN1_SCE_IRQHandler                      0x08000257   Thumb Code     0  startup_stm32f40xx.o(.text)
    CAN1_TX_IRQHandler                       0x08000257   Thumb Code     0  startup_stm32f40xx.o(.text)
    CAN2_RX0_IRQHandler                      0x08000257   Thumb Code     0  startup_stm32f40xx.o(.text)
    CAN2_RX1_IRQHandler                      0x08000257   Thumb Code     0  startup_stm32f40xx.o(.text)
    CAN2_SCE_IRQHandler                      0x08000257   Thumb Code     0  startup_stm32f40xx.o(.text)
    CAN2_TX_IRQHandler                       0x08000257   Thumb Code     0  startup_stm32f40xx.o(.text)
    CRYP_IRQHandler                          0x08000257   Thumb Code     0  startup_stm32f40xx.o(.text)
    DCMI_IRQHandler                          0x08000257   Thumb Code     0  startup_stm32f40xx.o(.text)
    DMA1_Stream1_IRQHandler                  0x08000257   Thumb Code     0  startup_stm32f40xx.o(.text)
    DMA1_Stream2_IRQHandler                  0x08000257   Thumb Code     0  startup_stm32f40xx.o(.text)
    DMA1_Stream3_IRQHandler                  0x08000257   Thumb Code     0  startup_stm32f40xx.o(.text)
    DMA1_Stream4_IRQHandler                  0x08000257   Thumb Code     0  startup_stm32f40xx.o(.text)
    DMA1_Stream5_IRQHandler                  0x08000257   Thumb Code     0  startup_stm32f40xx.o(.text)
    DMA2_Stream1_IRQHandler                  0x08000257   Thumb Code     0  startup_stm32f40xx.o(.text)
    DMA2_Stream2_IRQHandler                  0x08000257   Thumb Code     0  startup_stm32f40xx.o(.text)
    DMA2_Stream4_IRQHandler                  0x08000257   Thumb Code     0  startup_stm32f40xx.o(.text)
    DMA2_Stream5_IRQHandler                  0x08000257   Thumb Code     0  startup_stm32f40xx.o(.text)
    DMA2_Stream6_IRQHandler                  0x08000257   Thumb Code     0  startup_stm32f40xx.o(.text)
    ETH_IRQHandler                           0x08000257   Thumb Code     0  startup_stm32f40xx.o(.text)
    ETH_WKUP_IRQHandler                      0x08000257   Thumb Code     0  startup_stm32f40xx.o(.text)
    EXTI0_IRQHandler                         0x08000257   Thumb Code     0  startup_stm32f40xx.o(.text)
    EXTI15_10_IRQHandler                     0x08000257   Thumb Code     0  startup_stm32f40xx.o(.text)
    EXTI1_IRQHandler                         0x08000257   Thumb Code     0  startup_stm32f40xx.o(.text)
    EXTI2_IRQHandler                         0x08000257   Thumb Code     0  startup_stm32f40xx.o(.text)
    EXTI3_IRQHandler                         0x08000257   Thumb Code     0  startup_stm32f40xx.o(.text)
    EXTI4_IRQHandler                         0x08000257   Thumb Code     0  startup_stm32f40xx.o(.text)
    EXTI9_5_IRQHandler                       0x08000257   Thumb Code     0  startup_stm32f40xx.o(.text)
    FLASH_IRQHandler                         0x08000257   Thumb Code     0  startup_stm32f40xx.o(.text)
    FPU_IRQHandler                           0x08000257   Thumb Code     0  startup_stm32f40xx.o(.text)
    FSMC_IRQHandler                          0x08000257   Thumb Code     0  startup_stm32f40xx.o(.text)
    HASH_RNG_IRQHandler                      0x08000257   Thumb Code     0  startup_stm32f40xx.o(.text)
    I2C2_ER_IRQHandler                       0x08000257   Thumb Code     0  startup_stm32f40xx.o(.text)
    I2C2_EV_IRQHandler                       0x08000257   Thumb Code     0  startup_stm32f40xx.o(.text)
    I2C3_ER_IRQHandler                       0x08000257   Thumb Code     0  startup_stm32f40xx.o(.text)
    I2C3_EV_IRQHandler                       0x08000257   Thumb Code     0  startup_stm32f40xx.o(.text)
    OTG_FS_IRQHandler                        0x08000257   Thumb Code     0  startup_stm32f40xx.o(.text)
    OTG_FS_WKUP_IRQHandler                   0x08000257   Thumb Code     0  startup_stm32f40xx.o(.text)
    OTG_HS_EP1_IN_IRQHandler                 0x08000257   Thumb Code     0  startup_stm32f40xx.o(.text)
    OTG_HS_EP1_OUT_IRQHandler                0x08000257   Thumb Code     0  startup_stm32f40xx.o(.text)
    OTG_HS_IRQHandler                        0x08000257   Thumb Code     0  startup_stm32f40xx.o(.text)
    OTG_HS_WKUP_IRQHandler                   0x08000257   Thumb Code     0  startup_stm32f40xx.o(.text)
    PVD_IRQHandler                           0x08000257   Thumb Code     0  startup_stm32f40xx.o(.text)
    RCC_IRQHandler                           0x08000257   Thumb Code     0  startup_stm32f40xx.o(.text)
    RTC_Alarm_IRQHandler                     0x08000257   Thumb Code     0  startup_stm32f40xx.o(.text)
    RTC_WKUP_IRQHandler                      0x08000257   Thumb Code     0  startup_stm32f40xx.o(.text)
    SDIO_IRQHandler                          0x08000257   Thumb Code     0  startup_stm32f40xx.o(.text)
    SPI1_IRQHandler                          0x08000257   Thumb Code     0  startup_stm32f40xx.o(.text)
    SPI2_IRQHandler                          0x08000257   Thumb Code     0  startup_stm32f40xx.o(.text)
    SPI3_IRQHandler                          0x08000257   Thumb Code     0  startup_stm32f40xx.o(.text)
    TAMP_STAMP_IRQHandler                    0x08000257   Thumb Code     0  startup_stm32f40xx.o(.text)
    TIM1_BRK_TIM9_IRQHandler                 0x08000257   Thumb Code     0  startup_stm32f40xx.o(.text)
    TIM1_CC_IRQHandler                       0x08000257   Thumb Code     0  startup_stm32f40xx.o(.text)
    TIM1_TRG_COM_TIM11_IRQHandler            0x08000257   Thumb Code     0  startup_stm32f40xx.o(.text)
    TIM1_UP_TIM10_IRQHandler                 0x08000257   Thumb Code     0  startup_stm32f40xx.o(.text)
    TIM2_IRQHandler                          0x08000257   Thumb Code     0  startup_stm32f40xx.o(.text)
    TIM3_IRQHandler                          0x08000257   Thumb Code     0  startup_stm32f40xx.o(.text)
    TIM4_IRQHandler                          0x08000257   Thumb Code     0  startup_stm32f40xx.o(.text)
    TIM5_IRQHandler                          0x08000257   Thumb Code     0  startup_stm32f40xx.o(.text)
    TIM6_DAC_IRQHandler                      0x08000257   Thumb Code     0  startup_stm32f40xx.o(.text)
    TIM7_IRQHandler                          0x08000257   Thumb Code     0  startup_stm32f40xx.o(.text)
    TIM8_BRK_TIM12_IRQHandler                0x08000257   Thumb Code     0  startup_stm32f40xx.o(.text)
    TIM8_CC_IRQHandler                       0x08000257   Thumb Code     0  startup_stm32f40xx.o(.text)
    TIM8_TRG_COM_TIM14_IRQHandler            0x08000257   Thumb Code     0  startup_stm32f40xx.o(.text)
    TIM8_UP_TIM13_IRQHandler                 0x08000257   Thumb Code     0  startup_stm32f40xx.o(.text)
    UART4_IRQHandler                         0x08000257   Thumb Code     0  startup_stm32f40xx.o(.text)
    UART5_IRQHandler                         0x08000257   Thumb Code     0  startup_stm32f40xx.o(.text)
    USART3_IRQHandler                        0x08000257   Thumb Code     0  startup_stm32f40xx.o(.text)
    USART6_IRQHandler                        0x08000257   Thumb Code     0  startup_stm32f40xx.o(.text)
    WWDG_IRQHandler                          0x08000257   Thumb Code     0  startup_stm32f40xx.o(.text)
    __user_initial_stackheap                 0x08000259   Thumb Code     0  startup_stm32f40xx.o(.text)
    __2snprintf                              0x0800027d   Thumb Code    48  noretval__2snprintf.o(.text)
    _printf_pre_padding                      0x080002b1   Thumb Code    44  _printf_pad.o(.text)
    _printf_post_padding                     0x080002dd   Thumb Code    34  _printf_pad.o(.text)
    _printf_int_dec                          0x08000301   Thumb Code   104  _printf_dec.o(.text)
    _printf_int_hex                          0x08000379   Thumb Code    84  _printf_hex_int.o(.text)
    _printf_longlong_hex                     0x08000379   Thumb Code     0  _printf_hex_int.o(.text)
    __printf                                 0x080003d1   Thumb Code   388  __printf_flags_ss_wp.o(.text)
    strlen                                   0x08000559   Thumb Code    62  strlen.o(.text)
    __aeabi_memclr4                          0x08000597   Thumb Code     0  rt_memclr_w.o(.text)
    __aeabi_memclr8                          0x08000597   Thumb Code     0  rt_memclr_w.o(.text)
    __rt_memclr_w                            0x08000597   Thumb Code    78  rt_memclr_w.o(.text)
    _memset_w                                0x0800059b   Thumb Code     0  rt_memclr_w.o(.text)
    __use_two_region_memory                  0x080005e5   Thumb Code     2  heapauxi.o(.text)
    __rt_heap_escrow$2region                 0x080005e7   Thumb Code     2  heapauxi.o(.text)
    __rt_heap_expand$2region                 0x080005e9   Thumb Code     2  heapauxi.o(.text)
    _printf_int_common                       0x080005eb   Thumb Code   178  _printf_intcommon.o(.text)
    _printf_char_common                      0x080006a7   Thumb Code    32  _printf_char_common.o(.text)
    _sputc                                   0x080006cd   Thumb Code    10  _sputc.o(.text)
    _snputc                                  0x080006d7   Thumb Code    16  _snputc.o(.text)
    __user_libspace                          0x080006e9   Thumb Code     8  libspace.o(.text)
    __user_perproc_libspace                  0x080006e9   Thumb Code     0  libspace.o(.text)
    __user_perthread_libspace                0x080006e9   Thumb Code     0  libspace.o(.text)
    __user_setup_stackheap                   0x080006f1   Thumb Code    74  sys_stackheap_outer.o(.text)
    exit                                     0x0800073b   Thumb Code    18  exit.o(.text)
    _sys_exit                                0x0800074d   Thumb Code     8  sys_exit.o(.text)
    __I$use$semihosting                      0x08000759   Thumb Code     0  use_no_semi.o(.text)
    __use_no_semihosting_swi                 0x08000759   Thumb Code     2  use_no_semi.o(.text)
    __semihosting_library_function           0x0800075b   Thumb Code     0  indicate_semi.o(.text)
    App_PMW3901_Init                         0x0800075d   Thumb Code   128  app_pmw3901_task.o(i.App_PMW3901_Init)
    App_PMW3901_PrintTask                    0x08000851   Thumb Code   136  app_pmw3901_task.o(i.App_PMW3901_PrintTask)
    App_PMW3901_RegisterTasks                0x080008e9   Thumb Code    16  app_pmw3901_task.o(i.App_PMW3901_RegisterTasks)
    App_PMW3901_Task                         0x08000901   Thumb Code    82  app_pmw3901_task.o(i.App_PMW3901_Task)
    BusFault_Handler                         0x08000969   Thumb Code     4  stm32f4xx_it.o(i.BusFault_Handler)
    DMA1_Stream0_IRQHandler                  0x0800096d   Thumb Code     8  stm32f4xx_it.o(i.DMA1_Stream0_IRQHandler)
    DMA1_Stream6_IRQHandler                  0x08000975   Thumb Code    26  stm32f4xx_it.o(i.DMA1_Stream6_IRQHandler)
    DMA1_Stream7_IRQHandler                  0x08000999   Thumb Code     8  stm32f4xx_it.o(i.DMA1_Stream7_IRQHandler)
    DMA2_Stream0_IRQHandler                  0x080009a1   Thumb Code     8  stm32f4xx_it.o(i.DMA2_Stream0_IRQHandler)
    DMA2_Stream3_IRQHandler                  0x080009a9   Thumb Code     8  stm32f4xx_it.o(i.DMA2_Stream3_IRQHandler)
    DMA2_Stream7_IRQHandler                  0x080009b1   Thumb Code    26  stm32f4xx_it.o(i.DMA2_Stream7_IRQHandler)
    DMA_ClearFlag                            0x080009d5   Thumb Code    38  stm32f4xx_dma.o(i.DMA_ClearFlag)
    DMA_ClearITPendingBit                    0x08000a09   Thumb Code    38  stm32f4xx_dma.o(i.DMA_ClearITPendingBit)
    DMA_Cmd                                  0x08000a3d   Thumb Code    22  stm32f4xx_dma.o(i.DMA_Cmd)
    DMA_DeInit                               0x08000a55   Thumb Code   324  stm32f4xx_dma.o(i.DMA_DeInit)
    DMA_GetCmdStatus                         0x08000bad   Thumb Code    20  stm32f4xx_dma.o(i.DMA_GetCmdStatus)
    DMA_GetCurrDataCounter                   0x08000bc1   Thumb Code     8  stm32f4xx_dma.o(i.DMA_GetCurrDataCounter)
    DMA_GetITStatus                          0x08000bc9   Thumb Code    82  stm32f4xx_dma.o(i.DMA_GetITStatus)
    DMA_ITConfig                             0x08000c2d   Thumb Code    58  stm32f4xx_dma.o(i.DMA_ITConfig)
    DMA_Init                                 0x08000c69   Thumb Code    82  stm32f4xx_dma.o(i.DMA_Init)
    DMA_StructInit                           0x08000cc1   Thumb Code    34  stm32f4xx_dma.o(i.DMA_StructInit)
    DebugMon_Handler                         0x08000d03   Thumb Code     2  stm32f4xx_it.o(i.DebugMon_Handler)
    GPIO_Init                                0x08000d05   Thumb Code   144  stm32f4xx_gpio.o(i.GPIO_Init)
    GPIO_PinAFConfig                         0x08000d95   Thumb Code    70  stm32f4xx_gpio.o(i.GPIO_PinAFConfig)
    GPIO_ResetBits                           0x08000ddb   Thumb Code     6  stm32f4xx_gpio.o(i.GPIO_ResetBits)
    GPIO_SetBits                             0x08000de1   Thumb Code     4  stm32f4xx_gpio.o(i.GPIO_SetBits)
    GPIO_ToggleBits                          0x08000de5   Thumb Code     8  stm32f4xx_gpio.o(i.GPIO_ToggleBits)
    GetTick                                  0x08000ded   Thumb Code     6  bsp_timer.o(i.GetTick)
    HardFault_Handler                        0x08000df9   Thumb Code     4  stm32f4xx_it.o(i.HardFault_Handler)
    I2C1_DMA_RX_ISR                          0x08000f3d   Thumb Code   110  bsp_i2c.o(i.I2C1_DMA_RX_ISR)
    I2C1_DMA_TX_ISR                          0x08000fc9   Thumb Code   104  bsp_i2c.o(i.I2C1_DMA_TX_ISR)
    I2C1_ER_IRQHandler                       0x08001051   Thumb Code     8  stm32f4xx_it.o(i.I2C1_ER_IRQHandler)
    I2C1_ER_ISR                              0x08001059   Thumb Code    32  bsp_i2c.o(i.I2C1_ER_ISR)
    I2C1_EV_IRQHandler                       0x08001081   Thumb Code     8  stm32f4xx_it.o(i.I2C1_EV_IRQHandler)
    I2C1_EV_ISR                              0x08001089   Thumb Code   434  bsp_i2c.o(i.I2C1_EV_ISR)
    I2C1_Init                                0x0800128d   Thumb Code   316  bsp_i2c.o(i.I2C1_Init)
    I2C_AcknowledgeConfig                    0x08001479   Thumb Code    24  stm32f4xx_i2c.o(i.I2C_AcknowledgeConfig)
    I2C_ClearITPendingBit                    0x08001491   Thumb Code    12  stm32f4xx_i2c.o(i.I2C_ClearITPendingBit)
    I2C_Cmd                                  0x0800149d   Thumb Code    24  stm32f4xx_i2c.o(i.I2C_Cmd)
    I2C_DMACmd                               0x080014b5   Thumb Code    24  stm32f4xx_i2c.o(i.I2C_DMACmd)
    I2C_DMALastTransferCmd                   0x080014cd   Thumb Code    24  stm32f4xx_i2c.o(i.I2C_DMALastTransferCmd)
    I2C_DeInit                               0x080014e5   Thumb Code    82  stm32f4xx_i2c.o(i.I2C_DeInit)
    I2C_GenerateSTART                        0x08001545   Thumb Code    24  stm32f4xx_i2c.o(i.I2C_GenerateSTART)
    I2C_GenerateSTOP                         0x0800155d   Thumb Code    24  stm32f4xx_i2c.o(i.I2C_GenerateSTOP)
    I2C_ITConfig                             0x08001575   Thumb Code    18  stm32f4xx_i2c.o(i.I2C_ITConfig)
    I2C_Init                                 0x08001589   Thumb Code   218  stm32f4xx_i2c.o(i.I2C_Init)
    I2C_ReceiveData                          0x08001671   Thumb Code     8  stm32f4xx_i2c.o(i.I2C_ReceiveData)
    I2C_Send7bitAddress                      0x08001679   Thumb Code    16  stm32f4xx_i2c.o(i.I2C_Send7bitAddress)
    I2C_SendData                             0x08001689   Thumb Code     4  stm32f4xx_i2c.o(i.I2C_SendData)
    I2C_SoftwareResetCmd                     0x0800168d   Thumb Code    22  stm32f4xx_i2c.o(i.I2C_SoftwareResetCmd)
    K210_ClearData                           0x080016a5   Thumb Code    22  k210_protocol.o(i.K210_ClearData)
    K210_GetData                             0x080016c1   Thumb Code     4  k210_protocol.o(i.K210_GetData)
    K210_Init                                0x080016c9   Thumb Code    12  k210_protocol.o(i.K210_Init)
    K210_ParseTask                           0x080016d5   Thumb Code   288  k210_protocol.o(i.K210_ParseTask)
    MemManage_Handler                        0x080018f1   Thumb Code     4  stm32f4xx_it.o(i.MemManage_Handler)
    NMI_Handler                              0x080018f5   Thumb Code     2  stm32f4xx_it.o(i.NMI_Handler)
    NVIC_Init                                0x080018f9   Thumb Code   106  misc.o(i.NVIC_Init)
    NVIC_PriorityGroupConfig                 0x08001971   Thumb Code    10  misc.o(i.NVIC_PriorityGroupConfig)
    PMW3901_GPIO_Init                        0x080019d9   Thumb Code    64  pmw3901.o(i.PMW3901_GPIO_Init)
    PMW3901_GetAsyncRaw                      0x08001a1d   Thumb Code    28  pmw3901.o(i.PMW3901_GetAsyncRaw)
    PMW3901_Init                             0x08001a3d   Thumb Code   118  pmw3901.o(i.PMW3901_Init)
    PMW3901_IsBusy                           0x08001ab9   Thumb Code    32  pmw3901.o(i.PMW3901_IsBusy)
    PMW3901_ReadID                           0x08001c8d   Thumb Code    10  pmw3901.o(i.PMW3901_ReadID)
    PMW3901_ReadMotion_Async                 0x08001c99   Thumb Code   144  pmw3901.o(i.PMW3901_ReadMotion_Async)
    PMW3901_ReadMotion_IsDone                0x08001d51   Thumb Code    24  pmw3901.o(i.PMW3901_ReadMotion_IsDone)
    PMW3901_ReadReg                          0x08001d71   Thumb Code    60  pmw3901.o(i.PMW3901_ReadReg)
    PMW3901_ReadRevisionID                   0x08001db1   Thumb Code    10  pmw3901.o(i.PMW3901_ReadRevisionID)
    PMW3901_Task                             0x08001dbd   Thumb Code   328  pmw3901.o(i.PMW3901_Task)
    PMW3901_WriteReg                         0x08001f2d   Thumb Code    50  pmw3901.o(i.PMW3901_WriteReg)
    PendSV_Handler                           0x08001f65   Thumb Code     2  stm32f4xx_it.o(i.PendSV_Handler)
    RCC_AHB1PeriphClockCmd                   0x08001f69   Thumb Code    26  stm32f4xx_rcc.o(i.RCC_AHB1PeriphClockCmd)
    RCC_APB1PeriphClockCmd                   0x08001f89   Thumb Code    26  stm32f4xx_rcc.o(i.RCC_APB1PeriphClockCmd)
    RCC_APB1PeriphResetCmd                   0x08001fa9   Thumb Code    26  stm32f4xx_rcc.o(i.RCC_APB1PeriphResetCmd)
    RCC_APB2PeriphClockCmd                   0x08001fc9   Thumb Code    26  stm32f4xx_rcc.o(i.RCC_APB2PeriphClockCmd)
    RCC_APB2PeriphResetCmd                   0x08001fe9   Thumb Code    26  stm32f4xx_rcc.o(i.RCC_APB2PeriphResetCmd)
    RCC_GetClocksFreq                        0x08002009   Thumb Code   214  stm32f4xx_rcc.o(i.RCC_GetClocksFreq)
    SPI1_DMA_IRQHandler_RX                   0x080020f1   Thumb Code    90  bsp_spi.o(i.SPI1_DMA_IRQHandler_RX)
    SPI1_DMA_IRQHandler_TX                   0x08002169   Thumb Code    48  bsp_spi.o(i.SPI1_DMA_IRQHandler_TX)
    SPI1_Init                                0x0800231d   Thumb Code   200  bsp_spi.o(i.SPI1_Init)
    SPI1_IsBusy                              0x080023fd   Thumb Code     6  bsp_spi.o(i.SPI1_IsBusy)
    SPI1_ReadWriteByte                       0x08002409   Thumb Code    22  bsp_spi.o(i.SPI1_ReadWriteByte)
    SPI1_TransferAsync_DMA                   0x08002421   Thumb Code   436  bsp_spi.o(i.SPI1_TransferAsync_DMA)
    SPI1_TransferByte                        0x080025f1   Thumb Code    80  bsp_spi.o(i.SPI1_TransferByte)
    SPI_Cmd                                  0x0800266d   Thumb Code    24  stm32f4xx_spi.o(i.SPI_Cmd)
    SPI_I2S_DMACmd                           0x08002685   Thumb Code    18  stm32f4xx_spi.o(i.SPI_I2S_DMACmd)
    SPI_I2S_DeInit                           0x08002699   Thumb Code   152  stm32f4xx_spi.o(i.SPI_I2S_DeInit)
    SPI_I2S_GetFlagStatus                    0x08002749   Thumb Code    18  stm32f4xx_spi.o(i.SPI_I2S_GetFlagStatus)
    SPI_I2S_ReceiveData                      0x0800275b   Thumb Code     6  stm32f4xx_spi.o(i.SPI_I2S_ReceiveData)
    SPI_I2S_SendData                         0x08002761   Thumb Code     4  stm32f4xx_spi.o(i.SPI_I2S_SendData)
    SPI_Init                                 0x08002765   Thumb Code    60  stm32f4xx_spi.o(i.SPI_Init)
    SPI_NSSInternalSoftwareConfig            0x080027a1   Thumb Code    30  stm32f4xx_spi.o(i.SPI_NSSInternalSoftwareConfig)
    SVC_Handler                              0x080027bf   Thumb Code     2  stm32f4xx_it.o(i.SVC_Handler)
    SysTick_Handler                          0x080028ad   Thumb Code    12  stm32f4xx_it.o(i.SysTick_Handler)
    SystemInit                               0x080028bd   Thumb Code    88  system_stm32f4xx.o(i.SystemInit)
    UART1_GetChar                            0x08002925   Thumb Code    82  bsp_uart.o(i.UART1_GetChar)
    UART1_Init                               0x0800297d   Thumb Code   374  bsp_uart.o(i.UART1_Init)
    UART1_RX_IdleCallback                    0x08002b09   Thumb Code    80  bsp_uart.o(i.UART1_RX_IdleCallback)
    UART1_SendData_NonBlocking               0x08002b61   Thumb Code   102  bsp_uart.o(i.UART1_SendData_NonBlocking)
    UART1_TX_DMACallback                     0x08002bd9   Thumb Code    52  bsp_uart.o(i.UART1_TX_DMACallback)
    UART2_GetChar                            0x08002cd1   Thumb Code    82  bsp_uart.o(i.UART2_GetChar)
    UART2_Init                               0x08002d29   Thumb Code   390  bsp_uart.o(i.UART2_Init)
    UART2_RX_IdleCallback                    0x08002ecd   Thumb Code    98  bsp_uart.o(i.UART2_RX_IdleCallback)
    UART2_TX_DMACallback                     0x08002f3d   Thumb Code    52  bsp_uart.o(i.UART2_TX_DMACallback)
    USART1_IRQHandler                        0x08003045   Thumb Code    98  stm32f4xx_it.o(i.USART1_IRQHandler)
    USART2_IRQHandler                        0x080030b9   Thumb Code    80  stm32f4xx_it.o(i.USART2_IRQHandler)
    USART_Cmd                                0x08003115   Thumb Code    24  stm32f4xx_usart.o(i.USART_Cmd)
    USART_DMACmd                             0x0800312d   Thumb Code    18  stm32f4xx_usart.o(i.USART_DMACmd)
    USART_GetITStatus                        0x0800313f   Thumb Code    84  stm32f4xx_usart.o(i.USART_GetITStatus)
    USART_ITConfig                           0x08003193   Thumb Code    74  stm32f4xx_usart.o(i.USART_ITConfig)
    USART_Init                               0x080031dd   Thumb Code   204  stm32f4xx_usart.o(i.USART_Init)
    UsageFault_Handler                       0x080032b1   Thumb Code     4  stm32f4xx_it.o(i.UsageFault_Handler)
    _is_digit                                0x080032b5   Thumb Code    14  __printf_wp.o(i._is_digit)
    led_init                                 0x080032c5   Thumb Code    48  bsp_led.o(i.led_init)
    main                                     0x080032f9   Thumb Code   158  main.o(i.main)
    scheduler_register                       0x080033c5   Thumb Code    64  task_scheduler.o(i.scheduler_register)
    scheduler_run                            0x0800340d   Thumb Code    64  task_scheduler.o(i.scheduler_run)
    task_debug_print                         0x08003455   Thumb Code   130  main.o(i.task_debug_print)
    task_echo1                               0x08003511   Thumb Code    24  main.o(i.task_echo1)
    task_echo2                               0x08003529   Thumb Code     8  main.o(i.task_echo2)
    task_led_blink                           0x08003531   Thumb Code    14  bsp_led.o(i.task_led_blink)
    _fp_init                                 0x08003545   Thumb Code    10  fpinit.o(x$fpl$fpinit)
    __fplib_config_fpu_vfp                   0x0800354d   Thumb Code     0  fpinit.o(x$fpl$fpinit)
    __fplib_config_pureend_doubles           0x0800354d   Thumb Code     0  fpinit.o(x$fpl$fpinit)
    Region$$Table$$Base                      0x08003600   Number         0  anon$$obj.o(Region$$Table)
    Region$$Table$$Limit                     0x08003620   Number         0  anon$$obj.o(Region$$Table)
    SystemCoreClock                          0x20000000   Data           4  system_stm32f4xx.o(.data)
    AHBPrescTable                            0x20000004   Data          16  system_stm32f4xx.o(.data)
    sys_tick                                 0x20000024   Data           4  bsp_timer.o(.data)
    echo_task1                               0x20000028   Data          12  main.o(.data)
    echo_task2                               0x20000034   Data          12  main.o(.data)
    task_led                                 0x20000040   Data          12  main.o(.data)
    task_debug                               0x2000004c   Data          12  main.o(.data)
    uart2_rx_pos                             0x20000090   Data           2  bsp_uart.o(.data)
    uart1_dma_rx_buf                         0x20000422   Data         256  bsp_uart.o(.bss)
    uart2_dma_rx_buf                         0x20000828   Data         256  bsp_uart.o(.bss)
    __libspace_start                         0x20000994   Data          96  libspace.o(.bss)
    __temporary_stack_top$libspace           0x200009f4   Data           0  libspace.o(.bss)



==============================================================================

Memory Map of the image

  Image Entry point : 0x08000189

  Load Region LR_IROM1 (Base: 0x08000000, Size: 0x000036dc, Max: 0x00100000, ABSOLUTE)

    Execution Region ER_IROM1 (Exec base: 0x08000000, Load base: 0x08000000, Size: 0x00003620, Max: 0x00100000, ABSOLUTE)

    Exec Addr    Load Addr    Size         Type   Attr      Idx    E Section Name        Object

    0x08000000   0x08000000   0x00000188   Data   RO         5156    RESET               startup_stm32f40xx.o
    0x08000188   0x08000188   0x00000008   Code   RO         9099  * !!!main             c_w.l(__main.o)
    0x08000190   0x08000190   0x00000034   Code   RO         9485    !!!scatter          c_w.l(__scatter.o)
    0x080001c4   0x080001c4   0x0000001a   Code   RO         9487    !!handler_copy      c_w.l(__scatter_copy.o)
    0x080001de   0x080001de   0x00000002   PAD
    0x080001e0   0x080001e0   0x0000001c   Code   RO         9489    !!handler_zi        c_w.l(__scatter_zi.o)
    0x080001fc   0x080001fc   0x00000000   Code   RO         9082    .ARM.Collect$$_printf_percent$$00000000  c_w.l(_printf_percent.o)
    0x080001fc   0x080001fc   0x00000006   Code   RO         9079    .ARM.Collect$$_printf_percent$$00000009  c_w.l(_printf_d.o)
    0x08000202   0x08000202   0x00000006   Code   RO         9080    .ARM.Collect$$_printf_percent$$0000000A  c_w.l(_printf_u.o)
    0x08000208   0x08000208   0x00000006   Code   RO         9078    .ARM.Collect$$_printf_percent$$0000000C  c_w.l(_printf_x.o)
    0x0800020e   0x0800020e   0x00000004   Code   RO         9186    .ARM.Collect$$_printf_percent$$00000017  c_w.l(_printf_percent_end.o)
    0x08000212   0x08000212   0x00000002   Code   RO         9348    .ARM.Collect$$libinit$$00000000  c_w.l(libinit.o)
    0x08000214   0x08000214   0x00000004   Code   RO         9349    .ARM.Collect$$libinit$$00000001  c_w.l(libinit2.o)
    0x08000218   0x08000218   0x00000000   Code   RO         9352    .ARM.Collect$$libinit$$00000004  c_w.l(libinit2.o)
    0x08000218   0x08000218   0x00000000   Code   RO         9355    .ARM.Collect$$libinit$$0000000A  c_w.l(libinit2.o)
    0x08000218   0x08000218   0x00000000   Code   RO         9357    .ARM.Collect$$libinit$$0000000C  c_w.l(libinit2.o)
    0x08000218   0x08000218   0x00000000   Code   RO         9359    .ARM.Collect$$libinit$$0000000E  c_w.l(libinit2.o)
    0x08000218   0x08000218   0x00000000   Code   RO         9362    .ARM.Collect$$libinit$$00000011  c_w.l(libinit2.o)
    0x08000218   0x08000218   0x00000000   Code   RO         9364    .ARM.Collect$$libinit$$00000013  c_w.l(libinit2.o)
    0x08000218   0x08000218   0x00000000   Code   RO         9366    .ARM.Collect$$libinit$$00000015  c_w.l(libinit2.o)
    0x08000218   0x08000218   0x00000000   Code   RO         9368    .ARM.Collect$$libinit$$00000017  c_w.l(libinit2.o)
    0x08000218   0x08000218   0x00000000   Code   RO         9370    .ARM.Collect$$libinit$$00000019  c_w.l(libinit2.o)
    0x08000218   0x08000218   0x00000000   Code   RO         9372    .ARM.Collect$$libinit$$0000001B  c_w.l(libinit2.o)
    0x08000218   0x08000218   0x00000000   Code   RO         9374    .ARM.Collect$$libinit$$0000001D  c_w.l(libinit2.o)
    0x08000218   0x08000218   0x00000000   Code   RO         9376    .ARM.Collect$$libinit$$0000001F  c_w.l(libinit2.o)
    0x08000218   0x08000218   0x00000000   Code   RO         9378    .ARM.Collect$$libinit$$00000021  c_w.l(libinit2.o)
    0x08000218   0x08000218   0x00000000   Code   RO         9380    .ARM.Collect$$libinit$$00000023  c_w.l(libinit2.o)
    0x08000218   0x08000218   0x00000000   Code   RO         9382    .ARM.Collect$$libinit$$00000025  c_w.l(libinit2.o)
    0x08000218   0x08000218   0x00000000   Code   RO         9386    .ARM.Collect$$libinit$$0000002C  c_w.l(libinit2.o)
    0x08000218   0x08000218   0x00000000   Code   RO         9388    .ARM.Collect$$libinit$$0000002E  c_w.l(libinit2.o)
    0x08000218   0x08000218   0x00000000   Code   RO         9390    .ARM.Collect$$libinit$$00000030  c_w.l(libinit2.o)
    0x08000218   0x08000218   0x00000000   Code   RO         9392    .ARM.Collect$$libinit$$00000032  c_w.l(libinit2.o)
    0x08000218   0x08000218   0x00000002   Code   RO         9393    .ARM.Collect$$libinit$$00000033  c_w.l(libinit2.o)
    0x0800021a   0x0800021a   0x00000002   Code   RO         9443    .ARM.Collect$$libshutdown$$00000000  c_w.l(libshutdown.o)
    0x0800021c   0x0800021c   0x00000000   Code   RO         9454    .ARM.Collect$$libshutdown$$00000002  c_w.l(libshutdown2.o)
    0x0800021c   0x0800021c   0x00000000   Code   RO         9456    .ARM.Collect$$libshutdown$$00000004  c_w.l(libshutdown2.o)
    0x0800021c   0x0800021c   0x00000000   Code   RO         9459    .ARM.Collect$$libshutdown$$00000007  c_w.l(libshutdown2.o)
    0x0800021c   0x0800021c   0x00000000   Code   RO         9462    .ARM.Collect$$libshutdown$$0000000A  c_w.l(libshutdown2.o)
    0x0800021c   0x0800021c   0x00000000   Code   RO         9464    .ARM.Collect$$libshutdown$$0000000C  c_w.l(libshutdown2.o)
    0x0800021c   0x0800021c   0x00000000   Code   RO         9467    .ARM.Collect$$libshutdown$$0000000F  c_w.l(libshutdown2.o)
    0x0800021c   0x0800021c   0x00000002   Code   RO         9468    .ARM.Collect$$libshutdown$$00000010  c_w.l(libshutdown2.o)
    0x0800021e   0x0800021e   0x00000000   Code   RO         9169    .ARM.Collect$$rtentry$$00000000  c_w.l(__rtentry.o)
    0x0800021e   0x0800021e   0x00000000   Code   RO         9262    .ARM.Collect$$rtentry$$00000002  c_w.l(__rtentry2.o)
    0x0800021e   0x0800021e   0x00000006   Code   RO         9274    .ARM.Collect$$rtentry$$00000004  c_w.l(__rtentry4.o)
    0x08000224   0x08000224   0x00000000   Code   RO         9264    .ARM.Collect$$rtentry$$00000009  c_w.l(__rtentry2.o)
    0x08000224   0x08000224   0x00000004   Code   RO         9265    .ARM.Collect$$rtentry$$0000000A  c_w.l(__rtentry2.o)
    0x08000228   0x08000228   0x00000000   Code   RO         9267    .ARM.Collect$$rtentry$$0000000C  c_w.l(__rtentry2.o)
    0x08000228   0x08000228   0x00000008   Code   RO         9268    .ARM.Collect$$rtentry$$0000000D  c_w.l(__rtentry2.o)
    0x08000230   0x08000230   0x00000002   Code   RO         9398    .ARM.Collect$$rtexit$$00000000  c_w.l(rtexit.o)
    0x08000232   0x08000232   0x00000000   Code   RO         9411    .ARM.Collect$$rtexit$$00000002  c_w.l(rtexit2.o)
    0x08000232   0x08000232   0x00000004   Code   RO         9412    .ARM.Collect$$rtexit$$00000003  c_w.l(rtexit2.o)
    0x08000236   0x08000236   0x00000006   Code   RO         9413    .ARM.Collect$$rtexit$$00000004  c_w.l(rtexit2.o)
    0x0800023c   0x0800023c   0x00000040   Code   RO         5157    .text               startup_stm32f40xx.o
    0x0800027c   0x0800027c   0x00000034   Code   RO         9026    .text               c_w.l(noretval__2snprintf.o)
    0x080002b0   0x080002b0   0x0000004e   Code   RO         9030    .text               c_w.l(_printf_pad.o)
    0x080002fe   0x080002fe   0x00000002   PAD
    0x08000300   0x08000300   0x00000078   Code   RO         9034    .text               c_w.l(_printf_dec.o)
    0x08000378   0x08000378   0x00000058   Code   RO         9039    .text               c_w.l(_printf_hex_int.o)
    0x080003d0   0x080003d0   0x00000188   Code   RO         9074    .text               c_w.l(__printf_flags_ss_wp.o)
    0x08000558   0x08000558   0x0000003e   Code   RO         9083    .text               c_w.l(strlen.o)
    0x08000596   0x08000596   0x0000004e   Code   RO         9093    .text               c_w.l(rt_memclr_w.o)
    0x080005e4   0x080005e4   0x00000006   Code   RO         9097    .text               c_w.l(heapauxi.o)
    0x080005ea   0x080005ea   0x000000b2   Code   RO         9174    .text               c_w.l(_printf_intcommon.o)
    0x0800069c   0x0800069c   0x00000030   Code   RO         9178    .text               c_w.l(_printf_char_common.o)
    0x080006cc   0x080006cc   0x0000000a   Code   RO         9180    .text               c_w.l(_sputc.o)
    0x080006d6   0x080006d6   0x00000010   Code   RO         9182    .text               c_w.l(_snputc.o)
    0x080006e6   0x080006e6   0x00000002   PAD
    0x080006e8   0x080006e8   0x00000008   Code   RO         9332    .text               c_w.l(libspace.o)
    0x080006f0   0x080006f0   0x0000004a   Code   RO         9335    .text               c_w.l(sys_stackheap_outer.o)
    0x0800073a   0x0800073a   0x00000012   Code   RO         9339    .text               c_w.l(exit.o)
    0x0800074c   0x0800074c   0x0000000c   Code   RO         9429    .text               c_w.l(sys_exit.o)
    0x08000758   0x08000758   0x00000002   Code   RO         9446    .text               c_w.l(use_no_semi.o)
    0x0800075a   0x0800075a   0x00000000   Code   RO         9448    .text               c_w.l(indicate_semi.o)
    0x0800075a   0x0800075a   0x00000002   PAD
    0x0800075c   0x0800075c   0x000000f4   Code   RO         5777    i.App_PMW3901_Init  app_pmw3901_task.o
    0x08000850   0x08000850   0x00000098   Code   RO         5778    i.App_PMW3901_PrintTask  app_pmw3901_task.o
    0x080008e8   0x080008e8   0x00000018   Code   RO         5779    i.App_PMW3901_RegisterTasks  app_pmw3901_task.o
    0x08000900   0x08000900   0x00000068   Code   RO         5780    i.App_PMW3901_Task  app_pmw3901_task.o
    0x08000968   0x08000968   0x00000004   Code   RO         5329    i.BusFault_Handler  stm32f4xx_it.o
    0x0800096c   0x0800096c   0x00000008   Code   RO         5330    i.DMA1_Stream0_IRQHandler  stm32f4xx_it.o
    0x08000974   0x08000974   0x00000024   Code   RO         5331    i.DMA1_Stream6_IRQHandler  stm32f4xx_it.o
    0x08000998   0x08000998   0x00000008   Code   RO         5332    i.DMA1_Stream7_IRQHandler  stm32f4xx_it.o
    0x080009a0   0x080009a0   0x00000008   Code   RO         5333    i.DMA2_Stream0_IRQHandler  stm32f4xx_it.o
    0x080009a8   0x080009a8   0x00000008   Code   RO         5334    i.DMA2_Stream3_IRQHandler  stm32f4xx_it.o
    0x080009b0   0x080009b0   0x00000024   Code   RO         5335    i.DMA2_Stream7_IRQHandler  stm32f4xx_it.o
    0x080009d4   0x080009d4   0x00000034   Code   RO         1225    i.DMA_ClearFlag     stm32f4xx_dma.o
    0x08000a08   0x08000a08   0x00000034   Code   RO         1226    i.DMA_ClearITPendingBit  stm32f4xx_dma.o
    0x08000a3c   0x08000a3c   0x00000016   Code   RO         1227    i.DMA_Cmd           stm32f4xx_dma.o
    0x08000a52   0x08000a52   0x00000002   PAD
    0x08000a54   0x08000a54   0x00000158   Code   RO         1228    i.DMA_DeInit        stm32f4xx_dma.o
    0x08000bac   0x08000bac   0x00000014   Code   RO         1232    i.DMA_GetCmdStatus  stm32f4xx_dma.o
    0x08000bc0   0x08000bc0   0x00000008   Code   RO         1233    i.DMA_GetCurrDataCounter  stm32f4xx_dma.o
    0x08000bc8   0x08000bc8   0x00000064   Code   RO         1237    i.DMA_GetITStatus   stm32f4xx_dma.o
    0x08000c2c   0x08000c2c   0x0000003a   Code   RO         1238    i.DMA_ITConfig      stm32f4xx_dma.o
    0x08000c66   0x08000c66   0x00000002   PAD
    0x08000c68   0x08000c68   0x00000058   Code   RO         1239    i.DMA_Init          stm32f4xx_dma.o
    0x08000cc0   0x08000cc0   0x00000022   Code   RO         1243    i.DMA_StructInit    stm32f4xx_dma.o
    0x08000ce2   0x08000ce2   0x00000020   Code   RO         5946    i.DMA_WaitDisable   bsp_i2c.o
    0x08000d02   0x08000d02   0x00000002   Code   RO         5336    i.DebugMon_Handler  stm32f4xx_it.o
    0x08000d04   0x08000d04   0x00000090   Code   RO         2027    i.GPIO_Init         stm32f4xx_gpio.o
    0x08000d94   0x08000d94   0x00000046   Code   RO         2028    i.GPIO_PinAFConfig  stm32f4xx_gpio.o
    0x08000dda   0x08000dda   0x00000006   Code   RO         2034    i.GPIO_ResetBits    stm32f4xx_gpio.o
    0x08000de0   0x08000de0   0x00000004   Code   RO         2035    i.GPIO_SetBits      stm32f4xx_gpio.o
    0x08000de4   0x08000de4   0x00000008   Code   RO         2037    i.GPIO_ToggleBits   stm32f4xx_gpio.o
    0x08000dec   0x08000dec   0x0000000c   Code   RO         5197    i.GetTick           bsp_timer.o
    0x08000df8   0x08000df8   0x00000004   Code   RO         5337    i.HardFault_Handler  stm32f4xx_it.o
    0x08000dfc   0x08000dfc   0x00000020   Code   RO         5947    i.I2C1_Abort        bsp_i2c.o
    0x08000e1c   0x08000e1c   0x00000080   Code   RO         5949    i.I2C1_ConfigRxDMA  bsp_i2c.o
    0x08000e9c   0x08000e9c   0x00000080   Code   RO         5950    i.I2C1_ConfigTxDMA  bsp_i2c.o
    0x08000f1c   0x08000f1c   0x00000020   Code   RO         5951    i.I2C1_DMA_ClearFlags  bsp_i2c.o
    0x08000f3c   0x08000f3c   0x0000008c   Code   RO         5952    i.I2C1_DMA_RX_ISR   bsp_i2c.o
    0x08000fc8   0x08000fc8   0x00000088   Code   RO         5953    i.I2C1_DMA_TX_ISR   bsp_i2c.o
    0x08001050   0x08001050   0x00000008   Code   RO         5338    i.I2C1_ER_IRQHandler  stm32f4xx_it.o
    0x08001058   0x08001058   0x00000028   Code   RO         5954    i.I2C1_ER_ISR       bsp_i2c.o
    0x08001080   0x08001080   0x00000008   Code   RO         5339    i.I2C1_EV_IRQHandler  stm32f4xx_it.o
    0x08001088   0x08001088   0x000001c0   Code   RO         5955    i.I2C1_EV_ISR       bsp_i2c.o
    0x08001248   0x08001248   0x00000044   Code   RO         5956    i.I2C1_Finish       bsp_i2c.o
    0x0800128c   0x0800128c   0x00000150   Code   RO         5957    i.I2C1_Init         bsp_i2c.o
    0x080013dc   0x080013dc   0x0000009c   Code   RO         5963    i.I2C1_StopAndResetPeripheral  bsp_i2c.o
    0x08001478   0x08001478   0x00000018   Code   RO         2315    i.I2C_AcknowledgeConfig  stm32f4xx_i2c.o
    0x08001490   0x08001490   0x0000000c   Code   RO         2320    i.I2C_ClearITPendingBit  stm32f4xx_i2c.o
    0x0800149c   0x0800149c   0x00000018   Code   RO         2321    i.I2C_Cmd           stm32f4xx_i2c.o
    0x080014b4   0x080014b4   0x00000018   Code   RO         2322    i.I2C_DMACmd        stm32f4xx_i2c.o
    0x080014cc   0x080014cc   0x00000018   Code   RO         2323    i.I2C_DMALastTransferCmd  stm32f4xx_i2c.o
    0x080014e4   0x080014e4   0x00000060   Code   RO         2324    i.I2C_DeInit        stm32f4xx_i2c.o
    0x08001544   0x08001544   0x00000018   Code   RO         2329    i.I2C_GenerateSTART  stm32f4xx_i2c.o
    0x0800155c   0x0800155c   0x00000018   Code   RO         2330    i.I2C_GenerateSTOP  stm32f4xx_i2c.o
    0x08001574   0x08001574   0x00000012   Code   RO         2335    i.I2C_ITConfig      stm32f4xx_i2c.o
    0x08001586   0x08001586   0x00000002   PAD
    0x08001588   0x08001588   0x000000e8   Code   RO         2336    i.I2C_Init          stm32f4xx_i2c.o
    0x08001670   0x08001670   0x00000008   Code   RO         2341    i.I2C_ReceiveData   stm32f4xx_i2c.o
    0x08001678   0x08001678   0x00000010   Code   RO         2343    i.I2C_Send7bitAddress  stm32f4xx_i2c.o
    0x08001688   0x08001688   0x00000004   Code   RO         2344    i.I2C_SendData      stm32f4xx_i2c.o
    0x0800168c   0x0800168c   0x00000016   Code   RO         2345    i.I2C_SoftwareResetCmd  stm32f4xx_i2c.o
    0x080016a2   0x080016a2   0x00000002   PAD
    0x080016a4   0x080016a4   0x0000001c   Code   RO         6187    i.K210_ClearData    k210_protocol.o
    0x080016c0   0x080016c0   0x00000008   Code   RO         6188    i.K210_GetData      k210_protocol.o
    0x080016c8   0x080016c8   0x0000000c   Code   RO         6192    i.K210_Init         k210_protocol.o
    0x080016d4   0x080016d4   0x00000138   Code   RO         6194    i.K210_ParseTask    k210_protocol.o
    0x0800180c   0x0800180c   0x00000064   Code   RO         6195    i.K210_ProcessFrame  k210_protocol.o
    0x08001870   0x08001870   0x0000000e   Code   RO         6197    i.K210_ReadInt16LE  k210_protocol.o
    0x0800187e   0x0800187e   0x00000002   PAD
    0x08001880   0x08001880   0x0000003c   Code   RO         6198    i.K210_ResetParser  k210_protocol.o
    0x080018bc   0x080018bc   0x00000034   Code   RO         6199    i.K210_UpdateTimeout  k210_protocol.o
    0x080018f0   0x080018f0   0x00000004   Code   RO         5340    i.MemManage_Handler  stm32f4xx_it.o
    0x080018f4   0x080018f4   0x00000002   Code   RO         5341    i.NMI_Handler       stm32f4xx_it.o
    0x080018f6   0x080018f6   0x00000002   PAD
    0x080018f8   0x080018f8   0x00000078   Code   RO          148    i.NVIC_Init         misc.o
    0x08001970   0x08001970   0x00000014   Code   RO          149    i.NVIC_PriorityGroupConfig  misc.o
    0x08001984   0x08001984   0x00000014   Code   RO         6802    i.PMW3901_DMA_DoneCallback  pmw3901.o
    0x08001998   0x08001998   0x00000012   Code   RO         6803    i.PMW3901_DelayCycle  pmw3901.o
    0x080019aa   0x080019aa   0x00000018   Code   RO         6804    i.PMW3901_DelayMs_Blocking  pmw3901.o
    0x080019c2   0x080019c2   0x00000016   Code   RO         6805    i.PMW3901_DelayUs   pmw3901.o
    0x080019d8   0x080019d8   0x00000044   Code   RO         6806    i.PMW3901_GPIO_Init  pmw3901.o
    0x08001a1c   0x08001a1c   0x00000020   Code   RO         6807    i.PMW3901_GetAsyncRaw  pmw3901.o
    0x08001a3c   0x08001a3c   0x0000007c   Code   RO         6808    i.PMW3901_Init      pmw3901.o
    0x08001ab8   0x08001ab8   0x00000024   Code   RO         6809    i.PMW3901_IsBusy    pmw3901.o
    0x08001adc   0x08001adc   0x0000013a   Code   RO         6810    i.PMW3901_LoadInitRegisters  pmw3901.o
    0x08001c16   0x08001c16   0x00000052   Code   RO         6811    i.PMW3901_ParseBurst  pmw3901.o
    0x08001c68   0x08001c68   0x00000024   Code   RO         6812    i.PMW3901_RawAllFF  pmw3901.o
    0x08001c8c   0x08001c8c   0x0000000a   Code   RO         6813    i.PMW3901_ReadID    pmw3901.o
    0x08001c96   0x08001c96   0x00000002   PAD
    0x08001c98   0x08001c98   0x000000b8   Code   RO         6816    i.PMW3901_ReadMotion_Async  pmw3901.o
    0x08001d50   0x08001d50   0x00000020   Code   RO         6817    i.PMW3901_ReadMotion_IsDone  pmw3901.o
    0x08001d70   0x08001d70   0x00000040   Code   RO         6818    i.PMW3901_ReadReg   pmw3901.o
    0x08001db0   0x08001db0   0x0000000a   Code   RO         6819    i.PMW3901_ReadRevisionID  pmw3901.o
    0x08001dba   0x08001dba   0x00000002   PAD
    0x08001dbc   0x08001dbc   0x00000170   Code   RO         6820    i.PMW3901_Task      pmw3901.o
    0x08001f2c   0x08001f2c   0x00000038   Code   RO         6821    i.PMW3901_WriteReg  pmw3901.o
    0x08001f64   0x08001f64   0x00000002   Code   RO         5342    i.PendSV_Handler    stm32f4xx_it.o
    0x08001f66   0x08001f66   0x00000002   PAD
    0x08001f68   0x08001f68   0x00000020   Code   RO         2953    i.RCC_AHB1PeriphClockCmd  stm32f4xx_rcc.o
    0x08001f88   0x08001f88   0x00000020   Code   RO         2962    i.RCC_APB1PeriphClockCmd  stm32f4xx_rcc.o
    0x08001fa8   0x08001fa8   0x00000020   Code   RO         2964    i.RCC_APB1PeriphResetCmd  stm32f4xx_rcc.o
    0x08001fc8   0x08001fc8   0x00000020   Code   RO         2965    i.RCC_APB2PeriphClockCmd  stm32f4xx_rcc.o
    0x08001fe8   0x08001fe8   0x00000020   Code   RO         2967    i.RCC_APB2PeriphResetCmd  stm32f4xx_rcc.o
    0x08002008   0x08002008   0x000000e8   Code   RO         2974    i.RCC_GetClocksFreq  stm32f4xx_rcc.o
    0x080020f0   0x080020f0   0x00000078   Code   RO         6110    i.SPI1_DMA_IRQHandler_RX  bsp_spi.o
    0x08002168   0x08002168   0x00000044   Code   RO         6111    i.SPI1_DMA_IRQHandler_TX  bsp_spi.o
    0x080021ac   0x080021ac   0x000000fc   Code   RO         6112    i.SPI1_DMA_Init     bsp_spi.o
    0x080022a8   0x080022a8   0x00000074   Code   RO         6113    i.SPI1_FinishFromISR  bsp_spi.o
    0x0800231c   0x0800231c   0x000000e0   Code   RO         6114    i.SPI1_Init         bsp_spi.o
    0x080023fc   0x080023fc   0x0000000c   Code   RO         6115    i.SPI1_IsBusy       bsp_spi.o
    0x08002408   0x08002408   0x00000016   Code   RO         6116    i.SPI1_ReadWriteByte  bsp_spi.o
    0x0800241e   0x0800241e   0x00000002   PAD
    0x08002420   0x08002420   0x000001d0   Code   RO         6117    i.SPI1_TransferAsync_DMA  bsp_spi.o
    0x080025f0   0x080025f0   0x00000058   Code   RO         6118    i.SPI1_TransferByte  bsp_spi.o
    0x08002648   0x08002648   0x00000024   Code   RO         6119    i.SPI1_WaitDisable  bsp_spi.o
    0x0800266c   0x0800266c   0x00000018   Code   RO         4111    i.SPI_Cmd           stm32f4xx_spi.o
    0x08002684   0x08002684   0x00000012   Code   RO         4117    i.SPI_I2S_DMACmd    stm32f4xx_spi.o
    0x08002696   0x08002696   0x00000002   PAD
    0x08002698   0x08002698   0x000000b0   Code   RO         4118    i.SPI_I2S_DeInit    stm32f4xx_spi.o
    0x08002748   0x08002748   0x00000012   Code   RO         4119    i.SPI_I2S_GetFlagStatus  stm32f4xx_spi.o
    0x0800275a   0x0800275a   0x00000006   Code   RO         4122    i.SPI_I2S_ReceiveData  stm32f4xx_spi.o
    0x08002760   0x08002760   0x00000004   Code   RO         4123    i.SPI_I2S_SendData  stm32f4xx_spi.o
    0x08002764   0x08002764   0x0000003c   Code   RO         4124    i.SPI_Init          stm32f4xx_spi.o
    0x080027a0   0x080027a0   0x0000001e   Code   RO         4125    i.SPI_NSSInternalSoftwareConfig  stm32f4xx_spi.o
    0x080027be   0x080027be   0x00000002   Code   RO         5343    i.SVC_Handler       stm32f4xx_it.o
    0x080027c0   0x080027c0   0x000000ec   Code   RO            4    i.SetSysClock       system_stm32f4xx.o
    0x080028ac   0x080028ac   0x00000010   Code   RO         5344    i.SysTick_Handler   stm32f4xx_it.o
    0x080028bc   0x080028bc   0x00000068   Code   RO            6    i.SystemInit        system_stm32f4xx.o
    0x08002924   0x08002924   0x00000058   Code   RO         5837    i.UART1_GetChar     bsp_uart.o
    0x0800297c   0x0800297c   0x0000018c   Code   RO         5838    i.UART1_Init        bsp_uart.o
    0x08002b08   0x08002b08   0x00000058   Code   RO         5839    i.UART1_RX_IdleCallback  bsp_uart.o
    0x08002b60   0x08002b60   0x00000078   Code   RO         5840    i.UART1_SendData_NonBlocking  bsp_uart.o
    0x08002bd8   0x08002bd8   0x00000044   Code   RO         5841    i.UART1_TX_DMACallback  bsp_uart.o
    0x08002c1c   0x08002c1c   0x000000b4   Code   RO         5842    i.UART1_TxStart     bsp_uart.o
    0x08002cd0   0x08002cd0   0x00000058   Code   RO         5844    i.UART2_GetChar     bsp_uart.o
    0x08002d28   0x08002d28   0x000001a4   Code   RO         5845    i.UART2_Init        bsp_uart.o
    0x08002ecc   0x08002ecc   0x00000070   Code   RO         5846    i.UART2_RX_IdleCallback  bsp_uart.o
    0x08002f3c   0x08002f3c   0x00000044   Code   RO         5848    i.UART2_TX_DMACallback  bsp_uart.o
    0x08002f80   0x08002f80   0x000000c4   Code   RO         5849    i.UART2_TxStart     bsp_uart.o
    0x08003044   0x08003044   0x00000074   Code   RO         5345    i.USART1_IRQHandler  stm32f4xx_it.o
    0x080030b8   0x080030b8   0x0000005c   Code   RO         5346    i.USART2_IRQHandler  stm32f4xx_it.o
    0x08003114   0x08003114   0x00000018   Code   RO         4903    i.USART_Cmd         stm32f4xx_usart.o
    0x0800312c   0x0800312c   0x00000012   Code   RO         4904    i.USART_DMACmd      stm32f4xx_usart.o
    0x0800313e   0x0800313e   0x00000054   Code   RO         4907    i.USART_GetITStatus  stm32f4xx_usart.o
    0x08003192   0x08003192   0x0000004a   Code   RO         4909    i.USART_ITConfig    stm32f4xx_usart.o
    0x080031dc   0x080031dc   0x000000d4   Code   RO         4910    i.USART_Init        stm32f4xx_usart.o
    0x080032b0   0x080032b0   0x00000004   Code   RO         5347    i.UsageFault_Handler  stm32f4xx_it.o
    0x080032b4   0x080032b4   0x0000000e   Code   RO         9067    i._is_digit         c_w.l(__printf_wp.o)
    0x080032c2   0x080032c2   0x00000002   PAD
    0x080032c4   0x080032c4   0x00000034   Code   RO         5469    i.led_init          bsp_led.o
    0x080032f8   0x080032f8   0x000000cc   Code   RO         5230    i.main              main.o
    0x080033c4   0x080033c4   0x00000048   Code   RO         5504    i.scheduler_register  task_scheduler.o
    0x0800340c   0x0800340c   0x00000048   Code   RO         5505    i.scheduler_run     task_scheduler.o
    0x08003454   0x08003454   0x000000bc   Code   RO         5231    i.task_debug_print  main.o
    0x08003510   0x08003510   0x00000018   Code   RO         5232    i.task_echo1        main.o
    0x08003528   0x08003528   0x00000008   Code   RO         5233    i.task_echo2        main.o
    0x08003530   0x08003530   0x00000014   Code   RO         5470    i.task_led_blink    bsp_led.o
    0x08003544   0x08003544   0x0000000a   Code   RO         9406    x$fpl$fpinit        fz_wm.l(fpinit.o)
    0x0800354e   0x0800354e   0x00000028   Data   RO         9040    .constdata          c_w.l(_printf_hex_int.o)
    0x08003576   0x08003576   0x00000011   Data   RO         9075    .constdata          c_w.l(__printf_flags_ss_wp.o)
    0x08003587   0x08003587   0x00000001   PAD
    0x08003588   0x08003588   0x00000077   Data   RO         5782    .conststring        app_pmw3901_task.o
    0x080035ff   0x080035ff   0x00000001   PAD
    0x08003600   0x08003600   0x00000020   Data   RO         9483    Region$$Table       anon$$obj.o


    Execution Region RW_IRAM2 (Exec base: 0x10000000, Load base: 0x080036dc, Size: 0x00000000, Max: 0x00010000, ABSOLUTE)

    **** No section assigned to this execution region ****


    Execution Region RW_IRAM1 (Exec base: 0x20000000, Load base: 0x08003620, Size: 0x00000ff8, Max: 0x00020000, ABSOLUTE)

    Exec Addr    Load Addr    Size         Type   Attr      Idx    E Section Name        Object

    0x20000000   0x08003620   0x00000014   Data   RW            7    .data               system_stm32f4xx.o
    0x20000014   0x08003634   0x00000010   Data   RW         3006    .data               stm32f4xx_rcc.o
    0x20000024   0x08003644   0x00000004   Data   RW         5200    .data               bsp_timer.o
    0x20000028   0x08003648   0x00000034   Data   RW         5234    .data               main.o
    0x2000005c   0x0800367c   0x00000001   Data   RW         5507    .data               task_scheduler.o
    0x2000005d   0x0800367d   0x00000003   PAD
    0x20000060   0x08003680   0x00000020   Data   RW         5783    .data               app_pmw3901_task.o
    0x20000080   0x080036a0   0x00000012   Data   RW         5851    .data               bsp_uart.o
    0x20000092   0x080036b2   0x00000002   PAD
    0x20000094   0x080036b4   0x0000000c   Data   RW         6120    .data               bsp_spi.o
    0x200000a0   0x080036c0   0x00000005   Data   RW         6201    .data               k210_protocol.o
    0x200000a5   0x080036c5   0x00000003   PAD
    0x200000a8   0x080036c8   0x00000014   Data   RW         6823    .data               pmw3901.o
    0x200000bc        -       0x00000040   Zero   RW         5506    .bss                task_scheduler.o
    0x200000fc        -       0x00000020   Zero   RW         5781    .bss                app_pmw3901_task.o
    0x2000011c        -       0x0000080c   Zero   RW         5850    .bss                bsp_uart.o
    0x20000928        -       0x00000034   Zero   RW         5970    .bss                bsp_i2c.o
    0x2000095c        -       0x00000020   Zero   RW         6200    .bss                k210_protocol.o
    0x2000097c        -       0x00000018   Zero   RW         6822    .bss                pmw3901.o
    0x20000994        -       0x00000060   Zero   RW         9333    .bss                c_w.l(libspace.o)
    0x200009f4   0x080036dc   0x00000004   PAD
    0x200009f8        -       0x00000200   Zero   RW         5155    HEAP                startup_stm32f40xx.o
    0x20000bf8        -       0x00000400   Zero   RW         5154    STACK               startup_stm32f40xx.o


==============================================================================

Image component sizes


      Code (inc. data)   RO Data    RW Data    ZI Data      Debug   Object Name

       524        162        119         32         32       3158   app_pmw3901_task.o
      1676        166          0          0         52       9924   bsp_i2c.o
        72         10          0          0          0        944   bsp_led.o
      1402        158          0         12          0       7518   bsp_spi.o
        12          6          0          4          0       1205   bsp_timer.o
      1824        190          0         18       2060       8450   bsp_uart.o
       586         72          0          5         32       5481   k210_protocol.o
       424        104          0         52          0      31711   main.o
       140         24          0          0          0       1631   misc.o
      1500        130          0         20         24      12371   pmw3901.o
        64         26        392          0       1536        900   startup_stm32f40xx.o
       778         72          0          0          0       7784   stm32f4xx_dma.o
       232          0          0          0          0       3597   stm32f4xx_gpio.o
       552         28          0          0          0       9096   stm32f4xx_i2c.o
       368         54          0          0          0       8864   stm32f4xx_it.o
       392         48          0         16          0       6021   stm32f4xx_rcc.o
       336         24          0          0          0       5580   stm32f4xx_spi.o
       412          8          0          0          0       4461   stm32f4xx_usart.o
       340         32          0         20          0     302913   system_stm32f4xx.o
       144         16          0          1         64       2101   task_scheduler.o

    ----------------------------------------------------------------------
     11800       1330        544        188       3800     433710   Object Totals
         0          0         32          0          0          0   (incl. Generated)
        22          0          1          8          0          0   (incl. Padding)

    ----------------------------------------------------------------------

      Code (inc. data)   RO Data    RW Data    ZI Data      Debug   Library Member Name

         8          0          0          0          0         68   __main.o
       392          4         17          0          0         92   __printf_flags_ss_wp.o
        14          0          0          0          0         68   __printf_wp.o
         0          0          0          0          0          0   __rtentry.o
        12          0          0          0          0          0   __rtentry2.o
         6          0          0          0          0          0   __rtentry4.o
        52          8          0          0          0          0   __scatter.o
        26          0          0          0          0          0   __scatter_copy.o
        28          0          0          0          0          0   __scatter_zi.o
        48          6          0          0          0         96   _printf_char_common.o
         6          0          0          0          0          0   _printf_d.o
       120         16          0          0          0         92   _printf_dec.o
        88          4         40          0          0         88   _printf_hex_int.o
       178          0          0          0          0         88   _printf_intcommon.o
        78          0          0          0          0        108   _printf_pad.o
         0          0          0          0          0          0   _printf_percent.o
         4          0          0          0          0          0   _printf_percent_end.o
         6          0          0          0          0          0   _printf_u.o
         6          0          0          0          0          0   _printf_x.o
        16          0          0          0          0         68   _snputc.o
        10          0          0          0          0         68   _sputc.o
        18          0          0          0          0         80   exit.o
         6          0          0          0          0        152   heapauxi.o
         0          0          0          0          0          0   indicate_semi.o
         2          0          0          0          0          0   libinit.o
         6          0          0          0          0          0   libinit2.o
         2          0          0          0          0          0   libshutdown.o
         2          0          0          0          0          0   libshutdown2.o
         8          4          0          0         96         68   libspace.o
        52          4          0          0          0         84   noretval__2snprintf.o
        78          0          0          0          0         80   rt_memclr_w.o
         2          0          0          0          0          0   rtexit.o
        10          0          0          0          0          0   rtexit2.o
        62          0          0          0          0         76   strlen.o
        12          4          0          0          0         68   sys_exit.o
        74          0          0          0          0         80   sys_stackheap_outer.o
         2          0          0          0          0         68   use_no_semi.o
        10          0          0          0          0        116   fpinit.o

    ----------------------------------------------------------------------
      1454         50         58          0        100       1708   Library Totals
        10          0          1          0          4          0   (incl. Padding)

    ----------------------------------------------------------------------

      Code (inc. data)   RO Data    RW Data    ZI Data      Debug   Library Name

      1434         50         57          0         96       1592   c_w.l
        10          0          0          0          0        116   fz_wm.l

    ----------------------------------------------------------------------
      1454         50         58          0        100       1708   Library Totals

    ----------------------------------------------------------------------

==============================================================================


      Code (inc. data)   RO Data    RW Data    ZI Data      Debug   

     13254       1380        602        188       3900     420938   Grand Totals
     13254       1380        602        188       3900     420938   ELF Image Totals
     13254       1380        602        188          0          0   ROM Totals

==============================================================================

    Total RO  Size (Code + RO Data)                13856 (  13.53kB)
    Total RW  Size (RW Data + ZI Data)              4088 (   3.99kB)
    Total ROM Size (Code + RO Data + RW Data)      14044 (  13.71kB)

==============================================================================

